Job ID : 23628017
Node   : tcn378
Auditing 993 stations with 64 workers...

Comprehensive zarr audit — 993 stations
============================================================
  OK        : 993
  WARN      : 0
  CRITICAL  : 0

Modality presence:
  has_s2          : 993/993
  has_s1_asc      : 990/993
  has_s1_desc     : 906/993
  has_cm          : 993/993
  has_dem         : 993/993
  has_lulc        : 993/993
  has_soil        : 993/993
  has_era5        : 993/993
  has_sif         : 990/993
  has_twsa        : 845/993
  has_labels_sm   : 890/993
  has_labels_le   : 151/993

Cloud mask coverage (stations with S2, n=993):
  Mean cm coverage : 100.00%
  Min  cm coverage : 100.00%
  Stations < 95.0% cm coverage: 0

Stations with missing-year gaps (required modalities):

Per-modality satellite gaps (informational only):
  s2_missing_years        : 82 stations
  s1_asc_missing_years    : 278 stations
  s1_desc_missing_years   : 478 stations
  cm_missing_years        : 82 stations

SIF/TWSA (informational only):
  has_sif  : 990/993
  has_twsa : 845/993
  sif_missing_years gaps  : 732 stations
  twsa_missing_years gaps : 328 stations

CRITICAL stations (0):

WARN stations (0):

Detailed results → /gpfs/work3/0/prjs1968/soilMoisture/csvs/audit_zarr_complete.csv
Summary          → /gpfs/work3/0/prjs1968/soilMoisture/text/audit_zarr_complete_summary.txt
Done.
