Job ID: 23712838
Node:   tcn140
Building dataset (train)...
Dataset: 1174334 samples from 584 stations
Dataset ready: 1174334 samples
Checking 2000 random samples with 64 DataLoader workers...

  100/2000 checked  errors so far: 0
  200/2000 checked  errors so far: 0
  300/2000 checked  errors so far: 0
  400/2000 checked  errors so far: 0
  500/2000 checked  errors so far: 0
  600/2000 checked  errors so far: 0
  700/2000 checked  errors so far: 0
  800/2000 checked  errors so far: 0
  900/2000 checked  errors so far: 0
  1000/2000 checked  errors so far: 0
  1100/2000 checked  errors so far: 0
  1200/2000 checked  errors so far: 0
  1300/2000 checked  errors so far: 0
  1400/2000 checked  errors so far: 0
  1500/2000 checked  errors so far: 0
  1600/2000 checked  errors so far: 0
  1700/2000 checked  errors so far: 0
  1800/2000 checked  errors so far: 0
  1900/2000 checked  errors so far: 0
  2000/2000 checked  errors so far: 0

============================================================
Split           : train
Samples checked : 2000
Label all-NaN   : 0  (no SM obs that day — fine)
Label has obs   : 2000
Total errors    : 0

train PASSED — clean.

Building dataset (val)...
Dataset: 143436 samples from 74 stations
Dataset ready: 143436 samples
Checking 2000 random samples with 64 DataLoader workers...

  100/2000 checked  errors so far: 0
  200/2000 checked  errors so far: 0
  300/2000 checked  errors so far: 0
  400/2000 checked  errors so far: 0
  500/2000 checked  errors so far: 0
  600/2000 checked  errors so far: 0
  700/2000 checked  errors so far: 0
  800/2000 checked  errors so far: 0
  900/2000 checked  errors so far: 0
  1000/2000 checked  errors so far: 0
  1100/2000 checked  errors so far: 0
  1200/2000 checked  errors so far: 0
  1300/2000 checked  errors so far: 0
  1400/2000 checked  errors so far: 0
  1500/2000 checked  errors so far: 0
  1600/2000 checked  errors so far: 0
  1700/2000 checked  errors so far: 0
  1800/2000 checked  errors so far: 0
  1900/2000 checked  errors so far: 0
  2000/2000 checked  errors so far: 0

============================================================
Split           : val
Samples checked : 2000
Label all-NaN   : 0  (no SM obs that day — fine)
Label has obs   : 2000
Total errors    : 0

val PASSED — clean.

============================================================
OVERALL: All samples PASSED — dataset is clean.
