Job ID : 23707948
Node   : tcn473
Started: Fri Jun 12 09:12:20 CEST 2026
Total bad acquisitions checked: 571
  -> should DISCARD (>50% masked):  0
  -> should KEEP+MASK (<=50%):       571

ISMN_Berlin_PSA4Heerstrasse s1_desc 20210526: overall_nodata=13.211% masked_tokens=33/196 (16.8%) -> KEEP+MASK(<=50%)
ISMN_Berlin_PSA4Heerstrasse s1_desc 20210607: overall_nodata=13.632% masked_tokens=34/196 (17.3%) -> KEEP+MASK(<=50%)
ISMN_Berlin_PSA4Heerstrasse s1_desc 20210619: overall_nodata=13.050% masked_tokens=33/196 (16.8%) -> KEEP+MASK(<=50%)
ISMN_Berlin_PSA4Heerstrasse s1_desc 20210701: overall_nodata=12.998% masked_tokens=33/196 (16.8%) -> KEEP+MASK(<=50%)
ISMN_Berlin_PSA4Heerstrasse s1_desc 20210713: overall_nodata=13.746% masked_tokens=34/196 (17.3%) -> KEEP+MASK(<=50%)
ISMN_Berlin_PSA4Heerstrasse s1_desc 20210725: overall_nodata=13.504% masked_tokens=34/196 (17.3%) -> KEEP+MASK(<=50%)
ISMN_Berlin_PSA4Heerstrasse s1_desc 20210806: overall_nodata=13.644% masked_tokens=34/196 (17.3%) -> KEEP+MASK(<=50%)
ISMN_Berlin_PSA4Heerstrasse s1_desc 20210818: overall_nodata=13.783% masked_tokens=34/196 (17.3%) -> KEEP+MASK(<=50%)
ISMN_Berlin_PSA4Heerstrasse s1_desc 20210830: overall_nodata=13.616% masked_tokens=34/196 (17.3%) -> KEEP+MASK(<=50%)
ISMN_Berlin_PSA4Heerstrasse s1_desc 20210911: overall_nodata=13.620% masked_tokens=34/196 (17.3%) -> KEEP+MASK(<=50%)
ISMN_Berlin_PSA4Heerstrasse s1_desc 20210923: overall_nodata=13.363% masked_tokens=33/196 (16.8%) -> KEEP+MASK(<=50%)
ISMN_Berlin_PSA4Heerstrasse s1_desc 20211005: overall_nodata=13.779% masked_tokens=34/196 (17.3%) -> KEEP+MASK(<=50%)
ISMN_Berlin_PSA4Heerstrasse s1_desc 20211017: overall_nodata=12.747% masked_tokens=32/196 (16.3%) -> KEEP+MASK(<=50%)
ISMN_Berlin_PSA4Heerstrasse s1_desc 20211029: overall_nodata=11.950% masked_tokens=30/196 (15.3%) -> KEEP+MASK(<=50%)
ISMN_Berlin_PSA4Heerstrasse s1_desc 20211110: overall_nodata=11.599% masked_tokens=30/196 (15.3%) -> KEEP+MASK(<=50%)
ISMN_COSMOS-UK_BickleyHall s1_desc 20190204: overall_nodata=3.350% masked_tokens=12/196 (6.1%) -> KEEP+MASK(<=50%)
ISMN_COSMOS-UK_BickleyHall s1_desc 20190703: overall_nodata=42.552% masked_tokens=91/196 (46.4%) -> KEEP+MASK(<=50%)
ISMN_COSMOS-UK_BickleyHall s1_desc 20190913: overall_nodata=26.724% masked_tokens=60/196 (30.6%) -> KEEP+MASK(<=50%)
ISMN_COSMOS-UK_BickleyHall s1_desc 20191106: overall_nodata=12.291% masked_tokens=32/196 (16.3%) -> KEEP+MASK(<=50%)
ISMN_COSMOS-UK_BickleyHall s1_desc 20191230: overall_nodata=1.226% masked_tokens=5/196 (2.6%) -> KEEP+MASK(<=50%)
ISMN_COSMOS-UK_BickleyHall s1_desc 20200105: overall_nodata=2.966% masked_tokens=11/196 (5.6%) -> KEEP+MASK(<=50%)
ISMN_COSMOS-UK_BickleyHall s1_desc 20200204: overall_nodata=37.257% masked_tokens=81/196 (41.3%) -> KEEP+MASK(<=50%)
ISMN_COSMOS-UK_BickleyHall s1_desc 20200210: overall_nodata=7.597% masked_tokens=22/196 (11.2%) -> KEEP+MASK(<=50%)
ISMN_COSMOS-UK_BickleyHall s1_desc 20200410: overall_nodata=0.030% masked_tokens=1/196 (0.5%) -> KEEP+MASK(<=50%)
ISMN_COSMOS-UK_HartwoodHome s1_desc 20190603: overall_nodata=1.431% masked_tokens=51/196 (26.0%) -> KEEP+MASK(<=50%)
ISMN_COSMOS-UK_Sheepdrove s1_desc 20190523: overall_nodata=39.561% masked_tokens=84/196 (42.9%) -> KEEP+MASK(<=50%)
ISMN_FMI_SOD012 s1_desc 20210621: overall_nodata=2.772% masked_tokens=10/196 (5.1%) -> KEEP+MASK(<=50%)
ISMN_FMI_SOD012 s1_desc 20210727: overall_nodata=2.635% masked_tokens=10/196 (5.1%) -> KEEP+MASK(<=50%)
ISMN_FMI_SOD012 s1_desc 20210808: overall_nodata=2.673% masked_tokens=10/196 (5.1%) -> KEEP+MASK(<=50%)
ISMN_FMI_SOD012 s1_desc 20210901: overall_nodata=2.671% masked_tokens=10/196 (5.1%) -> KEEP+MASK(<=50%)
ISMN_FMI_SOD012 s1_desc 20210913: overall_nodata=2.748% masked_tokens=10/196 (5.1%) -> KEEP+MASK(<=50%)
ISMN_FMI_SOD012 s1_desc 20210925: overall_nodata=2.848% masked_tokens=10/196 (5.1%) -> KEEP+MASK(<=50%)
ISMN_FMI_SOD012 s1_desc 20211007: overall_nodata=2.615% masked_tokens=9/196 (4.6%) -> KEEP+MASK(<=50%)
ISMN_FMI_SOD012 s1_desc 20211019: overall_nodata=2.675% masked_tokens=10/196 (5.1%) -> KEEP+MASK(<=50%)
ISMN_FMI_SOD012 s1_desc 20211112: overall_nodata=2.473% masked_tokens=8/196 (4.1%) -> KEEP+MASK(<=50%)
ISMN_FMI_SOD012 s1_desc 20250425: overall_nodata=22.024% masked_tokens=51/196 (26.0%) -> KEEP+MASK(<=50%)
ISMN_FMI_SOD130 s1_asc 20161001: overall_nodata=5.658% masked_tokens=18/196 (9.2%) -> KEEP+MASK(<=50%)
ISMN_FMI_SOD130 s1_desc 20170601: overall_nodata=32.272% masked_tokens=71/196 (36.2%) -> KEEP+MASK(<=50%)
ISMN_FMI_SOD130 s1_desc 20170613: overall_nodata=31.196% masked_tokens=68/196 (34.7%) -> KEEP+MASK(<=50%)
ISMN_FMI_SOD130 s1_desc 20170625: overall_nodata=31.180% masked_tokens=68/196 (34.7%) -> KEEP+MASK(<=50%)
ISMN_FMI_SOD130 s1_desc 20170707: overall_nodata=31.037% masked_tokens=68/196 (34.7%) -> KEEP+MASK(<=50%)
ISMN_FMI_SOD130 s1_desc 20170719: overall_nodata=30.654% masked_tokens=67/196 (34.2%) -> KEEP+MASK(<=50%)
ISMN_FMI_SOD130 s1_desc 20170731: overall_nodata=31.013% masked_tokens=68/196 (34.7%) -> KEEP+MASK(<=50%)
ISMN_FMI_SOD130 s1_desc 20170812: overall_nodata=30.792% masked_tokens=68/196 (34.7%) -> KEEP+MASK(<=50%)
ISMN_FMI_SOD130 s1_desc 20170824: overall_nodata=30.397% masked_tokens=67/196 (34.2%) -> KEEP+MASK(<=50%)
ISMN_FMI_SOD130 s1_desc 20170905: overall_nodata=30.509% masked_tokens=67/196 (34.2%) -> KEEP+MASK(<=50%)
ISMN_FMI_SOD130 s1_desc 20170917: overall_nodata=30.200% masked_tokens=67/196 (34.2%) -> KEEP+MASK(<=50%)
ISMN_FMI_SOD130 s1_desc 20170929: overall_nodata=30.287% masked_tokens=67/196 (34.2%) -> KEEP+MASK(<=50%)
ISMN_FMI_SOD130 s1_desc 20171011: overall_nodata=31.019% masked_tokens=68/196 (34.7%) -> KEEP+MASK(<=50%)
ISMN_FMI_SOD130 s1_desc 20171023: overall_nodata=30.885% masked_tokens=68/196 (34.7%) -> KEEP+MASK(<=50%)
ISMN_FMI_SOD130 s1_desc 20171104: overall_nodata=30.989% masked_tokens=68/196 (34.7%) -> KEEP+MASK(<=50%)
ISMN_FMI_SOD130 s1_desc 20171116: overall_nodata=31.342% masked_tokens=69/196 (35.2%) -> KEEP+MASK(<=50%)
ISMN_FMI_SOD130 s1_desc 20180527: overall_nodata=31.216% masked_tokens=68/196 (34.7%) -> KEEP+MASK(<=50%)
ISMN_FMI_SOD130 s1_desc 20180608: overall_nodata=31.575% masked_tokens=69/196 (35.2%) -> KEEP+MASK(<=50%)
ISMN_FMI_SOD130 s1_desc 20180620: overall_nodata=31.676% masked_tokens=70/196 (35.7%) -> KEEP+MASK(<=50%)
ISMN_FMI_SOD130 s1_desc 20180702: overall_nodata=30.975% masked_tokens=68/196 (34.7%) -> KEEP+MASK(<=50%)
ISMN_FMI_SOD130 s1_desc 20180714: overall_nodata=31.378% masked_tokens=69/196 (35.2%) -> KEEP+MASK(<=50%)
ISMN_FMI_SOD130 s1_desc 20180807: overall_nodata=31.162% masked_tokens=68/196 (34.7%) -> KEEP+MASK(<=50%)
ISMN_FMI_SOD130 s1_desc 20180819: overall_nodata=30.509% masked_tokens=67/196 (34.2%) -> KEEP+MASK(<=50%)
ISMN_FMI_SOD130 s1_desc 20180831: overall_nodata=30.895% masked_tokens=68/196 (34.7%) -> KEEP+MASK(<=50%)
ISMN_FMI_SOD130 s1_desc 20180924: overall_nodata=30.668% masked_tokens=67/196 (34.2%) -> KEEP+MASK(<=50%)
ISMN_FMI_SOD130 s1_desc 20181006: overall_nodata=30.730% masked_tokens=68/196 (34.7%) -> KEEP+MASK(<=50%)
ISMN_FMI_SOD130 s1_desc 20181018: overall_nodata=31.218% masked_tokens=68/196 (34.7%) -> KEEP+MASK(<=50%)
ISMN_FMI_SOD130 s1_desc 20181030: overall_nodata=30.824% masked_tokens=68/196 (34.7%) -> KEEP+MASK(<=50%)
ISMN_FMI_SOD130 s1_desc 20181111: overall_nodata=31.258% masked_tokens=68/196 (34.7%) -> KEEP+MASK(<=50%)
ISMN_FMI_SOD130 s1_desc 20190522: overall_nodata=31.535% masked_tokens=69/196 (35.2%) -> KEEP+MASK(<=50%)
ISMN_FMI_SOD130 s1_desc 20190603: overall_nodata=31.358% masked_tokens=69/196 (35.2%) -> KEEP+MASK(<=50%)
ISMN_FMI_SOD130 s1_desc 20190615: overall_nodata=31.238% masked_tokens=68/196 (34.7%) -> KEEP+MASK(<=50%)
ISMN_FMI_SOD130 s1_desc 20190627: overall_nodata=31.340% masked_tokens=69/196 (35.2%) -> KEEP+MASK(<=50%)
ISMN_FMI_SOD130 s1_desc 20190709: overall_nodata=30.887% masked_tokens=68/196 (34.7%) -> KEEP+MASK(<=50%)
ISMN_FMI_SOD130 s1_desc 20190721: overall_nodata=30.816% masked_tokens=68/196 (34.7%) -> KEEP+MASK(<=50%)
ISMN_FMI_SOD130 s1_desc 20190802: overall_nodata=30.931% masked_tokens=68/196 (34.7%) -> KEEP+MASK(<=50%)
ISMN_FMI_SOD130 s1_desc 20190814: overall_nodata=30.688% masked_tokens=68/196 (34.7%) -> KEEP+MASK(<=50%)
ISMN_FMI_SOD130 s1_desc 20190826: overall_nodata=30.702% masked_tokens=68/196 (34.7%) -> KEEP+MASK(<=50%)
ISMN_FMI_SOD130 s1_desc 20190907: overall_nodata=30.754% masked_tokens=68/196 (34.7%) -> KEEP+MASK(<=50%)
ISMN_FMI_SOD130 s1_desc 20190919: overall_nodata=30.804% masked_tokens=68/196 (34.7%) -> KEEP+MASK(<=50%)
ISMN_FMI_SOD130 s1_desc 20191001: overall_nodata=30.072% masked_tokens=67/196 (34.2%) -> KEEP+MASK(<=50%)
ISMN_FMI_SOD130 s1_desc 20191013: overall_nodata=31.230% masked_tokens=68/196 (34.7%) -> KEEP+MASK(<=50%)
ISMN_FMI_SOD130 s1_desc 20191025: overall_nodata=31.248% masked_tokens=68/196 (34.7%) -> KEEP+MASK(<=50%)
ISMN_REMEDHUS_LasVacas s1_desc 20180516: overall_nodata=8.560% masked_tokens=24/196 (12.2%) -> KEEP+MASK(<=50%)
ISMN_ROMPS_GolubinGlacier s1_desc 20250511: overall_nodata=0.016% masked_tokens=1/196 (0.5%) -> KEEP+MASK(<=50%)
ISMN_RSMN_Alexandria s1_desc 20170926: overall_nodata=5.355% masked_tokens=16/196 (8.2%) -> KEEP+MASK(<=50%)
ISMN_SCAN_LyeBrook s1_asc 20250922: overall_nodata=7.270% masked_tokens=21/196 (10.7%) -> KEEP+MASK(<=50%)
ISMN_SCAN_LyeBrook s1_asc 20251016: overall_nodata=7.836% masked_tokens=23/196 (11.7%) -> KEEP+MASK(<=50%)
ISMN_SCAN_LyeBrook s1_asc 20251109: overall_nodata=7.739% masked_tokens=22/196 (11.2%) -> KEEP+MASK(<=50%)
ISMN_SCAN_LyeBrook s1_asc 20251203: overall_nodata=6.708% masked_tokens=20/196 (10.2%) -> KEEP+MASK(<=50%)
ISMN_SCAN_LyeBrook s1_asc 20251227: overall_nodata=6.686% masked_tokens=20/196 (10.2%) -> KEEP+MASK(<=50%)
ISMN_SCAN_MonoclineRidge s1_desc 20170120: overall_nodata=43.042% masked_tokens=91/196 (46.4%) -> KEEP+MASK(<=50%)
ISMN_SCAN_WillowWells s1_asc 20170220: overall_nodata=28.263% masked_tokens=70/196 (35.7%) -> KEEP+MASK(<=50%)
ISMN_SCAN_WillowWells s1_asc 20170304: overall_nodata=12.562% masked_tokens=66/196 (33.7%) -> KEEP+MASK(<=50%)
ISMN_SCAN_WillowWells s1_asc 20170316: overall_nodata=13.455% masked_tokens=70/196 (35.7%) -> KEEP+MASK(<=50%)
ISMN_SCAN_WillowWells s1_asc 20170503: overall_nodata=6.384% masked_tokens=63/196 (32.1%) -> KEEP+MASK(<=50%)
ISMN_SCAN_WillowWells s1_asc 20170515: overall_nodata=5.827% masked_tokens=60/196 (30.6%) -> KEEP+MASK(<=50%)
ISMN_SCAN_WillowWells s1_asc 20170527: overall_nodata=5.074% masked_tokens=49/196 (25.0%) -> KEEP+MASK(<=50%)
ISMN_SCAN_WillowWells s1_asc 20170608: overall_nodata=3.836% masked_tokens=48/196 (24.5%) -> KEEP+MASK(<=50%)
ISMN_SCAN_WillowWells s1_asc 20170702: overall_nodata=6.186% masked_tokens=55/196 (28.1%) -> KEEP+MASK(<=50%)
ISMN_SCAN_WillowWells s1_asc 20170714: overall_nodata=7.635% masked_tokens=64/196 (32.7%) -> KEEP+MASK(<=50%)
ISMN_SCAN_WillowWells s1_asc 20170726: overall_nodata=6.529% masked_tokens=53/196 (27.0%) -> KEEP+MASK(<=50%)
ISMN_SCAN_WillowWells s1_asc 20170807: overall_nodata=4.422% masked_tokens=46/196 (23.5%) -> KEEP+MASK(<=50%)
ISMN_SCAN_WillowWells s1_asc 20170819: overall_nodata=3.161% masked_tokens=49/196 (25.0%) -> KEEP+MASK(<=50%)
ISMN_SCAN_WillowWells s1_asc 20170831: overall_nodata=3.862% masked_tokens=53/196 (27.0%) -> KEEP+MASK(<=50%)
ISMN_SCAN_WillowWells s1_asc 20170912: overall_nodata=6.093% masked_tokens=59/196 (30.1%) -> KEEP+MASK(<=50%)
ISMN_SCAN_WillowWells s1_asc 20170924: overall_nodata=0.967% masked_tokens=33/196 (16.8%) -> KEEP+MASK(<=50%)
ISMN_SCAN_WillowWells s1_asc 20171006: overall_nodata=2.437% masked_tokens=42/196 (21.4%) -> KEEP+MASK(<=50%)
ISMN_SCAN_WillowWells s1_asc 20171018: overall_nodata=6.338% masked_tokens=57/196 (29.1%) -> KEEP+MASK(<=50%)
ISMN_SCAN_WillowWells s1_asc 20171030: overall_nodata=13.064% masked_tokens=74/196 (37.8%) -> KEEP+MASK(<=50%)
ISMN_SCAN_WillowWells s1_asc 20171111: overall_nodata=12.634% masked_tokens=68/196 (34.7%) -> KEEP+MASK(<=50%)
ISMN_SCAN_WillowWells s1_asc 20171123: overall_nodata=15.169% masked_tokens=72/196 (36.7%) -> KEEP+MASK(<=50%)
ISMN_SCAN_WillowWells s1_asc 20171205: overall_nodata=9.566% masked_tokens=58/196 (29.6%) -> KEEP+MASK(<=50%)
ISMN_SCAN_WillowWells s1_asc 20171217: overall_nodata=12.211% masked_tokens=67/196 (34.2%) -> KEEP+MASK(<=50%)
ISMN_SCAN_WillowWells s1_asc 20171229: overall_nodata=15.266% masked_tokens=69/196 (35.2%) -> KEEP+MASK(<=50%)
ISMN_SCAN_WillowWells s1_asc 20180110: overall_nodata=16.113% masked_tokens=75/196 (38.3%) -> KEEP+MASK(<=50%)
ISMN_SCAN_WillowWells s1_asc 20180122: overall_nodata=16.010% masked_tokens=75/196 (38.3%) -> KEEP+MASK(<=50%)
ISMN_SCAN_WillowWells s1_asc 20180428: overall_nodata=46.688% masked_tokens=98/196 (50.0%) -> KEEP+MASK(<=50%)
ISMN_SCAN_WillowWells s1_asc 20180603: overall_nodata=45.964% masked_tokens=98/196 (50.0%) -> KEEP+MASK(<=50%)
ISMN_SCAN_WillowWells s1_asc 20180627: overall_nodata=44.370% masked_tokens=95/196 (48.5%) -> KEEP+MASK(<=50%)
ISMN_SCAN_WillowWells s1_asc 20180802: overall_nodata=45.057% masked_tokens=96/196 (49.0%) -> KEEP+MASK(<=50%)
ISMN_SCAN_WillowWells s1_asc 20180814: overall_nodata=45.558% masked_tokens=97/196 (49.5%) -> KEEP+MASK(<=50%)
ISMN_SCAN_WillowWells s1_asc 20190716: overall_nodata=46.524% masked_tokens=98/196 (50.0%) -> KEEP+MASK(<=50%)
ISMN_SCAN_WillowWells s1_asc 20200523: overall_nodata=46.417% masked_tokens=98/196 (50.0%) -> KEEP+MASK(<=50%)
ISMN_SCAN_WillowWells s1_asc 20200722: overall_nodata=44.633% masked_tokens=96/196 (49.0%) -> KEEP+MASK(<=50%)
ISMN_SCAN_WillowWells s1_asc 20201002: overall_nodata=45.831% masked_tokens=98/196 (50.0%) -> KEEP+MASK(<=50%)
ISMN_SCAN_WillowWells s1_asc 20210729: overall_nodata=45.314% masked_tokens=96/196 (49.0%) -> KEEP+MASK(<=50%)
ISMN_SCAN_WillowWells s1_asc 20210810: overall_nodata=45.271% masked_tokens=96/196 (49.0%) -> KEEP+MASK(<=50%)
ISMN_SCAN_WillowWells s1_asc 20210822: overall_nodata=45.924% masked_tokens=98/196 (50.0%) -> KEEP+MASK(<=50%)
ISMN_SCAN_WillowWells s1_asc 20220811: overall_nodata=43.037% masked_tokens=91/196 (46.4%) -> KEEP+MASK(<=50%)
ISMN_SCAN_WillowWells s1_asc 20220928: overall_nodata=45.801% masked_tokens=98/196 (50.0%) -> KEEP+MASK(<=50%)
ISMN_SCAN_WillowWells s1_asc 20221010: overall_nodata=43.066% masked_tokens=91/196 (46.4%) -> KEEP+MASK(<=50%)
ISMN_SCAN_WillowWells s1_asc 20221022: overall_nodata=44.916% masked_tokens=96/196 (49.0%) -> KEEP+MASK(<=50%)
ISMN_SCAN_WillowWells s1_asc 20221103: overall_nodata=46.353% masked_tokens=98/196 (50.0%) -> KEEP+MASK(<=50%)
ISMN_SCAN_WillowWells s1_asc 20221221: overall_nodata=42.622% masked_tokens=91/196 (46.4%) -> KEEP+MASK(<=50%)
ISMN_SCAN_WillowWells s1_asc 20230114: overall_nodata=46.311% masked_tokens=98/196 (50.0%) -> KEEP+MASK(<=50%)
ISMN_SCAN_WillowWells s1_asc 20230207: overall_nodata=45.709% masked_tokens=97/196 (49.5%) -> KEEP+MASK(<=50%)
ISMN_SCAN_WillowWells s1_asc 20230219: overall_nodata=45.524% masked_tokens=97/196 (49.5%) -> KEEP+MASK(<=50%)
ISMN_SCAN_WillowWells s1_asc 20230315: overall_nodata=43.864% masked_tokens=94/196 (48.0%) -> KEEP+MASK(<=50%)
ISMN_SCAN_WillowWells s1_asc 20230420: overall_nodata=35.559% masked_tokens=77/196 (39.3%) -> KEEP+MASK(<=50%)
ISMN_SCAN_WillowWells s1_asc 20230526: overall_nodata=45.472% masked_tokens=96/196 (49.0%) -> KEEP+MASK(<=50%)
ISMN_SCAN_WillowWells s1_asc 20230607: overall_nodata=39.686% masked_tokens=84/196 (42.9%) -> KEEP+MASK(<=50%)
ISMN_SCAN_WillowWells s1_asc 20230619: overall_nodata=45.193% masked_tokens=96/196 (49.0%) -> KEEP+MASK(<=50%)
ISMN_SCAN_WillowWells s1_asc 20230701: overall_nodata=43.435% masked_tokens=92/196 (46.9%) -> KEEP+MASK(<=50%)
ISMN_SCAN_WillowWells s1_asc 20230818: overall_nodata=44.364% masked_tokens=95/196 (48.5%) -> KEEP+MASK(<=50%)
ISMN_SCAN_WillowWells s1_asc 20231228: overall_nodata=42.054% masked_tokens=89/196 (45.4%) -> KEEP+MASK(<=50%)
ISMN_SCAN_WillowWells s1_asc 20240109: overall_nodata=44.906% masked_tokens=96/196 (49.0%) -> KEEP+MASK(<=50%)
ISMN_SCAN_WillowWells s1_asc 20240309: overall_nodata=44.446% masked_tokens=95/196 (48.5%) -> KEEP+MASK(<=50%)
ISMN_SCAN_WillowWells s1_asc 20240414: overall_nodata=28.534% masked_tokens=63/196 (32.1%) -> KEEP+MASK(<=50%)
ISMN_SCAN_WillowWells s1_asc 20240426: overall_nodata=43.282% masked_tokens=93/196 (47.4%) -> KEEP+MASK(<=50%)
ISMN_SCAN_WillowWells s1_asc 20240508: overall_nodata=43.764% masked_tokens=94/196 (48.0%) -> KEEP+MASK(<=50%)
ISMN_SCAN_WillowWells s1_asc 20240520: overall_nodata=40.918% masked_tokens=87/196 (44.4%) -> KEEP+MASK(<=50%)
ISMN_SCAN_WillowWells s1_asc 20240601: overall_nodata=39.838% masked_tokens=86/196 (43.9%) -> KEEP+MASK(<=50%)
ISMN_SCAN_WillowWells s1_asc 20240613: overall_nodata=37.406% masked_tokens=82/196 (41.8%) -> KEEP+MASK(<=50%)
ISMN_SCAN_WillowWells s1_asc 20240625: overall_nodata=33.805% masked_tokens=73/196 (37.2%) -> KEEP+MASK(<=50%)
ISMN_SCAN_WillowWells s1_asc 20240707: overall_nodata=37.068% masked_tokens=80/196 (40.8%) -> KEEP+MASK(<=50%)
ISMN_SCAN_WillowWells s1_asc 20240719: overall_nodata=36.288% masked_tokens=78/196 (39.8%) -> KEEP+MASK(<=50%)
ISMN_SCAN_WillowWells s1_asc 20240731: overall_nodata=41.865% masked_tokens=89/196 (45.4%) -> KEEP+MASK(<=50%)
ISMN_SCAN_WillowWells s1_asc 20240812: overall_nodata=45.416% masked_tokens=97/196 (49.5%) -> KEEP+MASK(<=50%)
ISMN_SCAN_WillowWells s1_asc 20240824: overall_nodata=44.741% masked_tokens=96/196 (49.0%) -> KEEP+MASK(<=50%)
ISMN_SCAN_WillowWells s1_asc 20240905: overall_nodata=44.485% masked_tokens=96/196 (49.0%) -> KEEP+MASK(<=50%)
ISMN_SCAN_WillowWells s1_asc 20240929: overall_nodata=46.476% masked_tokens=98/196 (50.0%) -> KEEP+MASK(<=50%)
ISMN_SCAN_WillowWells s1_asc 20241023: overall_nodata=45.390% masked_tokens=96/196 (49.0%) -> KEEP+MASK(<=50%)
ISMN_SCAN_WillowWells s1_asc 20241116: overall_nodata=45.500% masked_tokens=97/196 (49.5%) -> KEEP+MASK(<=50%)
ISMN_SCAN_WillowWells s1_asc 20241128: overall_nodata=43.260% masked_tokens=92/196 (46.9%) -> KEEP+MASK(<=50%)
ISMN_SCAN_WillowWells s1_asc 20241222: overall_nodata=46.686% masked_tokens=98/196 (50.0%) -> KEEP+MASK(<=50%)
ISMN_SCAN_WillowWells s1_asc 20250103: overall_nodata=43.692% masked_tokens=94/196 (48.0%) -> KEEP+MASK(<=50%)
ISMN_SCAN_WillowWells s1_asc 20250115: overall_nodata=42.014% masked_tokens=89/196 (45.4%) -> KEEP+MASK(<=50%)
ISMN_SCAN_WillowWells s1_asc 20250409: overall_nodata=44.567% masked_tokens=96/196 (49.0%) -> KEEP+MASK(<=50%)
ISMN_SCAN_WillowWells s1_asc 20250421: overall_nodata=44.444% masked_tokens=96/196 (49.0%) -> KEEP+MASK(<=50%)
ISMN_SCAN_WillowWells s1_asc 20250427: overall_nodata=30.357% masked_tokens=68/196 (34.7%) -> KEEP+MASK(<=50%)
ISMN_SCAN_WillowWells s1_asc 20250503: overall_nodata=42.267% masked_tokens=91/196 (46.4%) -> KEEP+MASK(<=50%)
ISMN_SCAN_WillowWells s1_asc 20250509: overall_nodata=30.901% masked_tokens=68/196 (34.7%) -> KEEP+MASK(<=50%)
ISMN_SCAN_WillowWells s1_asc 20250515: overall_nodata=39.463% masked_tokens=84/196 (42.9%) -> KEEP+MASK(<=50%)
ISMN_SCAN_WillowWells s1_asc 20250521: overall_nodata=32.376% masked_tokens=71/196 (36.2%) -> KEEP+MASK(<=50%)
ISMN_SCAN_WillowWells s1_asc 20250527: overall_nodata=36.404% masked_tokens=78/196 (39.8%) -> KEEP+MASK(<=50%)
ISMN_SCAN_WillowWells s1_asc 20250608: overall_nodata=36.069% masked_tokens=78/196 (39.8%) -> KEEP+MASK(<=50%)
ISMN_SCAN_WillowWells s1_asc 20250620: overall_nodata=36.659% masked_tokens=80/196 (40.8%) -> KEEP+MASK(<=50%)
ISMN_SCAN_WillowWells s1_asc 20250702: overall_nodata=38.204% masked_tokens=83/196 (42.3%) -> KEEP+MASK(<=50%)
ISMN_SCAN_WillowWells s1_asc 20250714: overall_nodata=35.639% masked_tokens=77/196 (39.3%) -> KEEP+MASK(<=50%)
ISMN_SCAN_WillowWells s1_asc 20250726: overall_nodata=34.772% masked_tokens=74/196 (37.8%) -> KEEP+MASK(<=50%)
ISMN_SCAN_WillowWells s1_asc 20250807: overall_nodata=40.942% masked_tokens=87/196 (44.4%) -> KEEP+MASK(<=50%)
ISMN_SCAN_WillowWells s1_asc 20250819: overall_nodata=43.593% masked_tokens=94/196 (48.0%) -> KEEP+MASK(<=50%)
ISMN_SMOSMANIA_Mouthoumet s1_desc 20190725: overall_nodata=10.732% masked_tokens=29/196 (14.8%) -> KEEP+MASK(<=50%)
ISMN_SMOSMANIA_Mouthoumet s1_desc 20190731: overall_nodata=22.664% masked_tokens=52/196 (26.5%) -> KEEP+MASK(<=50%)
ISMN_SMOSMANIA_Mouthoumet s1_desc 20190812: overall_nodata=37.843% masked_tokens=83/196 (42.3%) -> KEEP+MASK(<=50%)
ISMN_SMOSMANIA_Mouthoumet s1_desc 20190830: overall_nodata=1.608% masked_tokens=7/196 (3.6%) -> KEEP+MASK(<=50%)
ISMN_SMOSMANIA_Mouthoumet s1_desc 20190923: overall_nodata=0.409% masked_tokens=3/196 (1.5%) -> KEEP+MASK(<=50%)
ISMN_SMOSMANIA_Mouthoumet s1_desc 20191023: overall_nodata=7.053% masked_tokens=21/196 (10.7%) -> KEEP+MASK(<=50%)
ISMN_SMOSMANIA_Mouthoumet s1_desc 20200220: overall_nodata=38.050% masked_tokens=83/196 (42.3%) -> KEEP+MASK(<=50%)
ISMN_SMOSMANIA_Mouthoumet s1_desc 20200309: overall_nodata=38.646% masked_tokens=83/196 (42.3%) -> KEEP+MASK(<=50%)
ISMN_SMOSMANIA_Mouthoumet s1_desc 20200315: overall_nodata=0.614% masked_tokens=4/196 (2.0%) -> KEEP+MASK(<=50%)
ISMN_SMOSMANIA_Mouthoumet s1_desc 20200327: overall_nodata=28.723% masked_tokens=63/196 (32.1%) -> KEEP+MASK(<=50%)
ISMN_SNOTEL_AtlantaSummit s1_desc 20210828: overall_nodata=34.224% masked_tokens=74/196 (37.8%) -> KEEP+MASK(<=50%)
ISMN_SNOTEL_AtlantaSummit s1_desc 20210909: overall_nodata=34.190% masked_tokens=74/196 (37.8%) -> KEEP+MASK(<=50%)
ISMN_SNOTEL_AtlantaSummit s1_desc 20210921: overall_nodata=34.666% masked_tokens=75/196 (38.3%) -> KEEP+MASK(<=50%)
ISMN_SNOTEL_AtlantaSummit s1_desc 20211003: overall_nodata=33.572% masked_tokens=73/196 (37.2%) -> KEEP+MASK(<=50%)
ISMN_SNOTEL_AtlantaSummit s1_desc 20211015: overall_nodata=34.993% masked_tokens=76/196 (38.8%) -> KEEP+MASK(<=50%)
ISMN_SNOTEL_AtlantaSummit s1_desc 20211027: overall_nodata=35.256% masked_tokens=76/196 (38.8%) -> KEEP+MASK(<=50%)
ISMN_SNOTEL_AtlantaSummit s1_desc 20211108: overall_nodata=35.547% masked_tokens=77/196 (39.3%) -> KEEP+MASK(<=50%)
ISMN_SNOTEL_AtlantaSummit s1_desc 20211120: overall_nodata=34.967% masked_tokens=75/196 (38.3%) -> KEEP+MASK(<=50%)
ISMN_SNOTEL_AtlantaSummit s1_desc 20211202: overall_nodata=35.776% masked_tokens=78/196 (39.8%) -> KEEP+MASK(<=50%)
ISMN_SNOTEL_AtlantaSummit s1_desc 20211214: overall_nodata=36.045% masked_tokens=78/196 (39.8%) -> KEEP+MASK(<=50%)
ISMN_SNOTEL_BearCreek s1_desc 20191101: overall_nodata=19.135% masked_tokens=44/196 (22.4%) -> KEEP+MASK(<=50%)
ISMN_SNOTEL_BearCreek s1_desc 20191113: overall_nodata=18.806% masked_tokens=44/196 (22.4%) -> KEEP+MASK(<=50%)
ISMN_SNOTEL_BearCreek s1_desc 20191125: overall_nodata=19.832% masked_tokens=46/196 (23.5%) -> KEEP+MASK(<=50%)
ISMN_SNOTEL_BearCreek s1_desc 20191207: overall_nodata=20.534% masked_tokens=47/196 (24.0%) -> KEEP+MASK(<=50%)
ISMN_SNOTEL_BearCreek s1_desc 20191219: overall_nodata=20.570% masked_tokens=47/196 (24.0%) -> KEEP+MASK(<=50%)
ISMN_SNOTEL_BearCreek s1_desc 20191231: overall_nodata=20.211% masked_tokens=46/196 (23.5%) -> KEEP+MASK(<=50%)
ISMN_SNOTEL_BearCreek s1_desc 20200112: overall_nodata=19.398% masked_tokens=45/196 (23.0%) -> KEEP+MASK(<=50%)
ISMN_SNOTEL_BearCreek s1_desc 20200124: overall_nodata=19.362% masked_tokens=45/196 (23.0%) -> KEEP+MASK(<=50%)
ISMN_SNOTEL_BearCreek s1_desc 20200205: overall_nodata=19.894% masked_tokens=46/196 (23.5%) -> KEEP+MASK(<=50%)
ISMN_SNOTEL_BearCreek s1_desc 20200217: overall_nodata=20.330% masked_tokens=46/196 (23.5%) -> KEEP+MASK(<=50%)
ISMN_SNOTEL_BearCreek s1_desc 20200312: overall_nodata=19.619% masked_tokens=46/196 (23.5%) -> KEEP+MASK(<=50%)
ISMN_SNOTEL_BearCreek s1_desc 20200324: overall_nodata=19.278% masked_tokens=44/196 (22.4%) -> KEEP+MASK(<=50%)
ISMN_SNOTEL_BearCreek s1_desc 20200405: overall_nodata=19.384% masked_tokens=45/196 (23.0%) -> KEEP+MASK(<=50%)
ISMN_SNOTEL_BearCreek s1_desc 20200417: overall_nodata=19.772% masked_tokens=46/196 (23.5%) -> KEEP+MASK(<=50%)
ISMN_SNOTEL_BearCreek s1_desc 20200429: overall_nodata=20.159% masked_tokens=46/196 (23.5%) -> KEEP+MASK(<=50%)
ISMN_SNOTEL_BearCreek s1_desc 20200511: overall_nodata=20.344% masked_tokens=46/196 (23.5%) -> KEEP+MASK(<=50%)
ISMN_SNOTEL_BearCreek s1_desc 20200523: overall_nodata=19.491% masked_tokens=45/196 (23.0%) -> KEEP+MASK(<=50%)
ISMN_SNOTEL_BearCreek s1_desc 20200604: overall_nodata=19.675% masked_tokens=46/196 (23.5%) -> KEEP+MASK(<=50%)
ISMN_SNOTEL_BearCreek s1_desc 20200616: overall_nodata=19.232% masked_tokens=44/196 (22.4%) -> KEEP+MASK(<=50%)
ISMN_SNOTEL_BearCreek s1_desc 20200628: overall_nodata=19.906% masked_tokens=46/196 (23.5%) -> KEEP+MASK(<=50%)
ISMN_SNOTEL_BearCreek s1_desc 20200710: overall_nodata=19.922% masked_tokens=46/196 (23.5%) -> KEEP+MASK(<=50%)
ISMN_SNOTEL_BearCreek s1_desc 20200722: overall_nodata=19.161% masked_tokens=44/196 (22.4%) -> KEEP+MASK(<=50%)
ISMN_SNOTEL_BearCreek s1_desc 20200803: overall_nodata=18.736% masked_tokens=44/196 (22.4%) -> KEEP+MASK(<=50%)
ISMN_SNOTEL_BearCreek s1_desc 20200815: overall_nodata=19.097% masked_tokens=44/196 (22.4%) -> KEEP+MASK(<=50%)
ISMN_SNOTEL_BearCreek s1_desc 20200827: overall_nodata=18.764% masked_tokens=44/196 (22.4%) -> KEEP+MASK(<=50%)
ISMN_SNOTEL_BearCreek s1_desc 20200908: overall_nodata=18.927% masked_tokens=44/196 (22.4%) -> KEEP+MASK(<=50%)
ISMN_SNOTEL_BearCreek s1_desc 20200920: overall_nodata=18.806% masked_tokens=44/196 (22.4%) -> KEEP+MASK(<=50%)
ISMN_SNOTEL_BearCreek s1_desc 20201002: overall_nodata=18.991% masked_tokens=44/196 (22.4%) -> KEEP+MASK(<=50%)
ISMN_SNOTEL_BearCreek s1_desc 20201014: overall_nodata=18.915% masked_tokens=44/196 (22.4%) -> KEEP+MASK(<=50%)
ISMN_SNOTEL_BearCreek s1_desc 20201026: overall_nodata=19.454% masked_tokens=45/196 (23.0%) -> KEEP+MASK(<=50%)
ISMN_SNOTEL_BearCreek s1_desc 20201107: overall_nodata=19.167% masked_tokens=44/196 (22.4%) -> KEEP+MASK(<=50%)
ISMN_SNOTEL_BearCreek s1_desc 20201119: overall_nodata=19.278% masked_tokens=44/196 (22.4%) -> KEEP+MASK(<=50%)
ISMN_SNOTEL_BearCreek s1_desc 20201201: overall_nodata=19.350% masked_tokens=45/196 (23.0%) -> KEEP+MASK(<=50%)
ISMN_SNOTEL_BearCreek s1_desc 20201213: overall_nodata=19.266% masked_tokens=44/196 (22.4%) -> KEEP+MASK(<=50%)
ISMN_SNOTEL_BearCreek s1_desc 20201225: overall_nodata=20.458% masked_tokens=46/196 (23.5%) -> KEEP+MASK(<=50%)
ISMN_SNOTEL_BearCreek s1_desc 20210106: overall_nodata=20.546% masked_tokens=47/196 (24.0%) -> KEEP+MASK(<=50%)
ISMN_SNOTEL_BearCreek s1_desc 20210118: overall_nodata=20.201% masked_tokens=46/196 (23.5%) -> KEEP+MASK(<=50%)
ISMN_SNOTEL_BearCreek s1_desc 20210130: overall_nodata=19.200% masked_tokens=44/196 (22.4%) -> KEEP+MASK(<=50%)
ISMN_SNOTEL_BearCreek s1_desc 20210211: overall_nodata=19.167% masked_tokens=44/196 (22.4%) -> KEEP+MASK(<=50%)
ISMN_SNOTEL_BearCreek s1_desc 20210223: overall_nodata=20.257% masked_tokens=46/196 (23.5%) -> KEEP+MASK(<=50%)
ISMN_SNOTEL_BearCreek s1_desc 20210307: overall_nodata=20.647% masked_tokens=47/196 (24.0%) -> KEEP+MASK(<=50%)
ISMN_SNOTEL_BearCreek s1_desc 20210319: overall_nodata=20.825% masked_tokens=48/196 (24.5%) -> KEEP+MASK(<=50%)
ISMN_SNOTEL_BearCreek s1_desc 20210331: overall_nodata=20.267% masked_tokens=46/196 (23.5%) -> KEEP+MASK(<=50%)
ISMN_SNOTEL_BearCreek s1_desc 20210412: overall_nodata=19.581% masked_tokens=46/196 (23.5%) -> KEEP+MASK(<=50%)
ISMN_SNOTEL_BearCreek s1_desc 20210424: overall_nodata=19.601% masked_tokens=46/196 (23.5%) -> KEEP+MASK(<=50%)
ISMN_SNOTEL_BearCreek s1_desc 20210506: overall_nodata=20.029% masked_tokens=46/196 (23.5%) -> KEEP+MASK(<=50%)
ISMN_SNOTEL_BearCreek s1_desc 20210518: overall_nodata=20.297% masked_tokens=46/196 (23.5%) -> KEEP+MASK(<=50%)
ISMN_SNOTEL_BearCreek s1_desc 20210530: overall_nodata=19.932% masked_tokens=46/196 (23.5%) -> KEEP+MASK(<=50%)
ISMN_SNOTEL_BearCreek s1_desc 20210611: overall_nodata=19.334% masked_tokens=45/196 (23.0%) -> KEEP+MASK(<=50%)
ISMN_SNOTEL_BearCreek s1_desc 20210623: overall_nodata=19.547% masked_tokens=46/196 (23.5%) -> KEEP+MASK(<=50%)
ISMN_SNOTEL_BearCreek s1_desc 20210705: overall_nodata=19.374% masked_tokens=45/196 (23.0%) -> KEEP+MASK(<=50%)
ISMN_SNOTEL_BearCreek s1_desc 20210717: overall_nodata=19.477% masked_tokens=45/196 (23.0%) -> KEEP+MASK(<=50%)
ISMN_SNOTEL_BearCreek s1_desc 20210729: overall_nodata=19.832% masked_tokens=46/196 (23.5%) -> KEEP+MASK(<=50%)
ISMN_SNOTEL_BearCreek s1_desc 20210810: overall_nodata=19.362% masked_tokens=45/196 (23.0%) -> KEEP+MASK(<=50%)
ISMN_SNOTEL_BearCreek s1_desc 20210822: overall_nodata=18.858% masked_tokens=44/196 (22.4%) -> KEEP+MASK(<=50%)
ISMN_SNOTEL_BearCreek s1_desc 20210915: overall_nodata=19.436% masked_tokens=45/196 (23.0%) -> KEEP+MASK(<=50%)
ISMN_SNOTEL_BearCreek s1_desc 20210927: overall_nodata=18.951% masked_tokens=44/196 (22.4%) -> KEEP+MASK(<=50%)
ISMN_SNOTEL_BearCreek s1_desc 20211009: overall_nodata=19.147% masked_tokens=44/196 (22.4%) -> KEEP+MASK(<=50%)
ISMN_SNOTEL_BearCreek s1_desc 20211021: overall_nodata=18.776% masked_tokens=44/196 (22.4%) -> KEEP+MASK(<=50%)
ISMN_SNOTEL_BearCreek s1_desc 20211102: overall_nodata=19.392% masked_tokens=45/196 (23.0%) -> KEEP+MASK(<=50%)
ISMN_SNOTEL_BearCreek s1_desc 20211114: overall_nodata=19.485% masked_tokens=45/196 (23.0%) -> KEEP+MASK(<=50%)
ISMN_SNOTEL_BearCreek s1_desc 20211126: overall_nodata=19.312% masked_tokens=44/196 (22.4%) -> KEEP+MASK(<=50%)
ISMN_SNOTEL_BearCreek s1_desc 20211208: overall_nodata=19.593% masked_tokens=46/196 (23.5%) -> KEEP+MASK(<=50%)
ISMN_SNOTEL_BearCreek s1_desc 20211220: overall_nodata=19.344% masked_tokens=45/196 (23.0%) -> KEEP+MASK(<=50%)
ISMN_SNOTEL_BearCreek s1_desc 20220101: overall_nodata=19.713% masked_tokens=46/196 (23.5%) -> KEEP+MASK(<=50%)
ISMN_SNOTEL_BearCreek s1_desc 20220113: overall_nodata=19.882% masked_tokens=46/196 (23.5%) -> KEEP+MASK(<=50%)
ISMN_SNOTEL_BearCreek s1_desc 20220125: overall_nodata=20.755% masked_tokens=48/196 (24.5%) -> KEEP+MASK(<=50%)
ISMN_SNOTEL_BearCreek s1_desc 20220206: overall_nodata=20.255% masked_tokens=46/196 (23.5%) -> KEEP+MASK(<=50%)
ISMN_SNOTEL_BearCreek s1_desc 20220218: overall_nodata=19.330% masked_tokens=44/196 (22.4%) -> KEEP+MASK(<=50%)
ISMN_SNOTEL_BearCreek s1_desc 20220302: overall_nodata=19.894% masked_tokens=46/196 (23.5%) -> KEEP+MASK(<=50%)
ISMN_SNOTEL_BearCreek s1_desc 20220314: overall_nodata=20.028% masked_tokens=46/196 (23.5%) -> KEEP+MASK(<=50%)
ISMN_SNOTEL_BearCreek s1_desc 20220326: overall_nodata=19.882% masked_tokens=46/196 (23.5%) -> KEEP+MASK(<=50%)
ISMN_SNOTEL_BearCreek s1_desc 20220407: overall_nodata=20.392% masked_tokens=46/196 (23.5%) -> KEEP+MASK(<=50%)
ISMN_SNOTEL_BearCreek s1_desc 20220419: overall_nodata=19.764% masked_tokens=46/196 (23.5%) -> KEEP+MASK(<=50%)
ISMN_SNOTEL_BearCreek s1_desc 20220501: overall_nodata=19.715% masked_tokens=46/196 (23.5%) -> KEEP+MASK(<=50%)
ISMN_SNOTEL_BearCreek s1_desc 20220513: overall_nodata=19.412% masked_tokens=45/196 (23.0%) -> KEEP+MASK(<=50%)
ISMN_SNOTEL_BearCreek s1_desc 20220525: overall_nodata=20.586% masked_tokens=47/196 (24.0%) -> KEEP+MASK(<=50%)
ISMN_SNOTEL_BearCreek s1_desc 20220606: overall_nodata=19.300% masked_tokens=44/196 (22.4%) -> KEEP+MASK(<=50%)
ISMN_SNOTEL_BearCreek s1_desc 20220618: overall_nodata=19.776% masked_tokens=46/196 (23.5%) -> KEEP+MASK(<=50%)
ISMN_SNOTEL_BearCreek s1_desc 20220630: overall_nodata=19.029% masked_tokens=44/196 (22.4%) -> KEEP+MASK(<=50%)
ISMN_SNOTEL_BearCreek s1_desc 20220712: overall_nodata=18.931% masked_tokens=44/196 (22.4%) -> KEEP+MASK(<=50%)
ISMN_SNOTEL_BearCreek s1_desc 20220724: overall_nodata=19.302% masked_tokens=44/196 (22.4%) -> KEEP+MASK(<=50%)
ISMN_SNOTEL_BearCreek s1_desc 20220805: overall_nodata=18.921% masked_tokens=44/196 (22.4%) -> KEEP+MASK(<=50%)
ISMN_SNOTEL_BearCreek s1_desc 20220817: overall_nodata=19.222% masked_tokens=44/196 (22.4%) -> KEEP+MASK(<=50%)
ISMN_SNOTEL_BearCreek s1_desc 20220829: overall_nodata=18.864% masked_tokens=44/196 (22.4%) -> KEEP+MASK(<=50%)
ISMN_SNOTEL_BearCreek s1_desc 20220910: overall_nodata=17.871% masked_tokens=42/196 (21.4%) -> KEEP+MASK(<=50%)
ISMN_SNOTEL_BearCreek s1_desc 20220922: overall_nodata=21.524% masked_tokens=49/196 (25.0%) -> KEEP+MASK(<=50%)
ISMN_SNOTEL_BearCreek s1_desc 20221004: overall_nodata=19.725% masked_tokens=46/196 (23.5%) -> KEEP+MASK(<=50%)
ISMN_SNOTEL_BearCreek s1_desc 20221016: overall_nodata=19.258% masked_tokens=44/196 (22.4%) -> KEEP+MASK(<=50%)
ISMN_SNOTEL_BearCreek s1_desc 20221028: overall_nodata=18.511% masked_tokens=44/196 (22.4%) -> KEEP+MASK(<=50%)
ISMN_SNOTEL_BearCreek s1_desc 20221109: overall_nodata=20.067% masked_tokens=46/196 (23.5%) -> KEEP+MASK(<=50%)
ISMN_SNOTEL_BearCreek s1_desc 20221121: overall_nodata=18.688% masked_tokens=44/196 (22.4%) -> KEEP+MASK(<=50%)
ISMN_SNOTEL_BearCreek s1_desc 20221203: overall_nodata=19.741% masked_tokens=46/196 (23.5%) -> KEEP+MASK(<=50%)
ISMN_SNOTEL_BearCreek s1_desc 20221215: overall_nodata=20.217% masked_tokens=46/196 (23.5%) -> KEEP+MASK(<=50%)
ISMN_SNOTEL_BearCreek s1_desc 20221227: overall_nodata=20.404% masked_tokens=46/196 (23.5%) -> KEEP+MASK(<=50%)
ISMN_SNOTEL_BearCreek s1_desc 20230108: overall_nodata=19.701% masked_tokens=46/196 (23.5%) -> KEEP+MASK(<=50%)
ISMN_SNOTEL_BearCreek s1_desc 20230120: overall_nodata=20.542% masked_tokens=47/196 (24.0%) -> KEEP+MASK(<=50%)
ISMN_SNOTEL_BearCreek s1_desc 20230201: overall_nodata=19.772% masked_tokens=46/196 (23.5%) -> KEEP+MASK(<=50%)
ISMN_SNOTEL_BearCreek s1_desc 20230213: overall_nodata=20.558% masked_tokens=47/196 (24.0%) -> KEEP+MASK(<=50%)
ISMN_SNOTEL_BearCreek s1_desc 20230225: overall_nodata=20.255% masked_tokens=46/196 (23.5%) -> KEEP+MASK(<=50%)
ISMN_SNOTEL_BearCreek s1_desc 20230309: overall_nodata=20.235% masked_tokens=46/196 (23.5%) -> KEEP+MASK(<=50%)
ISMN_SNOTEL_BearCreek s1_desc 20230321: overall_nodata=19.796% masked_tokens=46/196 (23.5%) -> KEEP+MASK(<=50%)
ISMN_SNOTEL_BearCreek s1_desc 20230402: overall_nodata=19.246% masked_tokens=44/196 (22.4%) -> KEEP+MASK(<=50%)
ISMN_SNOTEL_BearCreek s1_desc 20230414: overall_nodata=19.424% masked_tokens=45/196 (23.0%) -> KEEP+MASK(<=50%)
ISMN_SNOTEL_BearCreek s1_desc 20230426: overall_nodata=19.936% masked_tokens=46/196 (23.5%) -> KEEP+MASK(<=50%)
ISMN_SNOTEL_BearCreek s1_desc 20230508: overall_nodata=18.937% masked_tokens=44/196 (22.4%) -> KEEP+MASK(<=50%)
ISMN_SNOTEL_BearCreek s1_desc 20230520: overall_nodata=18.425% masked_tokens=44/196 (22.4%) -> KEEP+MASK(<=50%)
ISMN_SNOTEL_BearCreek s1_desc 20230601: overall_nodata=18.688% masked_tokens=44/196 (22.4%) -> KEEP+MASK(<=50%)
ISMN_SNOTEL_BearCreek s1_desc 20230613: overall_nodata=19.097% masked_tokens=44/196 (22.4%) -> KEEP+MASK(<=50%)
ISMN_SNOTEL_BearCreek s1_desc 20230625: overall_nodata=18.862% masked_tokens=44/196 (22.4%) -> KEEP+MASK(<=50%)
ISMN_SNOTEL_BearCreek s1_desc 20230707: overall_nodata=19.017% masked_tokens=44/196 (22.4%) -> KEEP+MASK(<=50%)
ISMN_SNOTEL_BearCreek s1_desc 20230719: overall_nodata=19.402% masked_tokens=45/196 (23.0%) -> KEEP+MASK(<=50%)
ISMN_SNOTEL_BearCreek s1_desc 20230812: overall_nodata=20.099% masked_tokens=46/196 (23.5%) -> KEEP+MASK(<=50%)
ISMN_SNOTEL_BearCreek s1_desc 20230824: overall_nodata=19.218% masked_tokens=44/196 (22.4%) -> KEEP+MASK(<=50%)
ISMN_SNOTEL_BearCreek s1_desc 20230905: overall_nodata=18.806% masked_tokens=44/196 (22.4%) -> KEEP+MASK(<=50%)
ISMN_SNOTEL_BearCreek s1_desc 20230917: overall_nodata=18.329% masked_tokens=43/196 (21.9%) -> KEEP+MASK(<=50%)
ISMN_SNOTEL_BearCreek s1_desc 20230929: overall_nodata=18.517% masked_tokens=44/196 (22.4%) -> KEEP+MASK(<=50%)
ISMN_SNOTEL_BearCreek s1_desc 20231011: overall_nodata=20.837% masked_tokens=48/196 (24.5%) -> KEEP+MASK(<=50%)
ISMN_SNOTEL_BearCreek s1_desc 20231023: overall_nodata=18.999% masked_tokens=44/196 (22.4%) -> KEEP+MASK(<=50%)
ISMN_SNOTEL_BearCreek s1_desc 20231104: overall_nodata=19.266% masked_tokens=44/196 (22.4%) -> KEEP+MASK(<=50%)
ISMN_SNOTEL_BearCreek s1_desc 20231116: overall_nodata=18.632% masked_tokens=44/196 (22.4%) -> KEEP+MASK(<=50%)
ISMN_SNOTEL_BearCreek s1_desc 20231128: overall_nodata=19.669% masked_tokens=46/196 (23.5%) -> KEEP+MASK(<=50%)
ISMN_SNOTEL_BearCreek s1_desc 20231210: overall_nodata=19.009% masked_tokens=44/196 (22.4%) -> KEEP+MASK(<=50%)
ISMN_SNOTEL_BearCreek s1_desc 20231222: overall_nodata=21.132% masked_tokens=49/196 (25.0%) -> KEEP+MASK(<=50%)
ISMN_SNOTEL_BearCreek s1_desc 20240103: overall_nodata=20.069% masked_tokens=46/196 (23.5%) -> KEEP+MASK(<=50%)
ISMN_SNOTEL_BearCreek s1_desc 20240115: overall_nodata=20.239% masked_tokens=46/196 (23.5%) -> KEEP+MASK(<=50%)
ISMN_SNOTEL_BearCreek s1_desc 20240208: overall_nodata=19.509% masked_tokens=45/196 (23.0%) -> KEEP+MASK(<=50%)
ISMN_SNOTEL_BearCreek s1_desc 20240220: overall_nodata=19.814% masked_tokens=46/196 (23.5%) -> KEEP+MASK(<=50%)
ISMN_SNOTEL_BearCreek s1_desc 20240303: overall_nodata=19.776% masked_tokens=46/196 (23.5%) -> KEEP+MASK(<=50%)
ISMN_SNOTEL_BearCreek s1_desc 20240315: overall_nodata=20.448% masked_tokens=46/196 (23.5%) -> KEEP+MASK(<=50%)
ISMN_SNOTEL_BearCreek s1_desc 20240327: overall_nodata=20.462% masked_tokens=46/196 (23.5%) -> KEEP+MASK(<=50%)
ISMN_SNOTEL_BearCreek s1_desc 20240408: overall_nodata=18.714% masked_tokens=44/196 (22.4%) -> KEEP+MASK(<=50%)
ISMN_SNOTEL_BearCreek s1_desc 20240420: overall_nodata=18.788% masked_tokens=44/196 (22.4%) -> KEEP+MASK(<=50%)
ISMN_SNOTEL_BearCreek s1_desc 20240502: overall_nodata=18.650% masked_tokens=44/196 (22.4%) -> KEEP+MASK(<=50%)
ISMN_SNOTEL_BearCreek s1_desc 20240514: overall_nodata=20.316% masked_tokens=46/196 (23.5%) -> KEEP+MASK(<=50%)
ISMN_SNOTEL_BearCreek s1_desc 20240526: overall_nodata=17.429% masked_tokens=42/196 (21.4%) -> KEEP+MASK(<=50%)
ISMN_SNOTEL_BearCreek s1_desc 20240607: overall_nodata=17.899% masked_tokens=42/196 (21.4%) -> KEEP+MASK(<=50%)
ISMN_SNOTEL_BearCreek s1_desc 20240619: overall_nodata=17.305% masked_tokens=42/196 (21.4%) -> KEEP+MASK(<=50%)
ISMN_SNOTEL_BearCreek s1_desc 20240701: overall_nodata=18.086% masked_tokens=42/196 (21.4%) -> KEEP+MASK(<=50%)
ISMN_SNOTEL_BearCreek s1_desc 20240713: overall_nodata=17.943% masked_tokens=42/196 (21.4%) -> KEEP+MASK(<=50%)
ISMN_SNOTEL_BearCreek s1_desc 20240725: overall_nodata=18.698% masked_tokens=44/196 (22.4%) -> KEEP+MASK(<=50%)
ISMN_SNOTEL_BearCreek s1_desc 20240806: overall_nodata=18.054% masked_tokens=42/196 (21.4%) -> KEEP+MASK(<=50%)
ISMN_SNOTEL_BearCreek s1_desc 20240818: overall_nodata=17.558% masked_tokens=42/196 (21.4%) -> KEEP+MASK(<=50%)
ISMN_SNOTEL_BearCreek s1_desc 20240830: overall_nodata=18.927% masked_tokens=44/196 (22.4%) -> KEEP+MASK(<=50%)
ISMN_SNOTEL_BearCreek s1_desc 20240911: overall_nodata=19.364% masked_tokens=45/196 (23.0%) -> KEEP+MASK(<=50%)
ISMN_SNOTEL_BearCreek s1_desc 20240923: overall_nodata=19.083% masked_tokens=44/196 (22.4%) -> KEEP+MASK(<=50%)
ISMN_SNOTEL_BearCreek s1_desc 20241005: overall_nodata=19.005% masked_tokens=44/196 (22.4%) -> KEEP+MASK(<=50%)
ISMN_SNOTEL_BearCreek s1_desc 20250109: overall_nodata=19.412% masked_tokens=45/196 (23.0%) -> KEEP+MASK(<=50%)
ISMN_SNOTEL_BearCreek s1_desc 20250121: overall_nodata=20.279% masked_tokens=46/196 (23.5%) -> KEEP+MASK(<=50%)
ISMN_SNOTEL_BearCreek s1_desc 20250202: overall_nodata=19.627% masked_tokens=46/196 (23.5%) -> KEEP+MASK(<=50%)
ISMN_SNOTEL_BearCreek s1_desc 20250214: overall_nodata=19.705% masked_tokens=46/196 (23.5%) -> KEEP+MASK(<=50%)
ISMN_SNOTEL_BearCreek s1_desc 20250226: overall_nodata=19.944% masked_tokens=46/196 (23.5%) -> KEEP+MASK(<=50%)
ISMN_SNOTEL_BearCreek s1_desc 20250322: overall_nodata=19.465% masked_tokens=45/196 (23.0%) -> KEEP+MASK(<=50%)
ISMN_SNOTEL_BearCreek s1_desc 20250403: overall_nodata=19.206% masked_tokens=44/196 (22.4%) -> KEEP+MASK(<=50%)
ISMN_SNOTEL_BearCreek s1_desc 20250415: overall_nodata=19.856% masked_tokens=46/196 (23.5%) -> KEEP+MASK(<=50%)
ISMN_SNOTEL_BearCreek s1_desc 20250427: overall_nodata=17.180% masked_tokens=41/196 (20.9%) -> KEEP+MASK(<=50%)
ISMN_SNOTEL_BearCreek s1_desc 20250509: overall_nodata=18.236% masked_tokens=43/196 (21.9%) -> KEEP+MASK(<=50%)
ISMN_SNOTEL_BearCreek s1_desc 20250521: overall_nodata=18.648% masked_tokens=44/196 (22.4%) -> KEEP+MASK(<=50%)
ISMN_SNOTEL_BearCreek s1_desc 20250602: overall_nodata=18.208% masked_tokens=43/196 (21.9%) -> KEEP+MASK(<=50%)
ISMN_SNOTEL_BearCreek s1_desc 20250626: overall_nodata=17.219% masked_tokens=42/196 (21.4%) -> KEEP+MASK(<=50%)
ISMN_SNOTEL_BearCreek s1_desc 20250720: overall_nodata=17.921% masked_tokens=42/196 (21.4%) -> KEEP+MASK(<=50%)
ISMN_SNOTEL_BearCreek s1_desc 20250813: overall_nodata=18.445% masked_tokens=44/196 (22.4%) -> KEEP+MASK(<=50%)
ISMN_SNOTEL_BlackFlat-U.M.Ck s1_asc 20160313: overall_nodata=19.368% masked_tokens=45/196 (23.0%) -> KEEP+MASK(<=50%)
ISMN_SNOTEL_BlackFlat-U.M.Ck s1_asc 20160804: overall_nodata=19.986% masked_tokens=47/196 (24.0%) -> KEEP+MASK(<=50%)
ISMN_SNOTEL_ForestdaleCreek s1_desc 20210728: overall_nodata=4.476% masked_tokens=15/196 (7.7%) -> KEEP+MASK(<=50%)
ISMN_SNOTEL_ForestdaleCreek s1_desc 20210809: overall_nodata=4.927% masked_tokens=15/196 (7.7%) -> KEEP+MASK(<=50%)
ISMN_SNOTEL_Hopewell s1_desc 20170310: overall_nodata=0.002% masked_tokens=0/196 (0.0%) -> KEEP+MASK(<=50%)
ISMN_SNOTEL_Hopewell s1_desc 20170427: overall_nodata=0.008% masked_tokens=1/196 (0.5%) -> KEEP+MASK(<=50%)
ISMN_SNOTEL_Hopewell s1_desc 20170509: overall_nodata=0.044% masked_tokens=1/196 (0.5%) -> KEEP+MASK(<=50%)
ISMN_SNOTEL_Hopewell s1_desc 20170521: overall_nodata=0.010% masked_tokens=1/196 (0.5%) -> KEEP+MASK(<=50%)
ISMN_SNOTEL_Hopewell s1_desc 20170614: overall_nodata=0.004% masked_tokens=0/196 (0.0%) -> KEEP+MASK(<=50%)
ISMN_SNOTEL_Hopewell s1_desc 20170626: overall_nodata=0.034% masked_tokens=1/196 (0.5%) -> KEEP+MASK(<=50%)
ISMN_SNOTEL_Hopewell s1_desc 20170708: overall_nodata=0.030% masked_tokens=1/196 (0.5%) -> KEEP+MASK(<=50%)
ISMN_SNOTEL_Hopewell s1_desc 20170720: overall_nodata=0.010% masked_tokens=1/196 (0.5%) -> KEEP+MASK(<=50%)
ISMN_SNOTEL_Hopewell s1_desc 20170801: overall_nodata=0.032% masked_tokens=1/196 (0.5%) -> KEEP+MASK(<=50%)
ISMN_SNOTEL_Hopewell s1_desc 20170813: overall_nodata=0.024% masked_tokens=1/196 (0.5%) -> KEEP+MASK(<=50%)
ISMN_SNOTEL_Hopewell s1_desc 20170825: overall_nodata=0.022% masked_tokens=1/196 (0.5%) -> KEEP+MASK(<=50%)
ISMN_SNOTEL_Hopewell s1_desc 20170906: overall_nodata=0.008% masked_tokens=1/196 (0.5%) -> KEEP+MASK(<=50%)
ISMN_SNOTEL_Hopewell s1_desc 20170918: overall_nodata=0.028% masked_tokens=1/196 (0.5%) -> KEEP+MASK(<=50%)
ISMN_SNOTEL_Hopewell s1_desc 20171024: overall_nodata=0.008% masked_tokens=1/196 (0.5%) -> KEEP+MASK(<=50%)
ISMN_SNOTEL_Hopewell s1_desc 20171105: overall_nodata=0.014% masked_tokens=1/196 (0.5%) -> KEEP+MASK(<=50%)
ISMN_SNOTEL_Hopewell s1_desc 20171117: overall_nodata=0.002% masked_tokens=0/196 (0.0%) -> KEEP+MASK(<=50%)
ISMN_SNOTEL_Hopewell s1_desc 20180317: overall_nodata=0.008% masked_tokens=1/196 (0.5%) -> KEEP+MASK(<=50%)
ISMN_SNOTEL_Hopewell s1_desc 20180329: overall_nodata=0.004% masked_tokens=0/196 (0.0%) -> KEEP+MASK(<=50%)
ISMN_SNOTEL_Hopewell s1_desc 20180516: overall_nodata=0.022% masked_tokens=1/196 (0.5%) -> KEEP+MASK(<=50%)
ISMN_SNOTEL_Hopewell s1_desc 20180528: overall_nodata=0.010% masked_tokens=1/196 (0.5%) -> KEEP+MASK(<=50%)
ISMN_SNOTEL_Hopewell s1_desc 20180609: overall_nodata=0.006% masked_tokens=1/196 (0.5%) -> KEEP+MASK(<=50%)
ISMN_SNOTEL_Hopewell s1_desc 20180715: overall_nodata=0.016% masked_tokens=1/196 (0.5%) -> KEEP+MASK(<=50%)
ISMN_SNOTEL_Hopewell s1_desc 20180727: overall_nodata=0.022% masked_tokens=1/196 (0.5%) -> KEEP+MASK(<=50%)
ISMN_SNOTEL_Hopewell s1_desc 20180808: overall_nodata=0.022% masked_tokens=1/196 (0.5%) -> KEEP+MASK(<=50%)
ISMN_SNOTEL_Hopewell s1_desc 20180820: overall_nodata=0.012% masked_tokens=1/196 (0.5%) -> KEEP+MASK(<=50%)
ISMN_SNOTEL_Hopewell s1_desc 20180901: overall_nodata=0.048% masked_tokens=1/196 (0.5%) -> KEEP+MASK(<=50%)
ISMN_SNOTEL_Hopewell s1_desc 20180913: overall_nodata=0.038% masked_tokens=1/196 (0.5%) -> KEEP+MASK(<=50%)
ISMN_SNOTEL_Hopewell s1_desc 20180925: overall_nodata=0.016% masked_tokens=1/196 (0.5%) -> KEEP+MASK(<=50%)
ISMN_SNOTEL_Hopewell s1_desc 20181007: overall_nodata=0.006% masked_tokens=1/196 (0.5%) -> KEEP+MASK(<=50%)
ISMN_SNOTEL_Hopewell s1_desc 20181019: overall_nodata=0.006% masked_tokens=1/196 (0.5%) -> KEEP+MASK(<=50%)
ISMN_SNOTEL_Hopewell s1_desc 20181112: overall_nodata=0.006% masked_tokens=1/196 (0.5%) -> KEEP+MASK(<=50%)
ISMN_SNOTEL_Hopewell s1_desc 20181124: overall_nodata=0.002% masked_tokens=0/196 (0.0%) -> KEEP+MASK(<=50%)
ISMN_SNOTEL_Hopewell s1_desc 20181206: overall_nodata=0.014% masked_tokens=1/196 (0.5%) -> KEEP+MASK(<=50%)
ISMN_SNOTEL_Hopewell s1_desc 20190324: overall_nodata=0.004% masked_tokens=0/196 (0.0%) -> KEEP+MASK(<=50%)
ISMN_SNOTEL_Hopewell s1_desc 20190405: overall_nodata=0.032% masked_tokens=1/196 (0.5%) -> KEEP+MASK(<=50%)
ISMN_SNOTEL_Hopewell s1_desc 20190417: overall_nodata=0.048% masked_tokens=1/196 (0.5%) -> KEEP+MASK(<=50%)
ISMN_SNOTEL_Hopewell s1_desc 20190429: overall_nodata=0.020% masked_tokens=1/196 (0.5%) -> KEEP+MASK(<=50%)
ISMN_SNOTEL_Hopewell s1_desc 20190523: overall_nodata=0.006% masked_tokens=1/196 (0.5%) -> KEEP+MASK(<=50%)
ISMN_SNOTEL_Hopewell s1_desc 20190604: overall_nodata=0.024% masked_tokens=1/196 (0.5%) -> KEEP+MASK(<=50%)
ISMN_SNOTEL_Hopewell s1_desc 20190616: overall_nodata=0.010% masked_tokens=1/196 (0.5%) -> KEEP+MASK(<=50%)
ISMN_SNOTEL_Hopewell s1_desc 20190628: overall_nodata=0.010% masked_tokens=1/196 (0.5%) -> KEEP+MASK(<=50%)
ISMN_SNOTEL_Hopewell s1_desc 20190722: overall_nodata=0.008% masked_tokens=1/196 (0.5%) -> KEEP+MASK(<=50%)
ISMN_SNOTEL_Hopewell s1_desc 20190803: overall_nodata=0.022% masked_tokens=1/196 (0.5%) -> KEEP+MASK(<=50%)
ISMN_SNOTEL_HuntingtonHorse s1_asc 20160909: overall_nodata=14.230% masked_tokens=36/196 (18.4%) -> KEEP+MASK(<=50%)
ISMN_SNOTEL_JackwhackerGulch s1_asc 20161104: overall_nodata=25.578% masked_tokens=58/196 (29.6%) -> KEEP+MASK(<=50%)
ISMN_SNOTEL_JackwhackerGulch s1_asc 20161128: overall_nodata=24.613% masked_tokens=56/196 (28.6%) -> KEEP+MASK(<=50%)
ISMN_SNOTEL_JackwhackerGulch s1_asc 20161222: overall_nodata=25.438% masked_tokens=57/196 (29.1%) -> KEEP+MASK(<=50%)
ISMN_SNOTEL_JackwhackerGulch s1_asc 20170115: overall_nodata=24.868% masked_tokens=56/196 (28.6%) -> KEEP+MASK(<=50%)
ISMN_SNOTEL_JackwhackerGulch s1_asc 20170208: overall_nodata=24.043% masked_tokens=54/196 (27.6%) -> KEEP+MASK(<=50%)
ISMN_SNOTEL_LostCreekResv s1_asc 20161026: overall_nodata=12.532% masked_tokens=34/196 (17.3%) -> KEEP+MASK(<=50%)
ISMN_SNOTEL_LostCreekResv s1_asc 20161119: overall_nodata=13.004% masked_tokens=35/196 (17.9%) -> KEEP+MASK(<=50%)
ISMN_SNOTEL_LostCreekResv s1_asc 20161213: overall_nodata=0.002% masked_tokens=0/196 (0.0%) -> KEEP+MASK(<=50%)
ISMN_SNOTEL_LostCreekResv s1_asc 20170106: overall_nodata=0.010% masked_tokens=1/196 (0.5%) -> KEEP+MASK(<=50%)
ISMN_SNOTEL_LostCreekResv s1_asc 20170223: overall_nodata=0.199% masked_tokens=6/196 (3.1%) -> KEEP+MASK(<=50%)
ISMN_SNOTEL_LostCreekResv s1_asc 20170307: overall_nodata=0.034% masked_tokens=2/196 (1.0%) -> KEEP+MASK(<=50%)
ISMN_SNOTEL_LostCreekResv s1_asc 20170319: overall_nodata=0.032% masked_tokens=2/196 (1.0%) -> KEEP+MASK(<=50%)
ISMN_SNOTEL_LostCreekResv s1_asc 20170412: overall_nodata=0.008% masked_tokens=1/196 (0.5%) -> KEEP+MASK(<=50%)
ISMN_SNOTEL_LostCreekResv s1_asc 20170424: overall_nodata=0.002% masked_tokens=0/196 (0.0%) -> KEEP+MASK(<=50%)
ISMN_SNOTEL_LostCreekResv s1_asc 20170506: overall_nodata=0.026% masked_tokens=1/196 (0.5%) -> KEEP+MASK(<=50%)
ISMN_SNOTEL_LostCreekResv s1_asc 20170518: overall_nodata=0.002% masked_tokens=0/196 (0.0%) -> KEEP+MASK(<=50%)
ISMN_SNOTEL_LostCreekResv s1_asc 20170705: overall_nodata=0.004% masked_tokens=0/196 (0.0%) -> KEEP+MASK(<=50%)
ISMN_SNOTEL_LostCreekResv s1_asc 20170717: overall_nodata=0.012% masked_tokens=2/196 (1.0%) -> KEEP+MASK(<=50%)
ISMN_SNOTEL_LostCreekResv s1_asc 20170915: overall_nodata=0.004% masked_tokens=0/196 (0.0%) -> KEEP+MASK(<=50%)
ISMN_SNOTEL_LostCreekResv s1_asc 20171009: overall_nodata=0.060% masked_tokens=2/196 (1.0%) -> KEEP+MASK(<=50%)
ISMN_SNOTEL_LostCreekResv s1_asc 20171021: overall_nodata=0.010% masked_tokens=1/196 (0.5%) -> KEEP+MASK(<=50%)
ISMN_SNOTEL_LostCreekResv s1_asc 20171102: overall_nodata=0.010% masked_tokens=1/196 (0.5%) -> KEEP+MASK(<=50%)
ISMN_SNOTEL_LostCreekResv s1_asc 20171126: overall_nodata=0.012% masked_tokens=1/196 (0.5%) -> KEEP+MASK(<=50%)
ISMN_SNOTEL_LostCreekResv s1_asc 20180113: overall_nodata=0.012% masked_tokens=1/196 (0.5%) -> KEEP+MASK(<=50%)
ISMN_SNOTEL_LostCreekResv s1_asc 20180125: overall_nodata=0.024% masked_tokens=3/196 (1.5%) -> KEEP+MASK(<=50%)
ISMN_SNOTEL_LostCreekResv s1_asc 20180206: overall_nodata=0.046% masked_tokens=4/196 (2.0%) -> KEEP+MASK(<=50%)
ISMN_SNOTEL_LostCreekResv s1_asc 20180326: overall_nodata=23.657% masked_tokens=54/196 (27.6%) -> KEEP+MASK(<=50%)
ISMN_SNOTEL_LostCreekResv s1_asc 20180525: overall_nodata=25.791% masked_tokens=56/196 (28.6%) -> KEEP+MASK(<=50%)
ISMN_SNOTEL_LostCreekResv s1_asc 20180712: overall_nodata=15.063% masked_tokens=38/196 (19.4%) -> KEEP+MASK(<=50%)
ISMN_SNOTEL_LostCreekResv s1_asc 20180724: overall_nodata=24.775% masked_tokens=56/196 (28.6%) -> KEEP+MASK(<=50%)
ISMN_SNOTEL_LostCreekResv s1_asc 20180817: overall_nodata=25.540% masked_tokens=56/196 (28.6%) -> KEEP+MASK(<=50%)
ISMN_SNOTEL_LostCreekResv s1_asc 20180829: overall_nodata=19.262% masked_tokens=46/196 (23.5%) -> KEEP+MASK(<=50%)
ISMN_SNOTEL_LostCreekResv s1_asc 20180910: overall_nodata=18.345% masked_tokens=45/196 (23.0%) -> KEEP+MASK(<=50%)
ISMN_SNOTEL_LostCreekResv s1_asc 20180922: overall_nodata=20.167% masked_tokens=48/196 (24.5%) -> KEEP+MASK(<=50%)
ISMN_SNOTEL_LostCreekResv s1_asc 20181004: overall_nodata=28.962% masked_tokens=67/196 (34.2%) -> KEEP+MASK(<=50%)
ISMN_SNOTEL_LostCreekResv s1_asc 20181016: overall_nodata=30.022% masked_tokens=67/196 (34.2%) -> KEEP+MASK(<=50%)
ISMN_SNOTEL_LostCreekResv s1_asc 20181028: overall_nodata=27.491% masked_tokens=64/196 (32.7%) -> KEEP+MASK(<=50%)
ISMN_SNOTEL_LostCreekResv s1_asc 20181109: overall_nodata=19.918% masked_tokens=48/196 (24.5%) -> KEEP+MASK(<=50%)
ISMN_SNOTEL_LostCreekResv s1_asc 20181121: overall_nodata=23.988% masked_tokens=54/196 (27.6%) -> KEEP+MASK(<=50%)
ISMN_SNOTEL_LostCreekResv s1_asc 20181215: overall_nodata=28.402% masked_tokens=65/196 (33.2%) -> KEEP+MASK(<=50%)
ISMN_SNOTEL_LostCreekResv s1_asc 20181227: overall_nodata=30.967% masked_tokens=68/196 (34.7%) -> KEEP+MASK(<=50%)
ISMN_SNOTEL_LostCreekResv s1_asc 20190108: overall_nodata=26.258% masked_tokens=58/196 (29.6%) -> KEEP+MASK(<=50%)
ISMN_SNOTEL_LostCreekResv s1_asc 20190120: overall_nodata=24.382% masked_tokens=54/196 (27.6%) -> KEEP+MASK(<=50%)
ISMN_SNOTEL_LostCreekResv s1_asc 20190225: overall_nodata=30.265% masked_tokens=67/196 (34.2%) -> KEEP+MASK(<=50%)
ISMN_SNOTEL_LostCreekResv s1_asc 20190309: overall_nodata=26.126% masked_tokens=57/196 (29.1%) -> KEEP+MASK(<=50%)
ISMN_SNOTEL_LostCreekResv s1_asc 20190321: overall_nodata=19.493% masked_tokens=47/196 (24.0%) -> KEEP+MASK(<=50%)
ISMN_SNOTEL_LostCreekResv s1_asc 20190402: overall_nodata=25.257% masked_tokens=56/196 (28.6%) -> KEEP+MASK(<=50%)
ISMN_SNOTEL_LostCreekResv s1_asc 20190414: overall_nodata=23.854% masked_tokens=54/196 (27.6%) -> KEEP+MASK(<=50%)
ISMN_SNOTEL_LostCreekResv s1_asc 20190426: overall_nodata=29.082% masked_tokens=67/196 (34.2%) -> KEEP+MASK(<=50%)
ISMN_SNOTEL_LostCreekResv s1_asc 20190508: overall_nodata=21.279% masked_tokens=49/196 (25.0%) -> KEEP+MASK(<=50%)
ISMN_SNOTEL_LostCreekResv s1_asc 20190520: overall_nodata=20.833% masked_tokens=49/196 (25.0%) -> KEEP+MASK(<=50%)
ISMN_SNOTEL_LostCreekResv s1_asc 20190601: overall_nodata=22.973% masked_tokens=53/196 (27.0%) -> KEEP+MASK(<=50%)
ISMN_SNOTEL_LostCreekResv s1_asc 20190613: overall_nodata=21.425% masked_tokens=50/196 (25.5%) -> KEEP+MASK(<=50%)
ISMN_SNOTEL_LostCreekResv s1_asc 20190625: overall_nodata=23.422% masked_tokens=54/196 (27.6%) -> KEEP+MASK(<=50%)
ISMN_SNOTEL_LostCreekResv s1_asc 20190707: overall_nodata=24.536% masked_tokens=54/196 (27.6%) -> KEEP+MASK(<=50%)
ISMN_SNOTEL_LostCreekResv s1_asc 20190719: overall_nodata=19.523% masked_tokens=46/196 (23.5%) -> KEEP+MASK(<=50%)
ISMN_SNOTEL_LostCreekResv s1_asc 20190731: overall_nodata=19.025% masked_tokens=46/196 (23.5%) -> KEEP+MASK(<=50%)
ISMN_SNOTEL_LostCreekResv s1_asc 20190812: overall_nodata=24.635% masked_tokens=54/196 (27.6%) -> KEEP+MASK(<=50%)
ISMN_SNOTEL_LostCreekResv s1_asc 20190824: overall_nodata=27.330% masked_tokens=63/196 (32.1%) -> KEEP+MASK(<=50%)
ISMN_SNOTEL_LostCreekResv s1_asc 20190905: overall_nodata=27.589% masked_tokens=64/196 (32.7%) -> KEEP+MASK(<=50%)
ISMN_SNOTEL_LostCreekResv s1_asc 20190917: overall_nodata=22.529% masked_tokens=52/196 (26.5%) -> KEEP+MASK(<=50%)
ISMN_SNOTEL_LostCreekResv s1_asc 20190929: overall_nodata=23.230% masked_tokens=53/196 (27.0%) -> KEEP+MASK(<=50%)
ISMN_SNOTEL_LostCreekResv s1_asc 20191011: overall_nodata=20.528% masked_tokens=48/196 (24.5%) -> KEEP+MASK(<=50%)
ISMN_SNOTEL_LostCreekResv s1_asc 20191023: overall_nodata=28.243% masked_tokens=64/196 (32.7%) -> KEEP+MASK(<=50%)
ISMN_SNOTEL_LostCreekResv s1_asc 20191104: overall_nodata=27.220% masked_tokens=62/196 (31.6%) -> KEEP+MASK(<=50%)
ISMN_SNOTEL_LostCreekResv s1_asc 20191116: overall_nodata=28.769% masked_tokens=66/196 (33.7%) -> KEEP+MASK(<=50%)
ISMN_SNOTEL_LostCreekResv s1_asc 20191128: overall_nodata=21.787% masked_tokens=51/196 (26.0%) -> KEEP+MASK(<=50%)
ISMN_SNOTEL_LostCreekResv s1_asc 20191210: overall_nodata=23.697% masked_tokens=54/196 (27.6%) -> KEEP+MASK(<=50%)
ISMN_SNOTEL_LostCreekResv s1_asc 20191222: overall_nodata=26.256% masked_tokens=58/196 (29.6%) -> KEEP+MASK(<=50%)
ISMN_SNOTEL_LostCreekResv s1_asc 20200103: overall_nodata=27.840% masked_tokens=64/196 (32.7%) -> KEEP+MASK(<=50%)
ISMN_SNOTEL_LostCreekResv s1_asc 20200115: overall_nodata=27.790% masked_tokens=64/196 (32.7%) -> KEEP+MASK(<=50%)
ISMN_SNOTEL_LostCreekResv s1_asc 20200127: overall_nodata=27.326% masked_tokens=63/196 (32.1%) -> KEEP+MASK(<=50%)
ISMN_SNOTEL_LostCreekResv s1_asc 20200208: overall_nodata=24.482% masked_tokens=55/196 (28.1%) -> KEEP+MASK(<=50%)
ISMN_SNOTEL_LostCreekResv s1_asc 20200220: overall_nodata=26.477% masked_tokens=59/196 (30.1%) -> KEEP+MASK(<=50%)
ISMN_SNOTEL_LostCreekResv s1_asc 20200303: overall_nodata=26.202% masked_tokens=58/196 (29.6%) -> KEEP+MASK(<=50%)
ISMN_SNOTEL_LostCreekResv s1_asc 20200315: overall_nodata=29.438% masked_tokens=67/196 (34.2%) -> KEEP+MASK(<=50%)
ISMN_SNOTEL_LostCreekResv s1_asc 20200327: overall_nodata=25.108% masked_tokens=56/196 (28.6%) -> KEEP+MASK(<=50%)
ISMN_SNOTEL_LostCreekResv s1_asc 20200408: overall_nodata=21.614% masked_tokens=52/196 (26.5%) -> KEEP+MASK(<=50%)
ISMN_SNOTEL_LostCreekResv s1_asc 20200420: overall_nodata=23.402% masked_tokens=54/196 (27.6%) -> KEEP+MASK(<=50%)
ISMN_SNOTEL_LostCreekResv s1_asc 20200502: overall_nodata=26.479% masked_tokens=60/196 (30.6%) -> KEEP+MASK(<=50%)
ISMN_SNOTEL_LostCreekResv s1_asc 20200514: overall_nodata=20.605% masked_tokens=48/196 (24.5%) -> KEEP+MASK(<=50%)
ISMN_SNOTEL_LostCreekResv s1_asc 20200526: overall_nodata=22.048% masked_tokens=52/196 (26.5%) -> KEEP+MASK(<=50%)
ISMN_SNOTEL_LostCreekResv s1_asc 20200607: overall_nodata=17.807% masked_tokens=44/196 (22.4%) -> KEEP+MASK(<=50%)
ISMN_SNOTEL_LostCreekResv s1_asc 20200619: overall_nodata=18.162% masked_tokens=45/196 (23.0%) -> KEEP+MASK(<=50%)
ISMN_SNOTEL_LostCreekResv s1_asc 20200701: overall_nodata=19.605% masked_tokens=48/196 (24.5%) -> KEEP+MASK(<=50%)
ISMN_SNOTEL_LostCreekResv s1_asc 20200713: overall_nodata=23.838% masked_tokens=54/196 (27.6%) -> KEEP+MASK(<=50%)
ISMN_SNOTEL_LostCreekResv s1_asc 20200725: overall_nodata=19.420% masked_tokens=46/196 (23.5%) -> KEEP+MASK(<=50%)
ISMN_SNOTEL_LostCreekResv s1_asc 20200806: overall_nodata=21.735% masked_tokens=52/196 (26.5%) -> KEEP+MASK(<=50%)
ISMN_SNOTEL_LostCreekResv s1_asc 20200818: overall_nodata=21.249% masked_tokens=49/196 (25.0%) -> KEEP+MASK(<=50%)
ISMN_SNOTEL_LostCreekResv s1_asc 20200830: overall_nodata=25.656% masked_tokens=56/196 (28.6%) -> KEEP+MASK(<=50%)
ISMN_SNOTEL_LostCreekResv s1_asc 20200911: overall_nodata=28.805% masked_tokens=66/196 (33.7%) -> KEEP+MASK(<=50%)
ISMN_SNOTEL_LostCreekResv s1_asc 20200923: overall_nodata=28.063% masked_tokens=64/196 (32.7%) -> KEEP+MASK(<=50%)
ISMN_SNOTEL_LostCreekResv s1_asc 20201005: overall_nodata=23.131% masked_tokens=53/196 (27.0%) -> KEEP+MASK(<=50%)
ISMN_SNOTEL_LostCreekResv s1_asc 20201017: overall_nodata=18.166% masked_tokens=44/196 (22.4%) -> KEEP+MASK(<=50%)
ISMN_SNOTEL_LostCreekResv s1_asc 20201029: overall_nodata=21.478% masked_tokens=51/196 (26.0%) -> KEEP+MASK(<=50%)
ISMN_SNOTEL_LostCreekResv s1_asc 20201110: overall_nodata=28.167% masked_tokens=64/196 (32.7%) -> KEEP+MASK(<=50%)
ISMN_SNOTEL_LostCreekResv s1_asc 20201122: overall_nodata=31.384% masked_tokens=71/196 (36.2%) -> KEEP+MASK(<=50%)
ISMN_SNOTEL_LostCreekResv s1_asc 20201204: overall_nodata=26.963% masked_tokens=62/196 (31.6%) -> KEEP+MASK(<=50%)
ISMN_SNOTEL_LostCreekResv s1_asc 20201216: overall_nodata=24.406% masked_tokens=54/196 (27.6%) -> KEEP+MASK(<=50%)
ISMN_SNOTEL_LostCreekResv s1_asc 20201228: overall_nodata=21.171% masked_tokens=49/196 (25.0%) -> KEEP+MASK(<=50%)
ISMN_SNOTEL_LostCreekResv s1_asc 20210109: overall_nodata=23.294% masked_tokens=54/196 (27.6%) -> KEEP+MASK(<=50%)
ISMN_SNOTEL_LostCreekResv s1_asc 20210121: overall_nodata=23.443% masked_tokens=54/196 (27.6%) -> KEEP+MASK(<=50%)
ISMN_SNOTEL_LostCreekResv s1_asc 20210202: overall_nodata=28.416% masked_tokens=65/196 (33.2%) -> KEEP+MASK(<=50%)
ISMN_SNOTEL_LostCreekResv s1_asc 20210214: overall_nodata=27.266% masked_tokens=62/196 (31.6%) -> KEEP+MASK(<=50%)
ISMN_SNOTEL_LostCreekResv s1_asc 20210226: overall_nodata=24.813% masked_tokens=54/196 (27.6%) -> KEEP+MASK(<=50%)
ISMN_SNOTEL_LostCreekResv s1_asc 20210310: overall_nodata=24.972% masked_tokens=56/196 (28.6%) -> KEEP+MASK(<=50%)
ISMN_SNOTEL_LostCreekResv s1_asc 20210322: overall_nodata=26.439% masked_tokens=58/196 (29.6%) -> KEEP+MASK(<=50%)
ISMN_SNOTEL_LostCreekResv s1_asc 20210415: overall_nodata=20.968% masked_tokens=49/196 (25.0%) -> KEEP+MASK(<=50%)
ISMN_SNOTEL_LostCreekResv s1_asc 20210427: overall_nodata=19.206% masked_tokens=46/196 (23.5%) -> KEEP+MASK(<=50%)
ISMN_SNOTEL_LostCreekResv s1_asc 20210509: overall_nodata=23.218% masked_tokens=53/196 (27.0%) -> KEEP+MASK(<=50%)
ISMN_SNOTEL_LostCreekResv s1_asc 20210521: overall_nodata=26.776% masked_tokens=60/196 (30.6%) -> KEEP+MASK(<=50%)
ISMN_SNOTEL_LostCreekResv s1_asc 20210602: overall_nodata=23.910% masked_tokens=54/196 (27.6%) -> KEEP+MASK(<=50%)
ISMN_SNOTEL_LostCreekResv s1_asc 20210614: overall_nodata=24.187% masked_tokens=54/196 (27.6%) -> KEEP+MASK(<=50%)
ISMN_SNOTEL_LostCreekResv s1_asc 20210626: overall_nodata=16.873% masked_tokens=40/196 (20.4%) -> KEEP+MASK(<=50%)
ISMN_SNOTEL_LostCreekResv s1_asc 20210708: overall_nodata=15.001% masked_tokens=38/196 (19.4%) -> KEEP+MASK(<=50%)
ISMN_SNOTEL_LostCreekResv s1_asc 20210720: overall_nodata=24.043% masked_tokens=54/196 (27.6%) -> KEEP+MASK(<=50%)
ISMN_SNOTEL_LostCreekResv s1_asc 20210801: overall_nodata=21.787% masked_tokens=51/196 (26.0%) -> KEEP+MASK(<=50%)
ISMN_SNOTEL_LostCreekResv s1_asc 20210813: overall_nodata=16.745% masked_tokens=41/196 (20.9%) -> KEEP+MASK(<=50%)
ISMN_SNOTEL_LostCreekResv s1_asc 20210825: overall_nodata=20.992% masked_tokens=49/196 (25.0%) -> KEEP+MASK(<=50%)
ISMN_SNOTEL_LostCreekResv s1_asc 20210906: overall_nodata=21.935% masked_tokens=52/196 (26.5%) -> KEEP+MASK(<=50%)
ISMN_SNOTEL_LostCreekResv s1_asc 20210918: overall_nodata=22.022% masked_tokens=52/196 (26.5%) -> KEEP+MASK(<=50%)
ISMN_SNOTEL_LostCreekResv s1_asc 20210930: overall_nodata=27.083% masked_tokens=62/196 (31.6%) -> KEEP+MASK(<=50%)
ISMN_SNOTEL_LostCreekResv s1_asc 20211012: overall_nodata=28.384% masked_tokens=64/196 (32.7%) -> KEEP+MASK(<=50%)
ISMN_SNOTEL_LostCreekResv s1_asc 20211024: overall_nodata=27.164% masked_tokens=62/196 (31.6%) -> KEEP+MASK(<=50%)
ISMN_SNOTEL_LostCreekResv s1_asc 20211105: overall_nodata=22.192% masked_tokens=52/196 (26.5%) -> KEEP+MASK(<=50%)
ISMN_SNOTEL_LostCreekResv s1_asc 20211117: overall_nodata=25.092% masked_tokens=56/196 (28.6%) -> KEEP+MASK(<=50%)
ISMN_SNOTEL_LostCreekResv s1_asc 20211129: overall_nodata=28.199% masked_tokens=64/196 (32.7%) -> KEEP+MASK(<=50%)
ISMN_SNOTEL_LostCreekResv s1_asc 20211211: overall_nodata=32.199% masked_tokens=73/196 (37.2%) -> KEEP+MASK(<=50%)
ISMN_SNOTEL_LostCreekResv s1_asc 20211223: overall_nodata=22.535% masked_tokens=52/196 (26.5%) -> KEEP+MASK(<=50%)
ISMN_SNOTEL_LostCreekResv s1_asc 20250406: overall_nodata=5.560% masked_tokens=18/196 (9.2%) -> KEEP+MASK(<=50%)
ISMN_SNOTEL_LostCreekResv s1_asc 20250418: overall_nodata=5.242% masked_tokens=16/196 (8.2%) -> KEEP+MASK(<=50%)
ISMN_SNOTEL_LostCreekResv s1_asc 20250430: overall_nodata=3.187% masked_tokens=10/196 (5.1%) -> KEEP+MASK(<=50%)
ISMN_SNOTEL_LostCreekResv s1_asc 20250512: overall_nodata=3.585% masked_tokens=11/196 (5.6%) -> KEEP+MASK(<=50%)
ISMN_SNOTEL_LostCreekResv s1_asc 20250524: overall_nodata=21.979% masked_tokens=52/196 (26.5%) -> KEEP+MASK(<=50%)
ISMN_SNOTEL_LostCreekResv s1_asc 20250605: overall_nodata=22.252% masked_tokens=52/196 (26.5%) -> KEEP+MASK(<=50%)
ISMN_SNOTEL_LostCreekResv s1_asc 20250617: overall_nodata=20.297% masked_tokens=48/196 (24.5%) -> KEEP+MASK(<=50%)
ISMN_SNOTEL_LostCreekResv s1_asc 20250629: overall_nodata=11.482% masked_tokens=32/196 (16.3%) -> KEEP+MASK(<=50%)
ISMN_SNOTEL_LostCreekResv s1_asc 20250711: overall_nodata=21.283% masked_tokens=49/196 (25.0%) -> KEEP+MASK(<=50%)
ISMN_SNOTEL_LostCreekResv s1_asc 20250723: overall_nodata=15.892% masked_tokens=40/196 (20.4%) -> KEEP+MASK(<=50%)
ISMN_SNOTEL_LostCreekResv s1_asc 20250804: overall_nodata=21.508% masked_tokens=51/196 (26.0%) -> KEEP+MASK(<=50%)
ISMN_SNOTEL_LostCreekResv s1_asc 20250816: overall_nodata=21.983% masked_tokens=52/196 (26.5%) -> KEEP+MASK(<=50%)
ISMN_SNOTEL_LostCreekResv s1_asc 20250828: overall_nodata=23.121% masked_tokens=53/196 (27.0%) -> KEEP+MASK(<=50%)
ISMN_SNOTEL_LostCreekResv s1_asc 20250921: overall_nodata=21.674% masked_tokens=52/196 (26.5%) -> KEEP+MASK(<=50%)
ISMN_SNOTEL_LostCreekResv s1_asc 20251003: overall_nodata=20.871% masked_tokens=49/196 (25.0%) -> KEEP+MASK(<=50%)
ISMN_SNOTEL_LostCreekResv s1_asc 20251015: overall_nodata=24.281% masked_tokens=54/196 (27.6%) -> KEEP+MASK(<=50%)
ISMN_SNOTEL_LostCreekResv s1_asc 20251027: overall_nodata=25.038% masked_tokens=56/196 (28.6%) -> KEEP+MASK(<=50%)
ISMN_SNOTEL_LostCreekResv s1_asc 20251108: overall_nodata=20.845% masked_tokens=48/196 (24.5%) -> KEEP+MASK(<=50%)
ISMN_SNOTEL_LostCreekResv s1_asc 20251120: overall_nodata=25.630% masked_tokens=56/196 (28.6%) -> KEEP+MASK(<=50%)
ISMN_SNOTEL_LostCreekResv s1_asc 20251202: overall_nodata=24.769% masked_tokens=54/196 (27.6%) -> KEEP+MASK(<=50%)
ISMN_SNOTEL_LostCreekResv s1_asc 20251214: overall_nodata=29.365% masked_tokens=67/196 (34.2%) -> KEEP+MASK(<=50%)
ISMN_SNOTEL_LostCreekResv s1_asc 20251226: overall_nodata=24.077% masked_tokens=54/196 (27.6%) -> KEEP+MASK(<=50%)
ISMN_SNOTEL_MonitorPass s1_desc 20181117: overall_nodata=0.498% masked_tokens=3/196 (1.5%) -> KEEP+MASK(<=50%)
ISMN_SNOTEL_PalisadesTahoe s1_asc 20160513: overall_nodata=22.026% masked_tokens=52/196 (26.5%) -> KEEP+MASK(<=50%)
ISMN_SNOTEL_PalisadesTahoe s1_asc 20170830: overall_nodata=20.334% masked_tokens=46/196 (23.5%) -> KEEP+MASK(<=50%)
ISMN_SNOTEL_PorphyryCreek s1_desc 20220301: overall_nodata=23.125% masked_tokens=53/196 (27.0%) -> KEEP+MASK(<=50%)
ISMN_SNOTEL_PorphyryCreek s1_desc 20220313: overall_nodata=22.748% masked_tokens=52/196 (26.5%) -> KEEP+MASK(<=50%)
ISMN_SNOTEL_RainyPass s1_asc 20250226: overall_nodata=4.873% masked_tokens=15/196 (7.7%) -> KEEP+MASK(<=50%)
ISMN_SNOTEL_RainyPass s1_asc 20250322: overall_nodata=6.011% masked_tokens=18/196 (9.2%) -> KEEP+MASK(<=50%)
ISMN_SNOTEL_RainyPass s1_asc 20250403: overall_nodata=5.732% masked_tokens=18/196 (9.2%) -> KEEP+MASK(<=50%)
ISMN_SNOTEL_RainyPass s1_asc 20250415: overall_nodata=4.737% masked_tokens=15/196 (7.7%) -> KEEP+MASK(<=50%)
ISMN_SNOTEL_RainyPass s1_asc 20250427: overall_nodata=5.515% masked_tokens=17/196 (8.7%) -> KEEP+MASK(<=50%)
ISMN_SNOTEL_CrowCreek s1_asc 20160830: overall_nodata=39.365% masked_tokens=84/196 (42.9%) -> KEEP+MASK(<=50%)
Finished: Fri Jun 12 09:12:40 CEST 2026
