Job ID: 23423818
Node:   gcn132
GPU:    0
Building dataset (train)...
Dataset: 1160521 samples from 584 stations
Dataset ready: 1160521 samples
Checking 2000 random samples with 8 DataLoader workers...

  100/2000 checked  errors so far: 0
  200/2000 checked  errors so far: 0
  300/2000 checked  errors so far: 0
  400/2000 checked  errors so far: 0
  500/2000 checked  errors so far: 0
  600/2000 checked  errors so far: 0
  700/2000 checked  errors so far: 0
  800/2000 checked  errors so far: 0
  900/2000 checked  errors so far: 0
  1000/2000 checked  errors so far: 0
  1100/2000 checked  errors so far: 0
  1200/2000 checked  errors so far: 0
  1300/2000 checked  errors so far: 0
  1400/2000 checked  errors so far: 0
  1500/2000 checked  errors so far: 0
  1600/2000 checked  errors so far: 0
  1700/2000 checked  errors so far: 0
  1800/2000 checked  errors so far: 0
  1900/2000 checked  errors so far: 0
  2000/2000 checked  errors so far: 0

============================================================
Split           : train
Samples checked : 2000
Label all-NaN   : 0  (no SM obs that day — fine)
Label has obs   : 2000
Total errors    : 0

train PASSED — clean.

Building dataset (val)...
Dataset: 140152 samples from 74 stations
Dataset ready: 140152 samples
Checking 2000 random samples with 8 DataLoader workers...

  100/2000 checked  errors so far: 0
  200/2000 checked  errors so far: 0
  300/2000 checked  errors so far: 0
  400/2000 checked  errors so far: 0
  500/2000 checked  errors so far: 0
  600/2000 checked  errors so far: 0
  700/2000 checked  errors so far: 0
  800/2000 checked  errors so far: 0
  900/2000 checked  errors so far: 0
  1000/2000 checked  errors so far: 0
  1100/2000 checked  errors so far: 0
  1200/2000 checked  errors so far: 0
  1300/2000 checked  errors so far: 0
  1400/2000 checked  errors so far: 0
  1500/2000 checked  errors so far: 0
  1600/2000 checked  errors so far: 0
  1700/2000 checked  errors so far: 0
  1800/2000 checked  errors so far: 0
  1900/2000 checked  errors so far: 0
  2000/2000 checked  errors so far: 0

============================================================
Split           : val
Samples checked : 2000
Label all-NaN   : 0  (no SM obs that day — fine)
Label has obs   : 2000
Total errors    : 0

val PASSED — clean.

============================================================
OVERALL: All samples PASSED — dataset is clean.
