/gpfs/home5/pkhanal/miniforge3/envs/soilmoisture/lib/python3.10/site-packages/google/api_core/_python_version_support.py:273: FutureWarning: You are using a Python version (3.10.20) which Google will stop supporting in new releases of google.api_core once it reaches its end of life (2026-10-04). Please upgrade to the latest Python version, or at least Python 3.11, to continue receiving updates for google.api_core past that date.
  warnings.warn(message, FutureWarning)
2026-06-03 13:11:59 INFO     Stations: 1010
2026-06-03 13:11:59 INFO     Filtered to 3 station(s): ['ISMN_SCAN_Combate', 'ISMN_SNOTEL_PortGraham', 'ISMN_USCRN_Cape-Charles-5-ENE']
2026-06-03 13:11:59 INFO     ERA5-Land jobs: 22 station-years  (workers=6)
2026-06-03 13:12:02 INFO       Strategy for (17.9833,-67.1667): era5land_buffer_25km
2026-06-03 13:12:02 INFO       Strategy for (17.9833,-67.1667): era5land_buffer_25km
2026-06-03 13:12:03 INFO       Strategy for (17.9833,-67.1667): era5land_buffer_25km
2026-06-03 13:12:03 INFO       Strategy for (17.9833,-67.1667): era5land_buffer_25km
2026-06-03 13:12:03 INFO       Strategy for (17.9833,-67.1667): era5land_buffer_25km
2026-06-03 13:12:03 INFO       Strategy for (17.9833,-67.1667): era5land_buffer_25km
2026-06-03 13:12:35 INFO     [ERA5] [   1/22] ISMN_SCAN_Combate 2023  status=done
HDF5-DIAG: Error detected in HDF5 (1.14.6) thread 1:
  #000: H5F.c line 496 in H5Fis_accessible(): unable to determine if file is accessible as HDF5
    major: File accessibility
    minor: Not an HDF5 file
  #001: H5VLcallback.c line 3913 in H5VL_file_specific(): file specific failed
    major: Virtual Object Layer
    minor: Can't operate on object
  #002: H5VLcallback.c line 3848 in H5VL__file_specific(): file specific failed
    major: Virtual Object Layer
    minor: Can't operate on object
  #003: H5VLnative_file.c line 344 in H5VL__native_file_specific(): error in HDF5 file check
    major: File accessibility
    minor: Can't get value
  #004: H5Fint.c line 1055 in H5F__is_hdf5(): unable to open file
    major: File accessibility
    minor: Unable to initialize object
  #005: H5FD.c line 787 in H5FD_open(): can't open file
    major: Virtual File Layer
    minor: Unable to open file
  #006: H5FDsec2.c line 323 in H5FD__sec2_open(): unable to open file: name = '/gpfs/work3/0/prjs1968/data/sm_only/ISMN_SCAN_Combate/ERA5Land/meteo_2022.tmp', errno = 2, error message = 'No such file or directory', flags = 0, o_flags = 0
    major: File accessibility
    minor: Unable to open file
2026-06-03 13:12:36 INFO     [ERA5] [   2/22] ISMN_SCAN_Combate 2022  status=done
HDF5-DIAG: Error detected in HDF5 (1.14.6) thread 2:
  #000: H5F.c line 496 in H5Fis_accessible(): unable to determine if file is accessible as HDF5
    major: File accessibility
    minor: Not an HDF5 file
  #001: H5VLcallback.c line 3913 in H5VL_file_specific(): file specific failed
    major: Virtual Object Layer
    minor: Can't operate on object
  #002: H5VLcallback.c line 3848 in H5VL__file_specific(): file specific failed
    major: Virtual Object Layer
    minor: Can't operate on object
  #003: H5VLnative_file.c line 344 in H5VL__native_file_specific(): error in HDF5 file check
    major: File accessibility
    minor: Can't get value
  #004: H5Fint.c line 1055 in H5F__is_hdf5(): unable to open file
    major: File accessibility
    minor: Unable to initialize object
  #005: H5FD.c line 787 in H5FD_open(): can't open file
    major: Virtual File Layer
    minor: Unable to open file
  #006: H5FDsec2.c line 323 in H5FD__sec2_open(): unable to open file: name = '/gpfs/work3/0/prjs1968/data/sm_only/ISMN_SCAN_Combate/ERA5Land/meteo_2019.tmp', errno = 2, error message = 'No such file or directory', flags = 0, o_flags = 0
    major: File accessibility
    minor: Unable to open file
2026-06-03 13:12:37 INFO     [ERA5] [   3/22] ISMN_SCAN_Combate 2019  status=done
HDF5-DIAG: Error detected in HDF5 (1.14.6) thread 3:
  #000: H5F.c line 496 in H5Fis_accessible(): unable to determine if file is accessible as HDF5
    major: File accessibility
    minor: Not an HDF5 file
  #001: H5VLcallback.c line 3913 in H5VL_file_specific(): file specific failed
    major: Virtual Object Layer
    minor: Can't operate on object
  #002: H5VLcallback.c line 3848 in H5VL__file_specific(): file specific failed
    major: Virtual Object Layer
    minor: Can't operate on object
  #003: H5VLnative_file.c line 344 in H5VL__native_file_specific(): error in HDF5 file check
    major: File accessibility
    minor: Can't get value
  #004: H5Fint.c line 1055 in H5F__is_hdf5(): unable to open file
    major: File accessibility
    minor: Unable to initialize object
  #005: H5FD.c line 787 in H5FD_open(): can't open file
    major: Virtual File Layer
    minor: Unable to open file
  #006: H5FDsec2.c line 323 in H5FD__sec2_open(): unable to open file: name = '/gpfs/work3/0/prjs1968/data/sm_only/ISMN_SCAN_Combate/ERA5Land/meteo_2024.tmp', errno = 2, error message = 'No such file or directory', flags = 0, o_flags = 0
    major: File accessibility
    minor: Unable to open file
2026-06-03 13:12:37 INFO     [ERA5] [   4/22] ISMN_SCAN_Combate 2024  status=done
2026-06-03 13:12:39 INFO       Strategy for (59.3507,-151.8477): era5land_buffer_25km
2026-06-03 13:12:39 INFO       Strategy for (59.3507,-151.8477): era5land_buffer_25km
HDF5-DIAG: Error detected in HDF5 (1.14.6) thread 4:
  #000: H5F.c line 496 in H5Fis_accessible(): unable to determine if file is accessible as HDF5
    major: File accessibility
    minor: Not an HDF5 file
  #001: H5VLcallback.c line 3913 in H5VL_file_specific(): file specific failed
    major: Virtual Object Layer
    minor: Can't operate on object
  #002: H5VLcallback.c line 3848 in H5VL__file_specific(): file specific failed
    major: Virtual Object Layer
    minor: Can't operate on object
  #003: H5VLnative_file.c line 344 in H5VL__native_file_specific(): error in HDF5 file check
    major: File accessibility
    minor: Can't get value
  #004: H5Fint.c line 1055 in H5F__is_hdf5(): unable to open file
    major: File accessibility
    minor: Unable to initialize object
  #005: H5FD.c line 787 in H5FD_open(): can't open file
    major: Virtual File Layer
    minor: Unable to open file
  #006: H5FDsec2.c line 323 in H5FD__sec2_open(): unable to open file: name = '/gpfs/work3/0/prjs1968/data/sm_only/ISMN_SCAN_Combate/ERA5Land/meteo_2021.tmp', errno = 2, error message = 'No such file or directory', flags = 0, o_flags = 0
    major: File accessibility
    minor: Unable to open file
2026-06-03 13:12:40 INFO     [ERA5] [   5/22] ISMN_SCAN_Combate 2021  status=done
2026-06-03 13:12:40 INFO       Strategy for (59.3507,-151.8477): era5land_buffer_25km
2026-06-03 13:12:40 INFO       Strategy for (59.3507,-151.8477): era5land_buffer_25km
HDF5-DIAG: Error detected in HDF5 (1.14.6) thread 5:
  #000: H5F.c line 496 in H5Fis_accessible(): unable to determine if file is accessible as HDF5
    major: File accessibility
    minor: Not an HDF5 file
  #001: H5VLcallback.c line 3913 in H5VL_file_specific(): file specific failed
    major: Virtual Object Layer
    minor: Can't operate on object
  #002: H5VLcallback.c line 3848 in H5VL__file_specific(): file specific failed
    major: Virtual Object Layer
    minor: Can't operate on object
  #003: H5VLnative_file.c line 344 in H5VL__native_file_specific(): error in HDF5 file check
    major: File accessibility
    minor: Can't get value
  #004: H5Fint.c line 1055 in H5F__is_hdf5(): unable to open file
    major: File accessibility
    minor: Unable to initialize object
  #005: H5FD.c line 787 in H5FD_open(): can't open file
    major: Virtual File Layer
    minor: Unable to open file
  #006: H5FDsec2.c line 323 in H5FD__sec2_open(): unable to open file: name = '/gpfs/work3/0/prjs1968/data/sm_only/ISMN_SCAN_Combate/ERA5Land/meteo_2020.tmp', errno = 2, error message = 'No such file or directory', flags = 0, o_flags = 0
    major: File accessibility
    minor: Unable to open file
2026-06-03 13:12:41 INFO     [ERA5] [   6/22] ISMN_SCAN_Combate 2020  status=done
2026-06-03 13:12:42 INFO       Strategy for (59.3507,-151.8477): era5land_buffer_25km
2026-06-03 13:12:42 INFO       Strategy for (59.3507,-151.8477): era5land_buffer_25km
HDF5-DIAG: Error detected in HDF5 (1.14.6) thread 3:
  #000: H5F.c line 496 in H5Fis_accessible(): unable to determine if file is accessible as HDF5
    major: File accessibility
    minor: Not an HDF5 file
  #001: H5VLcallback.c line 3913 in H5VL_file_specific(): file specific failed
    major: Virtual Object Layer
    minor: Can't operate on object
  #002: H5VLcallback.c line 3848 in H5VL__file_specific(): file specific failed
    major: Virtual Object Layer
    minor: Can't operate on object
  #003: H5VLnative_file.c line 344 in H5VL__native_file_specific(): error in HDF5 file check
    major: File accessibility
    minor: Can't get value
  #004: H5Fint.c line 1055 in H5F__is_hdf5(): unable to open file
    major: File accessibility
    minor: Unable to initialize object
  #005: H5FD.c line 787 in H5FD_open(): can't open file
    major: Virtual File Layer
    minor: Unable to open file
  #006: H5FDsec2.c line 323 in H5FD__sec2_open(): unable to open file: name = '/gpfs/work3/0/prjs1968/data/sm_only/ISMN_SNOTEL_PortGraham/ERA5Land/meteo_2017.tmp', errno = 2, error message = 'No such file or directory', flags = 0, o_flags = 0
    major: File accessibility
    minor: Unable to open file
2026-06-03 13:13:10 INFO     [ERA5] [   7/22] ISMN_SNOTEL_PortGraham 2017  status=done
2026-06-03 13:13:12 INFO       Strategy for (59.3507,-151.8477): era5land_buffer_25km
2026-06-03 13:13:15 INFO     [ERA5] [   8/22] ISMN_SNOTEL_PortGraham 2014  status=done
2026-06-03 13:13:17 INFO       Strategy for (59.3507,-151.8477): era5land_buffer_25km
HDF5-DIAG: Error detected in HDF5 (1.14.6) thread 1:
  #000: H5F.c line 496 in H5Fis_accessible(): unable to determine if file is accessible as HDF5
    major: File accessibility
    minor: Not an HDF5 file
  #001: H5VLcallback.c line 3913 in H5VL_file_specific(): file specific failed
    major: Virtual Object Layer
    minor: Can't operate on object
  #002: H5VLcallback.c line 3848 in H5VL__file_specific(): file specific failed
    major: Virtual Object Layer
    minor: Can't operate on object
  #003: H5VLnative_file.c line 344 in H5VL__native_file_specific(): error in HDF5 file check
    major: File accessibility
    minor: Can't get value
  #004: H5Fint.c line 1055 in H5F__is_hdf5(): unable to open file
    major: File accessibility
    minor: Unable to initialize object
  #005: H5FD.c line 787 in H5FD_open(): can't open file
    major: Virtual File Layer
    minor: Unable to open file
  #006: H5FDsec2.c line 323 in H5FD__sec2_open(): unable to open file: name = '/gpfs/work3/0/prjs1968/data/sm_only/ISMN_SNOTEL_PortGraham/ERA5Land/meteo_2015.tmp', errno = 2, error message = 'No such file or directory', flags = 0, o_flags = 0
    major: File accessibility
    minor: Unable to open file
2026-06-03 13:13:17 INFO     [ERA5] [   9/22] ISMN_SNOTEL_PortGraham 2015  status=done
HDF5-DIAG: Error detected in HDF5 (1.14.6) thread 2:
  #000: H5F.c line 496 in H5Fis_accessible(): unable to determine if file is accessible as HDF5
    major: File accessibility
    minor: Not an HDF5 file
  #001: H5VLcallback.c line 3913 in H5VL_file_specific(): file specific failed
    major: Virtual Object Layer
    minor: Can't operate on object
  #002: H5VLcallback.c line 3848 in H5VL__file_specific(): file specific failed
    major: Virtual Object Layer
    minor: Can't operate on object
  #003: H5VLnative_file.c line 344 in H5VL__native_file_specific(): error in HDF5 file check
    major: File accessibility
    minor: Can't get value
  #004: H5Fint.c line 1055 in H5F__is_hdf5(): unable to open file
    major: File accessibility
    minor: Unable to initialize object
  #005: H5FD.c line 787 in H5FD_open(): can't open file
    major: Virtual File Layer
    minor: Unable to open file
  #006: H5FDsec2.c line 323 in H5FD__sec2_open(): unable to open file: name = '/gpfs/work3/0/prjs1968/data/sm_only/ISMN_SNOTEL_PortGraham/ERA5Land/meteo_2016.tmp', errno = 2, error message = 'No such file or directory', flags = 0, o_flags = 0
    major: File accessibility
    minor: Unable to open file
2026-06-03 13:13:18 INFO     [ERA5] [  10/22] ISMN_SNOTEL_PortGraham 2016  status=done
2026-06-03 13:13:19 INFO       Strategy for (59.3507,-151.8477): era5land_buffer_25km
2026-06-03 13:13:20 INFO       Strategy for (37.2907,-75.9270): era5land_buffer_25km
HDF5-DIAG: Error detected in HDF5 (1.14.6) thread 5:
  #000: H5F.c line 496 in H5Fis_accessible(): unable to determine if file is accessible as HDF5
    major: File accessibility
    minor: Not an HDF5 file
  #001: H5VLcallback.c line 3913 in H5VL_file_specific(): file specific failed
    major: Virtual Object Layer
    minor: Can't operate on object
  #002: H5VLcallback.c line 3848 in H5VL__file_specific(): file specific failed
    major: Virtual Object Layer
    minor: Can't operate on object
  #003: H5VLnative_file.c line 344 in H5VL__native_file_specific(): error in HDF5 file check
    major: File accessibility
    minor: Can't get value
  #004: H5Fint.c line 1055 in H5F__is_hdf5(): unable to open file
    major: File accessibility
    minor: Unable to initialize object
  #005: H5FD.c line 787 in H5FD_open(): can't open file
    major: Virtual File Layer
    minor: Unable to open file
  #006: H5FDsec2.c line 323 in H5FD__sec2_open(): unable to open file: name = '/gpfs/work3/0/prjs1968/data/sm_only/ISMN_SNOTEL_PortGraham/ERA5Land/meteo_2019.tmp', errno = 2, error message = 'No such file or directory', flags = 0, o_flags = 0
    major: File accessibility
    minor: Unable to open file
2026-06-03 13:13:22 INFO     [ERA5] [  11/22] ISMN_SNOTEL_PortGraham 2019  status=done
HDF5-DIAG: Error detected in HDF5 (1.14.6) thread 4:
  #000: H5F.c line 496 in H5Fis_accessible(): unable to determine if file is accessible as HDF5
    major: File accessibility
    minor: Not an HDF5 file
  #001: H5VLcallback.c line 3913 in H5VL_file_specific(): file specific failed
    major: Virtual Object Layer
    minor: Can't operate on object
  #002: H5VLcallback.c line 3848 in H5VL__file_specific(): file specific failed
    major: Virtual Object Layer
    minor: Can't operate on object
  #003: H5VLnative_file.c line 344 in H5VL__native_file_specific(): error in HDF5 file check
    major: File accessibility
    minor: Can't get value
  #004: H5Fint.c line 1055 in H5F__is_hdf5(): unable to open file
    major: File accessibility
    minor: Unable to initialize object
  #005: H5FD.c line 787 in H5FD_open(): can't open file
    major: Virtual File Layer
    minor: Unable to open file
  #006: H5FDsec2.c line 323 in H5FD__sec2_open(): unable to open file: name = '/gpfs/work3/0/prjs1968/data/sm_only/ISMN_SNOTEL_PortGraham/ERA5Land/meteo_2018.tmp', errno = 2, error message = 'No such file or directory', flags = 0, o_flags = 0
    major: File accessibility
    minor: Unable to open file
2026-06-03 13:13:25 INFO     [ERA5] [  12/22] ISMN_SNOTEL_PortGraham 2018  status=done
2026-06-03 13:13:25 INFO       Strategy for (37.2907,-75.9270): era5land_buffer_25km
2026-06-03 13:13:27 INFO       Strategy for (37.2907,-75.9270): era5land_buffer_25km
HDF5-DIAG: Error detected in HDF5 (1.14.6) thread 3:
  #000: H5F.c line 496 in H5Fis_accessible(): unable to determine if file is accessible as HDF5
    major: File accessibility
    minor: Not an HDF5 file
  #001: H5VLcallback.c line 3913 in H5VL_file_specific(): file specific failed
    major: Virtual Object Layer
    minor: Can't operate on object
  #002: H5VLcallback.c line 3848 in H5VL__file_specific(): file specific failed
    major: Virtual Object Layer
    minor: Can't operate on object
  #003: H5VLnative_file.c line 344 in H5VL__native_file_specific(): error in HDF5 file check
    major: File accessibility
    minor: Can't get value
  #004: H5Fint.c line 1055 in H5F__is_hdf5(): unable to open file
    major: File accessibility
    minor: Unable to initialize object
  #005: H5FD.c line 787 in H5FD_open(): can't open file
    major: Virtual File Layer
    minor: Unable to open file
  #006: H5FDsec2.c line 323 in H5FD__sec2_open(): unable to open file: name = '/gpfs/work3/0/prjs1968/data/sm_only/ISMN_SNOTEL_PortGraham/ERA5Land/meteo_2020.tmp', errno = 2, error message = 'No such file or directory', flags = 0, o_flags = 0
    major: File accessibility
    minor: Unable to open file
2026-06-03 13:13:49 INFO     [ERA5] [  13/22] ISMN_SNOTEL_PortGraham 2020  status=done
2026-06-03 13:13:51 INFO       Strategy for (37.2907,-75.9270): era5land_buffer_25km
HDF5-DIAG: Error detected in HDF5 (1.14.6) thread 2:
  #000: H5F.c line 496 in H5Fis_accessible(): unable to determine if file is accessible as HDF5
    major: File accessibility
    minor: Not an HDF5 file
  #001: H5VLcallback.c line 3913 in H5VL_file_specific(): file specific failed
    major: Virtual Object Layer
    minor: Can't operate on object
  #002: H5VLcallback.c line 3848 in H5VL__file_specific(): file specific failed
    major: Virtual Object Layer
    minor: Can't operate on object
  #003: H5VLnative_file.c line 344 in H5VL__native_file_specific(): error in HDF5 file check
    major: File accessibility
    minor: Can't get value
  #004: H5Fint.c line 1055 in H5F__is_hdf5(): unable to open file
    major: File accessibility
    minor: Unable to initialize object
  #005: H5FD.c line 787 in H5FD_open(): can't open file
    major: Virtual File Layer
    minor: Unable to open file
  #006: H5FDsec2.c line 323 in H5FD__sec2_open(): unable to open file: name = '/gpfs/work3/0/prjs1968/data/sm_only/ISMN_USCRN_Cape-Charles-5-ENE/ERA5Land/meteo_2015.tmp', errno = 2, error message = 'No such file or directory', flags = 0, o_flags = 0
    major: File accessibility
    minor: Unable to open file
2026-06-03 13:13:53 INFO     [ERA5] [  14/22] ISMN_USCRN_Cape-Charles-5-ENE 2015  status=done
2026-06-03 13:13:56 INFO       Strategy for (37.2907,-75.9270): era5land_buffer_25km
HDF5-DIAG: Error detected in HDF5 (1.14.6) thread 4:
  #000: H5F.c line 496 in H5Fis_accessible(): unable to determine if file is accessible as HDF5
    major: File accessibility
    minor: Not an HDF5 file
  #001: H5VLcallback.c line 3913 in H5VL_file_specific(): file specific failed
    major: Virtual Object Layer
    minor: Can't operate on object
  #002: H5VLcallback.c line 3848 in H5VL__file_specific(): file specific failed
    major: Virtual Object Layer
    minor: Can't operate on object
  #003: H5VLnative_file.c line 344 in H5VL__native_file_specific(): error in HDF5 file check
    major: File accessibility
    minor: Can't get value
  #004: H5Fint.c line 1055 in H5F__is_hdf5(): unable to open file
    major: File accessibility
    minor: Unable to initialize object
  #005: H5FD.c line 787 in H5FD_open(): can't open file
    major: Virtual File Layer
    minor: Unable to open file
  #006: H5FDsec2.c line 323 in H5FD__sec2_open(): unable to open file: name = '/gpfs/work3/0/prjs1968/data/sm_only/ISMN_USCRN_Cape-Charles-5-ENE/ERA5Land/meteo_2017.tmp', errno = 2, error message = 'No such file or directory', flags = 0, o_flags = 0
    major: File accessibility
    minor: Unable to open file
2026-06-03 13:13:59 INFO     [ERA5] [  15/22] ISMN_USCRN_Cape-Charles-5-ENE 2017  status=done
2026-06-03 13:13:59 INFO     [ERA5] [  16/22] ISMN_SNOTEL_PortGraham 2021  status=done
HDF5-DIAG: Error detected in HDF5 (1.14.6) thread 1:
  #000: H5F.c line 496 in H5Fis_accessible(): unable to determine if file is accessible as HDF5
    major: File accessibility
    minor: Not an HDF5 file
  #001: H5VLcallback.c line 3913 in H5VL_file_specific(): file specific failed
    major: Virtual Object Layer
    minor: Can't operate on object
  #002: H5VLcallback.c line 3848 in H5VL__file_specific(): file specific failed
    major: Virtual Object Layer
    minor: Can't operate on object
  #003: H5VLnative_file.c line 344 in H5VL__native_file_specific(): error in HDF5 file check
    major: File accessibility
    minor: Can't get value
  #004: H5Fint.c line 1055 in H5F__is_hdf5(): unable to open file
    major: File accessibility
    minor: Unable to initialize object
  #005: H5FD.c line 787 in H5FD_open(): can't open file
    major: Virtual File Layer
    minor: Unable to open file
  #006: H5FDsec2.c line 323 in H5FD__sec2_open(): unable to open file: name = '/gpfs/work3/0/prjs1968/data/sm_only/ISMN_SNOTEL_PortGraham/ERA5Land/meteo_2022.tmp', errno = 2, error message = 'No such file or directory', flags = 0, o_flags = 0
    major: File accessibility
    minor: Unable to open file
2026-06-03 13:14:00 INFO     [ERA5] [  17/22] ISMN_SNOTEL_PortGraham 2022  status=done
HDF5-DIAG: Error detected in HDF5 (1.14.6) thread 5:
  #000: H5F.c line 496 in H5Fis_accessible(): unable to determine if file is accessible as HDF5
    major: File accessibility
    minor: Not an HDF5 file
  #001: H5VLcallback.c line 3913 in H5VL_file_specific(): file specific failed
    major: Virtual Object Layer
    minor: Can't operate on object
  #002: H5VLcallback.c line 3848 in H5VL__file_specific(): file specific failed
    major: Virtual Object Layer
    minor: Can't operate on object
  #003: H5VLnative_file.c line 344 in H5VL__native_file_specific(): error in HDF5 file check
    major: File accessibility
    minor: Can't get value
  #004: H5Fint.c line 1055 in H5F__is_hdf5(): unable to open file
    major: File accessibility
    minor: Unable to initialize object
  #005: H5FD.c line 787 in H5FD_open(): can't open file
    major: Virtual File Layer
    minor: Unable to open file
  #006: H5FDsec2.c line 323 in H5FD__sec2_open(): unable to open file: name = '/gpfs/work3/0/prjs1968/data/sm_only/ISMN_USCRN_Cape-Charles-5-ENE/ERA5Land/meteo_2016.tmp', errno = 2, error message = 'No such file or directory', flags = 0, o_flags = 0
    major: File accessibility
    minor: Unable to open file
2026-06-03 13:14:00 INFO     [ERA5] [  18/22] ISMN_USCRN_Cape-Charles-5-ENE 2016  status=done
2026-06-03 13:14:00 INFO       Strategy for (37.2907,-75.9270): era5land_buffer_25km
2026-06-03 13:14:00 INFO       Strategy for (37.2907,-75.9270): era5land_buffer_25km
HDF5-DIAG: Error detected in HDF5 (1.14.6) thread 3:
  #000: H5F.c line 496 in H5Fis_accessible(): unable to determine if file is accessible as HDF5
    major: File accessibility
    minor: Not an HDF5 file
  #001: H5VLcallback.c line 3913 in H5VL_file_specific(): file specific failed
    major: Virtual Object Layer
    minor: Can't operate on object
  #002: H5VLcallback.c line 3848 in H5VL__file_specific(): file specific failed
    major: Virtual Object Layer
    minor: Can't operate on object
  #003: H5VLnative_file.c line 344 in H5VL__native_file_specific(): error in HDF5 file check
    major: File accessibility
    minor: Can't get value
  #004: H5Fint.c line 1055 in H5F__is_hdf5(): unable to open file
    major: File accessibility
    minor: Unable to initialize object
  #005: H5FD.c line 787 in H5FD_open(): can't open file
    major: Virtual File Layer
    minor: Unable to open file
  #006: H5FDsec2.c line 323 in H5FD__sec2_open(): unable to open file: name = '/gpfs/work3/0/prjs1968/data/sm_only/ISMN_USCRN_Cape-Charles-5-ENE/ERA5Land/meteo_2018.tmp', errno = 2, error message = 'No such file or directory', flags = 0, o_flags = 0
    major: File accessibility
    minor: Unable to open file
2026-06-03 13:14:21 INFO     [ERA5] [  19/22] ISMN_USCRN_Cape-Charles-5-ENE 2018  status=done
HDF5-DIAG: Error detected in HDF5 (1.14.6) thread 2:
  #000: H5F.c line 496 in H5Fis_accessible(): unable to determine if file is accessible as HDF5
    major: File accessibility
    minor: Not an HDF5 file
  #001: H5VLcallback.c line 3913 in H5VL_file_specific(): file specific failed
    major: Virtual Object Layer
    minor: Can't operate on object
  #002: H5VLcallback.c line 3848 in H5VL__file_specific(): file specific failed
    major: Virtual Object Layer
    minor: Can't operate on object
  #003: H5VLnative_file.c line 344 in H5VL__native_file_specific(): error in HDF5 file check
    major: File accessibility
    minor: Can't get value
  #004: H5Fint.c line 1055 in H5F__is_hdf5(): unable to open file
    major: File accessibility
    minor: Unable to initialize object
  #005: H5FD.c line 787 in H5FD_open(): can't open file
    major: Virtual File Layer
    minor: Unable to open file
  #006: H5FDsec2.c line 323 in H5FD__sec2_open(): unable to open file: name = '/gpfs/work3/0/prjs1968/data/sm_only/ISMN_USCRN_Cape-Charles-5-ENE/ERA5Land/meteo_2019.tmp', errno = 2, error message = 'No such file or directory', flags = 0, o_flags = 0
    major: File accessibility
    minor: Unable to open file
2026-06-03 13:14:29 INFO     [ERA5] [  20/22] ISMN_USCRN_Cape-Charles-5-ENE 2019  status=done
2026-06-03 13:14:33 INFO     [ERA5] [  21/22] ISMN_USCRN_Cape-Charles-5-ENE 2021  status=done
HDF5-DIAG: Error detected in HDF5 (1.14.6) thread 4:
  #000: H5F.c line 496 in H5Fis_accessible(): unable to determine if file is accessible as HDF5
    major: File accessibility
    minor: Not an HDF5 file
  #001: H5VLcallback.c line 3913 in H5VL_file_specific(): file specific failed
    major: Virtual Object Layer
    minor: Can't operate on object
  #002: H5VLcallback.c line 3848 in H5VL__file_specific(): file specific failed
    major: Virtual Object Layer
    minor: Can't operate on object
  #003: H5VLnative_file.c line 344 in H5VL__native_file_specific(): error in HDF5 file check
    major: File accessibility
    minor: Can't get value
  #004: H5Fint.c line 1055 in H5F__is_hdf5(): unable to open file
    major: File accessibility
    minor: Unable to initialize object
  #005: H5FD.c line 787 in H5FD_open(): can't open file
    major: Virtual File Layer
    minor: Unable to open file
  #006: H5FDsec2.c line 323 in H5FD__sec2_open(): unable to open file: name = '/gpfs/work3/0/prjs1968/data/sm_only/ISMN_USCRN_Cape-Charles-5-ENE/ERA5Land/meteo_2020.tmp', errno = 2, error message = 'No such file or directory', flags = 0, o_flags = 0
    major: File accessibility
    minor: Unable to open file
2026-06-03 13:14:36 INFO     [ERA5] [  22/22] ISMN_USCRN_Cape-Charles-5-ENE 2020  status=done
Traceback (most recent call last):
  File "/gpfs/work3/0/prjs1968/soilMoisture/download_era5land_gee.py", line 763, in <module>
    main()
  File "/gpfs/work3/0/prjs1968/soilMoisture/download_era5land_gee.py", line 735, in main
    log_df = pd.read_csv(LOG_FILE)
  File "/gpfs/home5/pkhanal/miniforge3/envs/soilmoisture/lib/python3.10/site-packages/pandas/io/parsers/readers.py", line 1026, in read_csv
    return _read(filepath_or_buffer, kwds)
  File "/gpfs/home5/pkhanal/miniforge3/envs/soilmoisture/lib/python3.10/site-packages/pandas/io/parsers/readers.py", line 626, in _read
    return parser.read(nrows)
  File "/gpfs/home5/pkhanal/miniforge3/envs/soilmoisture/lib/python3.10/site-packages/pandas/io/parsers/readers.py", line 1923, in read
    ) = self._engine.read(  # type: ignore[attr-defined]
  File "/gpfs/home5/pkhanal/miniforge3/envs/soilmoisture/lib/python3.10/site-packages/pandas/io/parsers/c_parser_wrapper.py", line 234, in read
    chunks = self._reader.read_low_memory(nrows)
  File "pandas/_libs/parsers.pyx", line 838, in pandas._libs.parsers.TextReader.read_low_memory
  File "pandas/_libs/parsers.pyx", line 905, in pandas._libs.parsers.TextReader._read_rows
  File "pandas/_libs/parsers.pyx", line 874, in pandas._libs.parsers.TextReader._tokenize_rows
  File "pandas/_libs/parsers.pyx", line 891, in pandas._libs.parsers.TextReader._check_tokenize_status
  File "pandas/_libs/parsers.pyx", line 2061, in pandas._libs.parsers.raise_parser_error
pandas.errors.ParserError: Error tokenizing data. C error: Expected 5 fields in line 1242, saw 6

ERROR conda.cli.main_run:execute(148): `conda run python download_era5land_gee.py --stations ISMN_SCAN_Combate,ISMN_SNOTEL_PortGraham,ISMN_USCRN_Cape-Charles-5-ENE --consolidate --era5-only` failed. (See above for error)
