Job ID : 23708396
Node   : tcn14
Started: Fri Jun 12 09:31:20 CEST 2026
/gpfs/home5/pkhanal/miniforge3/envs/terramind/lib/python3.11/site-packages/torch/cuda/__init__.py:734: UserWarning: Can't initialize NVML
  warnings.warn("Can't initialize NVML")
2026-06-12 09:32:34,461 - INFO - HTTP Request: HEAD https://huggingface.co/ibm-esa-geospatial/TerraMind-1.0-Tokenizer-LULC/resolve/main/TerraMind_Tokenizer_LULC.pt "HTTP/1.1 302 Found"
Warning: You are sending unauthenticated requests to the HF Hub. Please set a HF_TOKEN to enable higher rate limits and faster downloads.
2026-06-12 09:32:34,461 - WARNING - Warning: You are sending unauthenticated requests to the HF Hub. Please set a HF_TOKEN to enable higher rate limits and faster downloads.
2026-06-12 09:32:36,089 - INFO - HTTP Request: HEAD https://huggingface.co/ibm-esa-geospatial/TerraMind-1.0-base/resolve/main/TerraMind_v1_base.pt "HTTP/1.1 302 Found"
Traceback (most recent call last):
  File "/gpfs/work3/0/prjs1968/soilMoisture/fix_bad_s1_tokens.py", line 142, in <module>
    main()
  File "/gpfs/work3/0/prjs1968/soilMoisture/fix_bad_s1_tokens.py", line 121, in main
    arr.vindex[idxs] = new_vals
    ~~~~~~~~~~^^^^^^
  File "/gpfs/home5/pkhanal/miniforge3/envs/terramind/lib/python3.11/site-packages/zarr/indexing.py", line 914, in __setitem__
    raise VindexInvalidSelectionError(selection)
zarr.errors.VindexInvalidSelectionError: unsupported selection type for vectorized indexing; only coordinate selection (tuple of integer arrays) and mask selection (single Boolean array) are supported; got (array([ 57,  61,  65,  69,  73,  77,  81,  85,  89,  93,  97, 100, 104,
       108, 112]),)
ERROR conda.cli.main_run:execute(148): `conda run python fix_bad_s1_tokens.py --execute` failed. (See above for error)
ISMN_Berlin_PSA4Heerstrasse s1_desc: 15 bad acquisitions
ISMN_COSMOS-UK_BickleyHall s1_desc: 9 bad acquisitions
ISMN_COSMOS-UK_HartwoodHome s1_desc: 1 bad acquisitions
ISMN_COSMOS-UK_Sheepdrove s1_desc: 1 bad acquisitions
ISMN_FMI_SOD012 s1_desc: 10 bad acquisitions
ISMN_FMI_SOD130 s1_asc: 1 bad acquisitions
ISMN_FMI_SOD130 s1_desc: 42 bad acquisitions
ISMN_REMEDHUS_LasVacas s1_desc: 1 bad acquisitions
ISMN_ROMPS_GolubinGlacier s1_desc: 1 bad acquisitions
ISMN_RSMN_Alexandria s1_desc: 1 bad acquisitions
ISMN_SCAN_LyeBrook s1_asc: 5 bad acquisitions
ISMN_SCAN_MonoclineRidge s1_desc: 1 bad acquisitions
ISMN_SCAN_WillowWells s1_asc: 91 bad acquisitions
ISMN_SMOSMANIA_Mouthoumet s1_desc: 10 bad acquisitions
ISMN_SNOTEL_AtlantaSummit s1_desc: 10 bad acquisitions
ISMN_SNOTEL_BearCreek s1_desc: 162 bad acquisitions
ISMN_SNOTEL_BlackFlat-U.M.Ck s1_asc: 2 bad acquisitions
ISMN_SNOTEL_ForestdaleCreek s1_desc: 2 bad acquisitions
ISMN_SNOTEL_Hopewell s1_desc: 43 bad acquisitions
ISMN_SNOTEL_HuntingtonHorse s1_asc: 1 bad acquisitions
ISMN_SNOTEL_JackwhackerGulch s1_asc: 5 bad acquisitions
ISMN_SNOTEL_LostCreekResv s1_asc: 146 bad acquisitions
ISMN_SNOTEL_MonitorPass s1_desc: 1 bad acquisitions
ISMN_SNOTEL_PalisadesTahoe s1_asc: 2 bad acquisitions
ISMN_SNOTEL_PorphyryCreek s1_desc: 2 bad acquisitions
ISMN_SNOTEL_RainyPass s1_asc: 5 bad acquisitions
ISMN_SNOTEL_CrowCreek s1_asc: 1 bad acquisitions

Total bad acquisitions: 571
Loading TerraMindEncoder (CPU)...
  encoded 16/571
  encoded 32/571
  encoded 48/571
  encoded 64/571
  encoded 80/571
  encoded 96/571
  encoded 112/571
  encoded 128/571
  encoded 144/571
  encoded 160/571
  encoded 176/571
  encoded 192/571
  encoded 208/571
  encoded 224/571
  encoded 240/571
  encoded 256/571
  encoded 272/571
  encoded 288/571
  encoded 304/571
  encoded 320/571
  encoded 336/571
  encoded 352/571
  encoded 368/571
  encoded 384/571
  encoded 400/571
  encoded 416/571
  encoded 432/571
  encoded 448/571
  encoded 464/571
  encoded 480/571
  encoded 496/571
  encoded 512/571
  encoded 528/571
  encoded 544/571
  encoded 560/571
  encoded 571/571

Overwriting stale tokens in-place...
