Job     : 23330229
Node    : tcn496
Started : Mon Jun  1 09:09:52 CEST 2026

2026-06-01 09:09:56 INFO     Stations: 1010 (all from station_splits.csv)
2026-06-01 09:09:56 INFO     S1RTC already done: 1757 stations
2026-06-01 09:10:12 INFO     Stations to process: 1010  (workers=8)
2026-06-01 09:10:14 INFO     [  1/1010] Done  ISMN_AMMA-CATCH_Banizoumbou  S1RTC= LULC=done
2026-06-01 09:10:14 INFO     [  2/1010] Done  ISMN_AMMA-CATCH_Tondikiboro  S1RTC= LULC=done
2026-06-01 09:10:14 INFO     [  3/1010] Done  ISMN_ARM_Lamont-CF2  S1RTC= LULC=done
2026-06-01 09:10:14 INFO     [  4/1010] Done  ISMN_ARM_Anthony  S1RTC= LULC=done
2026-06-01 09:10:14 INFO     [  5/1010] Done  ISMN_ARM_MapleCity  S1RTC= LULC=done
2026-06-01 09:10:14 INFO     [  6/1010] Done  ISMN_ARM_Byron  S1RTC= LULC=done
2026-06-01 09:10:14 INFO     [  7/1010] Done  ISMN_ARM_Ashton  S1RTC= LULC=done
2026-06-01 09:10:15 INFO     [  8/1010] Done  ISMN_ARM_Lamont-CF1  S1RTC= LULC=done
2026-06-01 09:10:15 INFO     [  9/1010] Done  ISMN_ARM_Marshall  S1RTC= LULC=done
2026-06-01 09:10:16 INFO     [ 10/1010] Done  ISMN_ARM_Medford  S1RTC= LULC=done
2026-06-01 09:10:16 INFO     [ 11/1010] Done  ISMN_ARM_Omega  S1RTC= LULC=done
2026-06-01 09:10:16 INFO     [ 12/1010] Done  ISMN_ARM_Pawhuska  S1RTC= LULC=done
2026-06-01 09:10:16 INFO     [ 13/1010] Done  ISMN_ARM_Newkirk  S1RTC= LULC=done
2026-06-01 09:10:16 INFO     [ 14/1010] Done  ISMN_ARM_Morrison  S1RTC= LULC=done
2026-06-01 09:10:16 INFO     [ 15/1010] Done  ISMN_ARM_Ringwood  S1RTC= LULC=done
2026-06-01 09:10:16 INFO     [ 16/1010] Done  ISMN_Berlin_PSA16krugwiesen  S1RTC= LULC=done
2026-06-01 09:10:16 INFO     [ 17/1010] Done  ISMN_ARM_Tyro  S1RTC= LULC=done
2026-06-01 09:10:17 INFO     [ 18/1010] Done  ISMN_ARM_Tryon  S1RTC= LULC=done
2026-06-01 09:10:17 INFO     [ 19/1010] Done  ISMN_Berlin_PSA14wiltinger  S1RTC= LULC=done
2026-06-01 09:10:17 INFO     [ 20/1010] Done  ISMN_Berlin_PSA15bucherchaus  S1RTC= LULC=done
2026-06-01 09:10:17 INFO     [ 21/1010] Done  ISMN_Berlin_DWDBerlin-Spaeth  S1RTC= LULC=done
2026-06-01 09:10:17 INFO     [ 22/1010] Done  ISMN_Berlin_DWDBerlinTempel  S1RTC= LULC=done
2026-06-01 09:10:17 INFO     [ 23/1010] Done  ISMN_Berlin_PSA17suedpark  S1RTC= LULC=done
2026-06-01 09:10:17 INFO     [ 24/1010] Done  ISMN_Berlin_PSA1BerlinerStr  S1RTC= LULC=done
2026-06-01 09:10:18 INFO     [ 25/1010] Done  ISMN_ARM_Waukomis  S1RTC= LULC=done
2026-06-01 09:10:18 INFO     [ 26/1010] Done  ISMN_Berlin_PSA18Pfaueninsel  S1RTC= LULC=done
2026-06-01 09:10:18 INFO     [ 27/1010] Done  ISMN_Berlin_PSA7Ruebezahl  S1RTC= LULC=done
2026-06-01 09:10:18 INFO     [ 28/1010] Done  ISMN_Berlin_PSA6Plaenterwald  S1RTC= LULC=done
2026-06-01 09:10:18 INFO     [ 29/1010] Done  ISMN_Berlin_PSA2Tiergarten  S1RTC= LULC=done
2026-06-01 09:10:18 INFO     [ 30/1010] Done  ISMN_Berlin_PflABerlin11Humb  S1RTC= LULC=done
2026-06-01 09:10:18 INFO     [ 31/1010] Done  ISMN_Berlin_PflABerlin12Schi  S1RTC= LULC=done
2026-06-01 09:10:18 INFO     [ 32/1010] Done  ISMN_Berlin_PSA4Heerstrasse  S1RTC= LULC=done
2026-06-01 09:10:18 INFO     [ 33/1010] Done  ISMN_Berlin_PflABerlin13Marz  S1RTC= LULC=done
2026-06-01 09:10:18 INFO     [ 34/1010] Done  ISMN_COSMOS_KLEE  S1RTC= LULC=done
2026-06-01 09:10:19 INFO     [ 35/1010] Done  ISMN_COSMOS-UK_Balruddery  S1RTC= LULC=done
2026-06-01 09:10:19 INFO     [ 36/1010] Done  ISMN_COSMOS-UK_ChimneyMeadows  S1RTC= LULC=done
2026-06-01 09:10:19 INFO     [ 37/1010] Done  ISMN_COSMOS-UK_Cochno  S1RTC= LULC=done
2026-06-01 09:10:19 INFO     [ 38/1010] Done  ISMN_COSMOS-UK_CwmGarw  S1RTC= LULC=done
2026-06-01 09:10:19 INFO     [ 39/1010] Done  ISMN_COSMOS-UK_BunnyPark  S1RTC= LULC=done
2026-06-01 09:10:19 INFO     [ 40/1010] Done  ISMN_COSMOS-UK_BickleyHall  S1RTC= LULC=done
2026-06-01 09:10:19 INFO     [ 41/1010] Done  ISMN_COSMOS-UK_Cardington  S1RTC= LULC=done
2026-06-01 09:10:20 INFO     [ 42/1010] Done  ISMN_COSMOS-UK_AliceHolt  S1RTC= LULC=done
2026-06-01 09:10:20 INFO     [ 43/1010] Done  ISMN_COSMOS-UK_Euston  S1RTC= LULC=done
2026-06-01 09:10:20 INFO     [ 44/1010] Done  ISMN_COSMOS-UK_Fincham  S1RTC= LULC=done
2026-06-01 09:10:20 INFO     [ 45/1010] Done  ISMN_COSMOS-UK_Heytesbury  S1RTC= LULC=done
2026-06-01 09:10:20 INFO     [ 46/1010] Done  ISMN_COSMOS-UK_HollinHill  S1RTC= LULC=done
2026-06-01 09:10:21 INFO     [ 47/1010] Done  ISMN_COSMOS-UK_Elmsett  S1RTC= LULC=done
2026-06-01 09:10:21 INFO     [ 48/1010] Done  ISMN_COSMOS-UK_HolmeLacy  S1RTC= LULC=done
2026-06-01 09:10:21 INFO     [ 49/1010] Done  ISMN_COSMOS-UK_HartwoodHome  S1RTC= LULC=done
2026-06-01 09:10:21 INFO     [ 50/1010] Done  ISMN_COSMOS-UK_Loddington  S1RTC= LULC=done
2026-06-01 09:10:21 INFO     [ 51/1010] Done  ISMN_COSMOS-UK_Fivemiletown  S1RTC= LULC=done
2026-06-01 09:10:21 INFO     [ 52/1010] Done  ISMN_COSMOS-UK_PortonDown  S1RTC= LULC=done
2026-06-01 09:10:21 INFO     [ 53/1010] Done  ISMN_COSMOS-UK_Redmere  S1RTC= LULC=done
2026-06-01 09:10:21 INFO     [ 54/1010] Done  ISMN_COSMOS-UK_MoretonMorrell  S1RTC= LULC=done
2026-06-01 09:10:22 INFO     [ 55/1010] Done  ISMN_COSMOS-UK_Morley  S1RTC= LULC=done
2026-06-01 09:10:22 INFO     [ 56/1010] Done  ISMN_COSMOS-UK_Redhill  S1RTC= LULC=done
2026-06-01 09:10:22 INFO     [ 57/1010] Done  ISMN_COSMOS-UK_Waddesdon  S1RTC= LULC=done
2026-06-01 09:10:22 INFO     [ 58/1010] Done  ISMN_COSMOS-UK_LullingtonHeath  S1RTC= LULC=done
2026-06-01 09:10:22 INFO     [ 59/1010] Done  ISMN_COSMOS-UK_SpenFarm  S1RTC= LULC=done
2026-06-01 09:10:22 INFO     [ 60/1010] Done  ISMN_COSMOS-UK_Rothamsted  S1RTC= LULC=done
2026-06-01 09:10:22 INFO     [ 61/1010] Done  ISMN_COSMOS-UK_Stoughton  S1RTC= LULC=done
2026-06-01 09:10:23 INFO     [ 62/1010] Done  ISMN_COSMOS-UK_Sheepdrove  S1RTC= LULC=done
2026-06-01 09:10:23 INFO     [ 63/1010] Done  ISMN_CW3E_BoyesCreekCanyon  S1RTC= LULC=done
2026-06-01 09:10:23 INFO     [ 64/1010] Done  ISMN_CW3E_BrownsValleySchool  S1RTC= LULC=done
2026-06-01 09:10:23 INFO     [ 65/1010] Done  ISMN_COSMOS-UK_Writtle  S1RTC= LULC=done
2026-06-01 09:10:23 INFO     [ 66/1010] Done  ISMN_CW3E_FeatherRiverCollege  S1RTC= LULC=done
2026-06-01 09:10:24 INFO     [ 67/1010] Done  ISMN_CW3E_YucaipaValley  S1RTC= LULC=done
2026-06-01 09:10:24 INFO     [ 68/1010] Done  ISMN_CW3E_SkylineHarvest  S1RTC= LULC=done
2026-06-01 09:10:24 INFO     [ 69/1010] Done  ISMN_CW3E_Deerwood  S1RTC= LULC=done
2026-06-01 09:10:24 INFO     [ 70/1010] Done  ISMN_CW3E_PotterValleyNorth  S1RTC= LULC=done
2026-06-01 09:10:24 INFO     [ 71/1010] Done  ISMN_FLUXNET-AMERIFLUX_TonziRanch  S1RTC= LULC=done
2026-06-01 09:10:24 INFO     [ 72/1010] Done  ISMN_FLUXNET-AMERIFLUX_BouldinIslandAlfalfa  S1RTC= LULC=done
2026-06-01 09:10:24 INFO     [ 73/1010] Done  ISMN_FLUXNET-AMERIFLUX_VairaRanch  S1RTC= LULC=done
2026-06-01 09:10:24 INFO     [ 74/1010] Done  ISMN_FMI_SAA120  S1RTC= LULC=done
2026-06-01 09:10:25 INFO     [ 75/1010] Done  ISMN_CW3E_NorthCowMountain  S1RTC= LULC=done
2026-06-01 09:10:25 INFO     [ 76/1010] Done  ISMN_FMI_SOD013  S1RTC= LULC=done
2026-06-01 09:10:25 INFO     [ 77/1010] Done  ISMN_FMI_SAA111  S1RTC= LULC=done
2026-06-01 09:10:25 INFO     [ 78/1010] Done  ISMN_FMI_SAA112  S1RTC= LULC=done
2026-06-01 09:10:25 INFO     [ 79/1010] Done  ISMN_FMI_SOD012  S1RTC= LULC=done
2026-06-01 09:10:25 INFO     [ 80/1010] Done  ISMN_FMI_SOD011  S1RTC= LULC=done
2026-06-01 09:10:25 INFO     [ 81/1010] Done  ISMN_FMI_SOD072  S1RTC= LULC=done
2026-06-01 09:10:25 INFO     [ 82/1010] Done  ISMN_FMI_SOD073  S1RTC= LULC=done
2026-06-01 09:10:26 INFO     [ 83/1010] Done  ISMN_FMI_SOD071  S1RTC= LULC=done
2026-06-01 09:10:26 INFO     [ 84/1010] Done  ISMN_FMI_SOD083  S1RTC= LULC=done
2026-06-01 09:10:26 INFO     [ 85/1010] Done  ISMN_FMI_SOD101  S1RTC= LULC=done
2026-06-01 09:10:26 INFO     [ 86/1010] Done  ISMN_FMI_SOD103  S1RTC= LULC=done
2026-06-01 09:10:26 INFO     [ 87/1010] Done  ISMN_FMI_SOD102  S1RTC= LULC=done
2026-06-01 09:10:26 INFO     [ 88/1010] Done  ISMN_FMI_SOD130  S1RTC= LULC=done
2026-06-01 09:10:26 INFO     [ 89/1010] Done  ISMN_FMI_SOD140  S1RTC= LULC=done
2026-06-01 09:10:26 INFO     [ 90/1010] Done  ISMN_FR_Aqui_fraye  S1RTC= LULC=done
2026-06-01 09:10:26 INFO     [ 91/1010] Done  ISMN_FMI_SOD081  S1RTC= LULC=done
2026-06-01 09:10:27 INFO     [ 92/1010] Done  ISMN_HOBE_1.05  S1RTC= LULC=done
2026-06-01 09:10:27 INFO     [ 93/1010] Done  ISMN_HOBE_2.01  S1RTC= LULC=done
2026-06-01 09:10:27 INFO     [ 94/1010] Done  ISMN_HOBE_2.11  S1RTC= LULC=done
2026-06-01 09:10:27 INFO     [ 95/1010] Done  ISMN_HOBE_3.06  S1RTC= LULC=done
2026-06-01 09:10:27 INFO     [ 96/1010] Done  ISMN_HOBE_1.07  S1RTC= LULC=done
2026-06-01 09:10:27 INFO     [ 97/1010] Done  ISMN_FR_Aqui_hillan2  S1RTC= LULC=done
2026-06-01 09:10:27 INFO     [ 98/1010] Done  ISMN_LAB-net_OromoCalibrationSite  S1RTC= LULC=done
2026-06-01 09:10:27 INFO     [ 99/1010] Done  ISMN_NAQU_NQKema  S1RTC= LULC=done
2026-06-01 09:10:27 INFO     [100/1010] Done  ISMN_NAQU_NQNorth  S1RTC= LULC=done
2026-06-01 09:10:27 INFO     [101/1010] Done  ISMN_FR_Aqui_parcmeteo  S1RTC= LULC=done
2026-06-01 09:10:28 INFO     [102/1010] Done  ISMN_MOL-RAO_Falkenberg  S1RTC= LULC=done
2026-06-01 09:10:28 INFO     [103/1010] Done  ISMN_NAQU_NQMS  S1RTC= LULC=done
2026-06-01 09:10:28 INFO     [104/1010] Done  ISMN_NGARI_ALI03  S1RTC= LULC=done
2026-06-01 09:10:28 INFO     [105/1010] Done  ISMN_NGARI_ALI02  S1RTC= LULC=done
2026-06-01 09:10:28 INFO     [106/1010] Done  ISMN_LABFLUX_Bussolenobosco  S1RTC= LULC=done
2026-06-01 09:10:28 INFO     [107/1010] Done  ISMN_NGARI_ALI01  S1RTC= LULC=done
2026-06-01 09:10:28 INFO     [108/1010] Done  ISMN_NGARI_SQ02  S1RTC= LULC=done
2026-06-01 09:10:28 INFO     [109/1010] Done  ISMN_LABFLUX_Nivolet  S1RTC= LULC=done
2026-06-01 09:10:28 INFO     [110/1010] Done  ISMN_NGARI_SQ07  S1RTC= LULC=done
2026-06-01 09:10:28 INFO     [111/1010] Done  ISMN_NGARI_SQ20  S1RTC= LULC=done
2026-06-01 09:10:29 INFO     [112/1010] Done  ISMN_NGARI_SQ14  S1RTC= LULC=done
2026-06-01 09:10:29 INFO     [113/1010] Done  ISMN_NGARI_SQ03  S1RTC= LULC=done
2026-06-01 09:10:29 INFO     [114/1010] Done  ISMN_NGARI_SQ17  S1RTC= LULC=done
2026-06-01 09:10:29 INFO     [115/1010] Done  ISMN_NGARI_SQ19  S1RTC= LULC=done
2026-06-01 09:10:29 INFO     [116/1010] Done  ISMN_NGARI_SQ21  S1RTC= LULC=done
2026-06-01 09:10:29 INFO     [117/1010] Done  ISMN_REMEDHUS_Canizal  S1RTC= LULC=done
2026-06-01 09:10:29 INFO     [118/1010] Done  ISMN_REMEDHUS_Carretoro  S1RTC= LULC=done
2026-06-01 09:10:29 INFO     [119/1010] Done  ISMN_REMEDHUS_ConcejodelMonte  S1RTC= LULC=done
2026-06-01 09:10:29 INFO     [120/1010] Done  ISMN_REMEDHUS_Guarrati  S1RTC= LULC=done
2026-06-01 09:10:30 INFO     [121/1010] Done  ISMN_REMEDHUS_ElTomillar  S1RTC= LULC=done
2026-06-01 09:10:30 INFO     [122/1010] Done  ISMN_REMEDHUS_ElCoto  S1RTC= LULC=done
2026-06-01 09:10:30 INFO     [123/1010] Done  ISMN_REMEDHUS_LaCruzdeElias  S1RTC= LULC=done
2026-06-01 09:10:30 INFO     [124/1010] Done  ISMN_REMEDHUS_LasVacas  S1RTC= LULC=done
2026-06-01 09:10:30 INFO     [125/1010] Done  ISMN_REMEDHUS_LasArenas  S1RTC= LULC=done
2026-06-01 09:10:31 INFO     [126/1010] Done  ISMN_REMEDHUS_Granja-g  S1RTC= LULC=done
2026-06-01 09:10:31 INFO     [127/1010] Done  ISMN_REMEDHUS_CasaPeriles  S1RTC= LULC=done
2026-06-01 09:10:31 INFO     [128/1010] Done  ISMN_REMEDHUS_LasTresRayas  S1RTC= LULC=done
2026-06-01 09:10:31 INFO     [129/1010] Done  ISMN_REMEDHUS_LasBrozas  S1RTC= LULC=done
2026-06-01 09:10:31 INFO     [130/1010] Done  ISMN_REMEDHUS_LasEritas  S1RTC= LULC=done
2026-06-01 09:10:31 INFO     [131/1010] Done  ISMN_REMEDHUS_Paredinas  S1RTC= LULC=done
2026-06-01 09:10:31 INFO     [132/1010] Done  ISMN_REMEDHUS_LlanosdelaBoveda  S1RTC= LULC=done
2026-06-01 09:10:32 INFO     [133/1010] Done  ISMN_REMEDHUS_Zamarron  S1RTC= LULC=done
2026-06-01 09:10:32 INFO     [134/1010] Done  ISMN_ROMPS_AbramovGlacier  S1RTC= LULC=done
2026-06-01 09:10:32 INFO     [135/1010] Done  ISMN_REMEDHUS_LasVictorias  S1RTC= LULC=done
2026-06-01 09:10:32 INFO     [136/1010] Done  ISMN_ROMPS_Baytik  S1RTC= LULC=done
2026-06-01 09:10:32 INFO     [137/1010] Done  ISMN_RSMN_Alexandria  S1RTC= LULC=done
2026-06-01 09:10:32 INFO     [138/1010] Done  ISMN_ROMPS_Kokomeren  S1RTC= LULC=done
2026-06-01 09:10:33 INFO     [139/1010] Done  ISMN_ROMPS_Maidanak  S1RTC= LULC=done
2026-06-01 09:10:33 INFO     [140/1010] Done  ISMN_ROMPS_GolubinGlacier  S1RTC= LULC=done
2026-06-01 09:10:33 INFO     [141/1010] Done  ISMN_RSMN_Banloc  S1RTC= LULC=done
2026-06-01 09:10:33 INFO     [142/1010] Done  ISMN_ROMPS_Maydantal  S1RTC= LULC=done
2026-06-01 09:10:34 INFO     [143/1010] Done  ISMN_RSMN_Calarasi  S1RTC= LULC=done
2026-06-01 09:10:34 INFO     [144/1010] Done  ISMN_RSMN_Bacles  S1RTC= LULC=done
2026-06-01 09:10:34 INFO     [145/1010] Done  ISMN_RSMN_Barlad  S1RTC= LULC=done
2026-06-01 09:10:34 INFO     [146/1010] Done  ISMN_RSMN_Oradea  S1RTC= LULC=done
2026-06-01 09:10:34 INFO     [147/1010] Done  ISMN_RSMN_Dumbraveni  S1RTC= LULC=done
2026-06-01 09:10:34 INFO     [148/1010] Done  ISMN_RSMN_Cotnari  S1RTC= LULC=done
2026-06-01 09:10:35 INFO     [149/1010] Done  ISMN_RSMN_SannicolauMare  S1RTC= LULC=done
2026-06-01 09:10:35 INFO     [150/1010] Done  ISMN_RSMN_Iasi  S1RTC= LULC=done
2026-06-01 09:10:35 INFO     [151/1010] Done  ISMN_RSMN_RosioriideVede  S1RTC= LULC=done
2026-06-01 09:10:35 INFO     [152/1010] Done  ISMN_RSMN_Darabani  S1RTC= LULC=done
2026-06-01 09:10:35 INFO     [153/1010] Done  ISMN_RSMN_Slatina  S1RTC= LULC=done
2026-06-01 09:10:35 INFO     [154/1010] Done  ISMN_RSMN_SatuMare  S1RTC= LULC=done
2026-06-01 09:10:36 INFO     [155/1010] Done  ISMN_SCAN_Alcalde  S1RTC= LULC=done
2026-06-01 09:10:36 INFO     [156/1010] Done  ISMN_RSMN_Tecuci  S1RTC= LULC=done
2026-06-01 09:10:36 INFO     [157/1010] Done  ISMN_SCAN_Abrams  S1RTC= LULC=done
2026-06-01 09:10:36 INFO     [158/1010] Done  ISMN_SCAN_AAMU-JTG  S1RTC= LULC=done
2026-06-01 09:10:36 INFO     [159/1010] Done  ISMN_SCAN_AllenFarms  S1RTC= LULC=done
2026-06-01 09:10:36 INFO     [160/1010] Done  ISMN_SCAN_AlkaliMesa  S1RTC= LULC=done
2026-06-01 09:10:37 INFO     [161/1010] Done  ISMN_SCAN_AshValley  S1RTC= LULC=done
2026-06-01 09:10:37 INFO     [162/1010] Done  ISMN_SCAN_BraggFarm  S1RTC= LULC=done
2026-06-01 09:10:37 INFO     [163/1010] Done  ISMN_SCAN_AdamsRanch#1  S1RTC= LULC=done
2026-06-01 09:10:37 INFO     [164/1010] Done  ISMN_SCAN_Ames  S1RTC= LULC=done
2026-06-01 09:10:37 INFO     [165/1010] Done  ISMN_SCAN_BodieHills  S1RTC= LULC=done
2026-06-01 09:10:37 INFO     [166/1010] Done  ISMN_SCAN_Bushland#1  S1RTC= LULC=done
2026-06-01 09:10:38 INFO     [167/1010] Done  ISMN_SCAN_Buckhorn  S1RTC= LULC=done
2026-06-01 09:10:38 INFO     [168/1010] Done  ISMN_SCAN_CarverFarm  S1RTC= LULC=done
2026-06-01 09:10:38 INFO     [169/1010] Done  ISMN_SCAN_BlueCreek  S1RTC= LULC=done
2026-06-01 09:10:38 INFO     [170/1010] Done  ISMN_SCAN_BuffaloJump  S1RTC= LULC=done
2026-06-01 09:10:38 INFO     [171/1010] Done  ISMN_SCAN_CPER  S1RTC= LULC=done
2026-06-01 09:10:39 INFO     [172/1010] Done  ISMN_SCAN_CacheJunction  S1RTC= LULC=done
2026-06-01 09:10:39 INFO     [173/1010] Done  ISMN_SCAN_CaveValley  S1RTC= LULC=done
2026-06-01 09:10:39 INFO     [174/1010] Done  ISMN_SCAN_CentraliaLake  S1RTC= LULC=done
2026-06-01 09:10:39 INFO     [175/1010] Done  ISMN_SCAN_Charkiln  S1RTC= LULC=done
2026-06-01 09:10:39 INFO     [176/1010] Done  ISMN_SCAN_ConradAgRc  S1RTC= LULC=done
2026-06-01 09:10:39 INFO     [177/1010] Done  ISMN_SCAN_Circleville  S1RTC= LULC=done
2026-06-01 09:10:40 INFO     [178/1010] Done  ISMN_SCAN_Combate  S1RTC= LULC=done
2026-06-01 09:10:40 INFO     [179/1010] Done  ISMN_SCAN_ChickenRidge  S1RTC= LULC=done
2026-06-01 09:10:40 INFO     [180/1010] Done  ISMN_SCAN_Crossroads  S1RTC= LULC=done
2026-06-01 09:10:40 INFO     [181/1010] Done  ISMN_SCAN_Dexter  S1RTC= LULC=done
2026-06-01 09:10:40 INFO     [182/1010] Done  ISMN_SCAN_CrescentLake#1  S1RTC= LULC=done
2026-06-01 09:10:41 INFO     [183/1010] Done  ISMN_SCAN_EagleLake  S1RTC= LULC=done
2026-06-01 09:10:41 INFO     [184/1010] Done  ISMN_SCAN_Cullman-NAHRC  S1RTC= LULC=done
2026-06-01 09:10:41 INFO     [185/1010] Done  ISMN_SCAN_DeepSprings  S1RTC= LULC=done
2026-06-01 09:10:41 INFO     [186/1010] Done  ISMN_SCAN_Eastland  S1RTC= LULC=done
2026-06-01 09:10:41 INFO     [187/1010] Done  ISMN_SCAN_EastviewFarm  S1RTC= LULC=done
2026-06-01 09:10:41 INFO     [188/1010] Done  ISMN_SCAN_DoeRidge  S1RTC= LULC=done
2026-06-01 09:10:42 INFO     [189/1010] Done  ISMN_SCAN_FordDryLake  S1RTC= LULC=done
2026-06-01 09:10:42 INFO     [190/1010] Done  ISMN_SCAN_FortAssiniboine#1  S1RTC= LULC=done
2026-06-01 09:10:42 INFO     [191/1010] Done  ISMN_SCAN_Ephraim  S1RTC= LULC=done
2026-06-01 09:10:42 INFO     [192/1010] Done  ISMN_SCAN_ElsberryPMC  S1RTC= LULC=done
2026-06-01 09:10:42 INFO     [193/1010] Done  ISMN_SCAN_Fortuna  S1RTC= LULC=done
2026-06-01 09:10:42 INFO     [194/1010] Done  ISMN_SCAN_Enterprise  S1RTC= LULC=done
2026-06-01 09:10:42 INFO     [195/1010] Done  ISMN_SCAN_EvergladesARS  S1RTC= LULC=done
2026-06-01 09:10:43 INFO     [196/1010] Done  ISMN_SCAN_ErosDataCenter  S1RTC= LULC=done
2026-06-01 09:10:43 INFO     [197/1010] Done  ISMN_SCAN_FrenchGulch  S1RTC= LULC=done
2026-06-01 09:10:43 INFO     [198/1010] Done  ISMN_SCAN_FortReno#1  S1RTC= LULC=done
2026-06-01 09:10:43 INFO     [199/1010] Done  ISMN_SCAN_Grantsville  S1RTC= LULC=done
2026-06-01 09:10:43 INFO     [200/1010] Done  ISMN_SCAN_GlacialRidge  S1RTC= LULC=done
2026-06-01 09:10:43 INFO     [201/1010] Done  ISMN_SCAN_Geneva#1  S1RTC= LULC=done
2026-06-01 09:10:44 INFO     [202/1010] Done  ISMN_SCAN_Hodges  S1RTC= LULC=done
2026-06-01 09:10:44 INFO     [203/1010] Done  ISMN_SCAN_GoodwinCkTimber  S1RTC= LULC=done
2026-06-01 09:10:45 INFO     [204/1010] Done  ISMN_SCAN_GreenRiver  S1RTC= LULC=done
2026-06-01 09:10:45 INFO     [205/1010] Done  ISMN_SCAN_Goshute  S1RTC= LULC=done
2026-06-01 09:10:45 INFO     [206/1010] Done  ISMN_SCAN_GrouseCreek  S1RTC= LULC=done
2026-06-01 09:10:45 INFO     [207/1010] Done  ISMN_SCAN_HalsCanyon  S1RTC= LULC=done
2026-06-01 09:10:45 INFO     [208/1010] Done  ISMN_SCAN_Holden  S1RTC= LULC=done
2026-06-01 09:10:45 INFO     [209/1010] Done  ISMN_SCAN_HarmsWay  S1RTC= LULC=done
2026-06-01 09:10:46 INFO     [210/1010] Done  ISMN_SCAN_JohnsonFarm  S1RTC= LULC=done
2026-06-01 09:10:46 INFO     [211/1010] Done  ISMN_SCAN_JornadaExpRange  S1RTC= LULC=done
2026-06-01 09:10:46 INFO     [212/1010] Done  ISMN_SCAN_JournaganRanch  S1RTC= LULC=done
2026-06-01 09:10:46 INFO     [213/1010] Done  ISMN_SCAN_IsbellFarms  S1RTC= LULC=done
2026-06-01 09:10:46 INFO     [214/1010] Done  ISMN_SCAN_HubbardBrook  S1RTC= LULC=done
2026-06-01 09:10:46 INFO     [215/1010] Done  ISMN_SCAN_KnoxCity  S1RTC= LULC=done
2026-06-01 09:10:46 INFO     [216/1010] Done  ISMN_SCAN_Kainaliu  S1RTC= LULC=done
2026-06-01 09:10:47 INFO     [217/1010] Done  ISMN_SCAN_KemoleGulch  S1RTC= LULC=done
2026-06-01 09:10:47 INFO     [218/1010] Done  ISMN_SCAN_LTSP  S1RTC= LULC=done
2026-06-01 09:10:47 INFO     [219/1010] Done  ISMN_SCAN_Jordan  S1RTC= LULC=done
2026-06-01 09:10:47 INFO     [220/1010] Done  ISMN_SCAN_KoptisFarms  S1RTC= LULC=done
2026-06-01 09:10:47 INFO     [221/1010] Done  ISMN_SCAN_KyleCanyon  S1RTC= LULC=done
2026-06-01 09:10:47 INFO     [222/1010] Done  ISMN_SCAN_Lehman  S1RTC= LULC=done
2026-06-01 09:10:47 INFO     [223/1010] Done  ISMN_SCAN_Kukuihaele  S1RTC= LULC=done
2026-06-01 09:10:47 INFO     [224/1010] Done  ISMN_SCAN_Levelland  S1RTC= LULC=done
2026-06-01 09:10:48 INFO     [225/1010] Done  ISMN_SCAN_LovelockNNR  S1RTC= LULC=done
2026-06-01 09:10:48 INFO     [226/1010] Done  ISMN_SCAN_MahantangoCk  S1RTC= LULC=done
2026-06-01 09:10:48 INFO     [227/1010] Done  ISMN_SCAN_Lind#1  S1RTC= LULC=done
2026-06-01 09:10:48 INFO     [228/1010] Done  ISMN_SCAN_LittleRiver  S1RTC= LULC=done
2026-06-01 09:10:49 INFO     [229/1010] Done  ISMN_SCAN_LosLunasPMC  S1RTC= LULC=done
2026-06-01 09:10:49 INFO     [230/1010] Done  ISMN_SCAN_MammothCave  S1RTC= LULC=done
2026-06-01 09:10:49 INFO     [231/1010] Done  ISMN_SCAN_LyeBrook  S1RTC= LULC=done
2026-06-01 09:10:49 INFO     [232/1010] Done  ISMN_SCAN_LittleRedFox  S1RTC= LULC=done
2026-06-01 09:10:49 INFO     [233/1010] Done  ISMN_SCAN_ManaHouse  S1RTC= LULC=done
2026-06-01 09:10:49 INFO     [234/1010] Done  ISMN_SCAN_LovellSummit  S1RTC= LULC=done
2026-06-01 09:10:50 INFO     [235/1010] Done  ISMN_SCAN_MaricaoForest  S1RTC= LULC=done
2026-06-01 09:10:50 INFO     [236/1010] Done  ISMN_SCAN_Manderfield  S1RTC= LULC=done
2026-06-01 09:10:50 INFO     [237/1010] Done  ISMN_SCAN_MarbleCreek  S1RTC= LULC=done
2026-06-01 09:10:50 INFO     [238/1010] Done  ISMN_SCAN_Mandan#1  S1RTC= LULC=done
2026-06-01 09:10:50 INFO     [239/1010] Done  ISMN_SCAN_Mayday  S1RTC= LULC=done
2026-06-01 09:10:51 INFO     [240/1010] Done  ISMN_SCAN_MccrackenMesa  S1RTC= LULC=done
2026-06-01 09:10:51 INFO     [241/1010] Done  ISMN_SCAN_Mason#1  S1RTC= LULC=done
2026-06-01 09:10:51 INFO     [242/1010] Done  ISMN_SCAN_McAllisterFarm  S1RTC= LULC=done
2026-06-01 09:10:51 INFO     [243/1010] Done  ISMN_SCAN_Milford  S1RTC= LULC=done
2026-06-01 09:10:51 INFO     [244/1010] Done  ISMN_SCAN_MonoclineRidge  S1RTC= LULC=done
2026-06-01 09:10:52 INFO     [245/1010] Done  ISMN_SCAN_Morgan  S1RTC= LULC=done
2026-06-01 09:10:52 INFO     [246/1010] Done  ISMN_SCAN_MorrisFarms  S1RTC= LULC=done
2026-06-01 09:10:52 INFO     [247/1010] Done  ISMN_SCAN_MtVernon  S1RTC= LULC=done
2026-06-01 09:10:52 INFO     [248/1010] Done  ISMN_SCAN_Nunn#1  S1RTC= LULC=done
2026-06-01 09:10:52 INFO     [249/1010] Done  ISMN_SCAN_Moccasin  S1RTC= LULC=done
2026-06-01 09:10:52 INFO     [250/1010] Done  ISMN_SCAN_Nacogdoches  S1RTC= LULC=done
2026-06-01 09:10:53 INFO     [251/1010] Done  ISMN_SCAN_MountainHome  S1RTC= LULC=done
2026-06-01 09:10:53 INFO     [252/1010] Done  ISMN_SCAN_Nephi  S1RTC= LULC=done
2026-06-01 09:10:53 INFO     [253/1010] Done  ISMN_SCAN_OrchardRangeSite  S1RTC= LULC=done
2026-06-01 09:10:53 INFO     [254/1010] Done  ISMN_SCAN_NorthIssaquena  S1RTC= LULC=done
2026-06-01 09:10:53 INFO     [255/1010] Done  ISMN_SCAN_Onward  S1RTC= LULC=done
2026-06-01 09:10:53 INFO     [256/1010] Done  ISMN_SCAN_NPiedmontArec  S1RTC= LULC=done
2026-06-01 09:10:56 INFO     [257/1010] Done  ISMN_SCAN_PerdidoRivFarms  S1RTC= LULC=done
2026-06-01 09:10:56 INFO     [258/1010] Done  ISMN_SCAN_Panguitch  S1RTC= LULC=done
2026-06-01 09:10:56 INFO     [259/1010] Done  ISMN_SCAN_ParkValley  S1RTC= LULC=done
2026-06-01 09:10:56 INFO     [260/1010] Done  ISMN_SCAN_PineNut  S1RTC= LULC=done
2026-06-01 09:10:56 INFO     [261/1010] Done  ISMN_SCAN_PeeDee  S1RTC= LULC=done
2026-06-01 09:10:57 INFO     [262/1010] Done  ISMN_SCAN_Perthshire  S1RTC= LULC=done
2026-06-01 09:10:57 INFO     [263/1010] Done  ISMN_SCAN_PowderMill  S1RTC= LULC=done
2026-06-01 09:10:57 INFO     [264/1010] Done  ISMN_SCAN_Princeton#1  S1RTC= LULC=done
2026-06-01 09:10:57 INFO     [265/1010] Done  ISMN_SCAN_Phillipsburg  S1RTC= LULC=done
2026-06-01 09:10:57 INFO     [266/1010] Done  ISMN_SCAN_PowellGardens  S1RTC= LULC=done
2026-06-01 09:10:58 INFO     [267/1010] Done  ISMN_SCAN_Price  S1RTC= LULC=done
2026-06-01 09:10:58 INFO     [268/1010] Done  ISMN_SCAN_ReynoldsHomestead  S1RTC= LULC=done
2026-06-01 09:10:58 INFO     [269/1010] Done  ISMN_SCAN_RiverRoadFarms  S1RTC= LULC=done
2026-06-01 09:10:58 INFO     [270/1010] Done  ISMN_SCAN_PrairieView#1  S1RTC= LULC=done
2026-06-01 09:10:58 INFO     [271/1010] Done  ISMN_SCAN_ReeseCenter  S1RTC= LULC=done
2026-06-01 09:10:58 INFO     [272/1010] Done  ISMN_SCAN_RogersFarm#1  S1RTC= LULC=done
2026-06-01 09:10:59 INFO     [273/1010] Done  ISMN_SCAN_SanAngelo  S1RTC= LULC=done
2026-06-01 09:10:59 INFO     [274/1010] Done  ISMN_SCAN_Scott  S1RTC= LULC=done
2026-06-01 09:10:59 INFO     [275/1010] Done  ISMN_SCAN_Sevilleta  S1RTC= LULC=done
2026-06-01 09:10:59 INFO     [276/1010] Done  ISMN_SCAN_Selma  S1RTC= LULC=done
2026-06-01 09:10:59 INFO     [277/1010] Done  ISMN_SCAN_SandHollow  S1RTC= LULC=done
2026-06-01 09:10:59 INFO     [278/1010] Done  ISMN_SCAN_Shenandoah  S1RTC= LULC=done
2026-06-01 09:10:59 INFO     [279/1010] Done  ISMN_SCAN_RockSpringsPa  S1RTC= LULC=done
2026-06-01 09:10:59 INFO     [280/1010] Done  ISMN_SCAN_SandyRidge  S1RTC= LULC=done
2026-06-01 09:11:00 INFO     [281/1010] Done  ISMN_SCAN_SellersLake#1  S1RTC= LULC=done
2026-06-01 09:11:00 INFO     [282/1010] Done  ISMN_SCAN_ShagbarkHills  S1RTC= LULC=done
2026-06-01 09:11:00 INFO     [283/1010] Done  ISMN_SCAN_Sidney  S1RTC= LULC=done
2026-06-01 09:11:00 INFO     [284/1010] Done  ISMN_SCAN_SinkinForest  S1RTC= LULC=done
2026-06-01 09:11:00 INFO     [285/1010] Done  ISMN_SCAN_SilverSword  S1RTC= LULC=done
2026-06-01 09:11:00 INFO     [286/1010] Done  ISMN_SCAN_SilverCity  S1RTC= LULC=done
2026-06-01 09:11:01 INFO     [287/1010] Done  ISMN_SCAN_StanleyFarm  S1RTC= LULC=done
2026-06-01 09:11:01 INFO     [288/1010] Done  ISMN_SCAN_Starkville  S1RTC= LULC=done
2026-06-01 09:11:01 INFO     [289/1010] Done  ISMN_SCAN_SplitMountain  S1RTC= LULC=done
2026-06-01 09:11:01 INFO     [290/1010] Done  ISMN_SCAN_Stephenville  S1RTC= LULC=done
2026-06-01 09:11:01 INFO     [291/1010] Done  ISMN_SCAN_Spickard  S1RTC= LULC=done
2026-06-01 09:11:01 INFO     [292/1010] Done  ISMN_SCAN_Spooky  S1RTC= LULC=done
2026-06-01 09:11:01 INFO     [293/1010] Done  ISMN_SCAN_Stubblefield  S1RTC= LULC=done
2026-06-01 09:11:02 INFO     [294/1010] Done  ISMN_SCAN_SunleafNursery  S1RTC= LULC=done
2026-06-01 09:11:02 INFO     [295/1010] Done  ISMN_SCAN_TroughSprings  S1RTC= LULC=done
2026-06-01 09:11:02 INFO     [296/1010] Done  ISMN_SCAN_TncFortBayou  S1RTC= LULC=done
2026-06-01 09:11:03 INFO     [297/1010] Done  ISMN_SCAN_SudduthFarms  S1RTC= LULC=done
2026-06-01 09:11:03 INFO     [298/1010] Done  ISMN_SCAN_TidewaterArec  S1RTC= LULC=done
2026-06-01 09:11:03 INFO     [299/1010] Done  ISMN_SCAN_Torrington#1  S1RTC= LULC=done
2026-06-01 09:11:03 INFO     [300/1010] Done  ISMN_SCAN_TableMountain  S1RTC= LULC=done
2026-06-01 09:11:03 INFO     [301/1010] Done  ISMN_SCAN_Tunica  S1RTC= LULC=done
2026-06-01 09:11:03 INFO     [302/1010] Done  ISMN_SCAN_TuleValley  S1RTC= LULC=done
2026-06-01 09:11:03 INFO     [303/1010] Done  ISMN_SCAN_TwinPinesConservationArea  S1RTC= LULC=done
2026-06-01 09:11:03 INFO     [304/1010] Done  ISMN_SCAN_UapbCampus-PB  S1RTC= LULC=done
2026-06-01 09:11:03 INFO     [305/1010] Done  ISMN_SCAN_UWPlatteville  S1RTC= LULC=done
2026-06-01 09:11:04 INFO     [306/1010] Done  ISMN_SCAN_Vallecitos  S1RTC= LULC=done
2026-06-01 09:11:04 INFO     [307/1010] Done  ISMN_SCAN_Uvalde  S1RTC= LULC=done
2026-06-01 09:11:04 INFO     [308/1010] Done  ISMN_SCAN_UapbDewitt  S1RTC= LULC=done
2026-06-01 09:11:04 INFO     [309/1010] Done  ISMN_SCAN_Vernon  S1RTC= LULC=done
2026-06-01 09:11:04 INFO     [310/1010] Done  ISMN_SCAN_UapbPointRemove  S1RTC= LULC=done
2026-06-01 09:11:05 INFO     [311/1010] Done  ISMN_SCAN_Uapb-Earle  S1RTC= LULC=done
2026-06-01 09:11:05 INFO     [312/1010] Done  ISMN_SCAN_Violett  S1RTC= LULC=done
2026-06-01 09:11:05 INFO     [313/1010] Done  ISMN_SCAN_Vermillion  S1RTC= LULC=done
2026-06-01 09:11:05 INFO     [314/1010] Done  ISMN_SCAN_WaimeaPlain  S1RTC= LULC=done
2026-06-01 09:11:05 INFO     [315/1010] Done  ISMN_SCAN_Watkinsville#1  S1RTC= LULC=done
2026-06-01 09:11:05 INFO     [316/1010] Done  ISMN_SCAN_Wabeno#1  S1RTC= LULC=done
2026-06-01 09:11:06 INFO     [317/1010] Done  ISMN_SCAN_Wakulla#1  S1RTC= LULC=done
2026-06-01 09:11:06 INFO     [318/1010] Done  ISMN_SCAN_Wtars  S1RTC= LULC=done
2026-06-01 09:11:06 INFO     [319/1010] Done  ISMN_SCAN_WestSummit  S1RTC= LULC=done
2026-06-01 09:11:06 INFO     [320/1010] Done  ISMN_SCAN_WalnutGulch#1  S1RTC= LULC=done
2026-06-01 09:11:06 INFO     [321/1010] Done  ISMN_SCAN_YoumansFarm  S1RTC= LULC=done
2026-06-01 09:11:06 INFO     [322/1010] Done  ISMN_SMOSMANIA_Barnas  S1RTC= LULC=done
2026-06-01 09:11:06 INFO     [323/1010] Done  ISMN_SCAN_WillowWells  S1RTC= LULC=done
2026-06-01 09:11:07 INFO     [324/1010] Done  ISMN_SD_DEM_Demokeya  S1RTC= LULC=done
2026-06-01 09:11:07 INFO     [325/1010] Done  ISMN_SMOSMANIA_Berzeme  S1RTC= LULC=done
2026-06-01 09:11:07 INFO     [326/1010] Done  ISMN_SMOSMANIA_Condom  S1RTC= LULC=done
2026-06-01 09:11:07 INFO     [327/1010] Done  ISMN_SMOSMANIA_CabrieresdAvignon  S1RTC= LULC=done
2026-06-01 09:11:08 INFO     [328/1010] Done  ISMN_SMOSMANIA_Lahas  S1RTC= LULC=done
2026-06-01 09:11:08 INFO     [329/1010] Done  ISMN_SMOSMANIA_LezignanCorbieres  S1RTC= LULC=done
2026-06-01 09:11:08 INFO     [330/1010] Done  ISMN_SMOSMANIA_Mejannes-le-Clap  S1RTC= LULC=done
2026-06-01 09:11:08 INFO     [331/1010] Done  ISMN_SMOSMANIA_LaGrandCombe  S1RTC= LULC=done
2026-06-01 09:11:08 INFO     [332/1010] Done  ISMN_SMOSMANIA_CreondArmagnac  S1RTC= LULC=done
2026-06-01 09:11:08 INFO     [333/1010] Done  ISMN_SMOSMANIA_Mazan-Abbaye  S1RTC= LULC=done
2026-06-01 09:11:09 INFO     [334/1010] Done  ISMN_SMOSMANIA_Prades-le-Lez  S1RTC= LULC=done
2026-06-01 09:11:09 INFO     [335/1010] Done  ISMN_SMOSMANIA_Montaut  S1RTC= LULC=done
2026-06-01 09:11:09 INFO     [336/1010] Done  ISMN_SMOSMANIA_Narbonne  S1RTC= LULC=done
2026-06-01 09:11:09 INFO     [337/1010] Done  ISMN_SMOSMANIA_Mouthoumet  S1RTC= LULC=done
2026-06-01 09:11:09 INFO     [338/1010] Done  ISMN_SMOSMANIA_PeyrusseGrande  S1RTC= LULC=done
2026-06-01 09:11:09 INFO     [339/1010] Done  ISMN_SMOSMANIA_Savenes  S1RTC= LULC=done
2026-06-01 09:11:10 INFO     [340/1010] Done  ISMN_SMOSMANIA_Sabres  S1RTC= LULC=done
2026-06-01 09:11:10 INFO     [341/1010] Done  ISMN_SMOSMANIA_SaintFelixdeLauragais  S1RTC= LULC=done
2026-06-01 09:11:10 INFO     [342/1010] Done  ISMN_SMOSMANIA_Pezenas  S1RTC= LULC=done
2026-06-01 09:11:11 INFO     [343/1010] Done  ISMN_SNOTEL_AguaCanyon  S1RTC= LULC=done
2026-06-01 09:11:11 INFO     [344/1010] Done  ISMN_SMOSMANIA_Urgons  S1RTC= LULC=done
2026-06-01 09:11:11 INFO     [345/1010] Done  ISMN_SNOTEL_AmericanCreek  S1RTC= LULC=done
2026-06-01 09:11:11 INFO     [346/1010] Done  ISMN_SMOSMANIA_Villevielle  S1RTC= LULC=done
2026-06-01 09:11:11 INFO     [347/1010] Done  ISMN_SNOTEL_Aniak  S1RTC= LULC=done
2026-06-01 09:11:11 INFO     [348/1010] Done  ISMN_SNOTEL_Atwater  S1RTC= LULC=done
2026-06-01 09:11:12 INFO     [349/1010] Done  ISMN_SNOTEL_AnchorRiverDivide  S1RTC= LULC=done
2026-06-01 09:11:12 INFO     [350/1010] Done  ISMN_SNOTEL_ArapahoRidge  S1RTC= LULC=done
2026-06-01 09:11:12 INFO     [351/1010] Done  ISMN_SNOTEL_Baldy  S1RTC= LULC=done
2026-06-01 09:11:12 INFO     [352/1010] Done  ISMN_SNOTEL_AtlantaSummit  S1RTC= LULC=done
2026-06-01 09:11:13 INFO     [353/1010] Done  ISMN_SNOTEL_BakerButte  S1RTC= LULC=done
2026-06-01 09:11:13 INFO     [354/1010] Done  ISMN_SNOTEL_BakerButteSmt  S1RTC= LULC=done
2026-06-01 09:11:13 INFO     [355/1010] Done  ISMN_SNOTEL_BearCanyon  S1RTC= LULC=done
2026-06-01 09:11:13 INFO     [356/1010] Done  ISMN_SNOTEL_AtigunPass  S1RTC= LULC=done
2026-06-01 09:11:13 INFO     [357/1010] Done  ISMN_SNOTEL_BannerSummit  S1RTC= LULC=done
2026-06-01 09:11:13 INFO     [358/1010] Done  ISMN_SNOTEL_BarM  S1RTC= LULC=done
2026-06-01 09:11:14 INFO     [359/1010] Done  ISMN_SNOTEL_BearCreek  S1RTC= LULC=done
2026-06-01 09:11:14 INFO     [360/1010] Done  ISMN_SNOTEL_BenLomondPeak  S1RTC= LULC=done
2026-06-01 09:11:14 INFO     [361/1010] Done  ISMN_SNOTEL_BearRiverRS  S1RTC= LULC=done
2026-06-01 09:11:14 INFO     [362/1010] Done  ISMN_SNOTEL_BenLomondTrail  S1RTC= LULC=done
2026-06-01 09:11:14 INFO     [363/1010] Done  ISMN_SNOTEL_BeaverDams  S1RTC= LULC=done
2026-06-01 09:11:15 INFO     [364/1010] Done  ISMN_SNOTEL_BerthoudSummit  S1RTC= LULC=done
2026-06-01 09:11:15 INFO     [365/1010] Done  ISMN_SNOTEL_BeaverDivide  S1RTC= LULC=done
2026-06-01 09:11:15 INFO     [366/1010] Done  ISMN_SNOTEL_BevansCabin  S1RTC= LULC=done
2026-06-01 09:11:16 INFO     [367/1010] Done  ISMN_SNOTEL_BerryCreek  S1RTC= LULC=done
2026-06-01 09:11:16 INFO     [368/1010] Done  ISMN_SNOTEL_BigCreekSum  S1RTC= LULC=done
2026-06-01 09:11:16 INFO     [369/1010] Done  ISMN_SNOTEL_BigSandyOpening  S1RTC= LULC=done
2026-06-01 09:11:16 INFO     [370/1010] Done  ISMN_SNOTEL_BigFlat  S1RTC= LULC=done
2026-06-01 09:11:16 INFO     [371/1010] Done  ISMN_SNOTEL_BigBend  S1RTC= LULC=done
2026-06-01 09:11:16 INFO     [372/1010] Done  ISMN_SNOTEL_BirdCreek  S1RTC= LULC=done
2026-06-01 09:11:16 INFO     [373/1010] Done  ISMN_SNOTEL_BlazedAlder  S1RTC= LULC=done
2026-06-01 09:11:17 INFO     [374/1010] Done  ISMN_SNOTEL_BlackFlat-U.M.Ck  S1RTC= LULC=done
2026-06-01 09:11:17 INFO     [375/1010] Done  ISMN_SNOTEL_BigMeadow  S1RTC= LULC=done
2026-06-01 09:11:17 INFO     [376/1010] Done  ISMN_SNOTEL_BlackhallMtn  S1RTC= LULC=done
2026-06-01 09:11:18 INFO     [377/1010] Done  ISMN_SNOTEL_Bourne  S1RTC= LULC=done
2026-06-01 09:11:18 INFO     [378/1010] Done  ISMN_SNOTEL_BoxCreek  S1RTC= LULC=done
2026-06-01 09:11:18 INFO     [379/1010] Done  ISMN_SNOTEL_BogusBasin  S1RTC= LULC=done
2026-06-01 09:11:18 INFO     [380/1010] Done  ISMN_SNOTEL_BobsHollow  S1RTC= LULC=done
2026-06-01 09:11:18 INFO     [381/1010] Done  ISMN_SNOTEL_BlueLakes  S1RTC= LULC=done
2026-06-01 09:11:18 INFO     [382/1010] Done  ISMN_SNOTEL_BlacksForkJct  S1RTC= LULC=done
2026-06-01 09:11:18 INFO     [383/1010] Done  ISMN_SNOTEL_BoxSprings  S1RTC= LULC=done
2026-06-01 09:11:18 INFO     [384/1010] Done  ISMN_SNOTEL_BostetterR.S.  S1RTC= LULC=done
2026-06-01 09:11:19 INFO     [385/1010] Done  ISMN_SNOTEL_BrownDuck  S1RTC= LULC=done
2026-06-01 09:11:19 INFO     [386/1010] Done  ISMN_SNOTEL_BrownTop  S1RTC= LULC=done
2026-06-01 09:11:19 INFO     [387/1010] Done  ISMN_SNOTEL_BrooklynLake  S1RTC= LULC=done
2026-06-01 09:11:19 INFO     [388/1010] Done  ISMN_SNOTEL_BrianHead  S1RTC= LULC=done
2026-06-01 09:11:19 INFO     [389/1010] Done  ISMN_SNOTEL_Brighton  S1RTC= LULC=done
2026-06-01 09:11:19 INFO     [390/1010] Done  ISMN_SNOTEL_BristleconeTrail  S1RTC= LULC=done
2026-06-01 09:11:20 INFO     [391/1010] Done  ISMN_SNOTEL_BuckPasture  S1RTC= LULC=done
2026-06-01 09:11:20 INFO     [392/1010] Done  ISMN_SNOTEL_BuckFlat  S1RTC= LULC=done
2026-06-01 09:11:20 INFO     [393/1010] Done  ISMN_SNOTEL_Buckinghorse  S1RTC= LULC=done
2026-06-01 09:11:20 INFO     [394/1010] Done  ISMN_SNOTEL_BuckboardFlat  S1RTC= LULC=done
2026-06-01 09:11:20 INFO     [395/1010] Done  ISMN_SNOTEL_BuckskinJoe  S1RTC= LULC=done
2026-06-01 09:11:21 INFO     [396/1010] Done  ISMN_SNOTEL_BurntMountain  S1RTC= LULC=done
2026-06-01 09:11:21 INFO     [397/1010] Done  ISMN_SNOTEL_BuckskinLower  S1RTC= LULC=done
2026-06-01 09:11:21 INFO     [398/1010] Done  ISMN_SNOTEL_BugLake  S1RTC= LULC=done
2026-06-01 09:11:21 INFO     [399/1010] Done  ISMN_SNOTEL_BurroMountain  S1RTC= LULC=done
2026-06-01 09:11:21 INFO     [400/1010] Done  ISMN_SNOTEL_BurtsMillerRanch  S1RTC= LULC=done
2026-06-01 09:11:22 INFO     [401/1010] Done  ISMN_SNOTEL_Cascade#2  S1RTC= LULC=done
2026-06-01 09:11:22 INFO     [402/1010] Done  ISMN_SNOTEL_CascadeMountain  S1RTC= LULC=done
2026-06-01 09:11:22 INFO     [403/1010] Done  ISMN_SNOTEL_CampJackson  S1RTC= LULC=done
2026-06-01 09:11:22 INFO     [404/1010] Done  ISMN_SNOTEL_Butte  S1RTC= LULC=done
2026-06-01 09:11:22 INFO     [405/1010] Done  ISMN_SNOTEL_CarsonPass  S1RTC= LULC=done
2026-06-01 09:11:23 INFO     [406/1010] Done  ISMN_SNOTEL_CastleValley  S1RTC= LULC=done
2026-06-01 09:11:23 INFO     [407/1010] Done  ISMN_SNOTEL_CaveMountain  S1RTC= LULC=done
2026-06-01 09:11:23 INFO     [408/1010] Done  ISMN_SNOTEL_Chalender  S1RTC= LULC=done
2026-06-01 09:11:23 INFO     [409/1010] Done  ISMN_SNOTEL_ChocolateGulch  S1RTC= LULC=done
2026-06-01 09:11:23 INFO     [410/1010] Done  ISMN_SNOTEL_CinnabarPark  S1RTC= LULC=done
2026-06-01 09:11:24 INFO     [411/1010] Done  ISMN_SNOTEL_ChalkCreek#1  S1RTC= LULC=done
2026-06-01 09:11:24 INFO     [412/1010] Done  ISMN_SNOTEL_ChalkCreek#2  S1RTC= LULC=done
2026-06-01 09:11:24 INFO     [413/1010] Done  ISMN_SNOTEL_Chepeta  S1RTC= LULC=done
2026-06-01 09:11:24 INFO     [414/1010] Done  ISMN_SNOTEL_Chisana  S1RTC= LULC=done
2026-06-01 09:11:25 INFO     [415/1010] Done  ISMN_SNOTEL_ClaytonSprings  S1RTC= LULC=done
2026-06-01 09:11:25 INFO     [416/1010] Done  ISMN_SNOTEL_ClackamasLake  S1RTC= LULC=done
2026-06-01 09:11:25 INFO     [417/1010] Done  ISMN_SNOTEL_CouchSummit  S1RTC= LULC=done
2026-06-01 09:11:25 INFO     [418/1010] Done  ISMN_SNOTEL_ClearCreek#1  S1RTC= LULC=done
2026-06-01 09:11:25 INFO     [419/1010] Done  ISMN_SNOTEL_ClearCreek#2  S1RTC= LULC=done
2026-06-01 09:11:25 INFO     [420/1010] Done  ISMN_SNOTEL_CraterMeadows  S1RTC= LULC=done
2026-06-01 09:11:26 INFO     [421/1010] Done  ISMN_SNOTEL_CorralCanyon  S1RTC= LULC=done
2026-06-01 09:11:26 INFO     [422/1010] Done  ISMN_SNOTEL_Coldfoot  S1RTC= LULC=done
2026-06-01 09:11:26 INFO     [423/1010] Done  ISMN_SNOTEL_CrowCreek  S1RTC= LULC=done
2026-06-01 09:11:26 INFO     [424/1010] Done  ISMN_SNOTEL_CrabCreek  S1RTC= LULC=done
2026-06-01 09:11:27 INFO     [425/1010] Done  ISMN_SNOTEL_Culebra#2  S1RTC= LULC=done
2026-06-01 09:11:27 INFO     [426/1010] Done  ISMN_SNOTEL_CurrantCreek  S1RTC= LULC=done
2026-06-01 09:11:27 INFO     [427/1010] Done  ISMN_SNOTEL_CssLab  S1RTC= LULC=done
2026-06-01 09:11:27 INFO     [428/1010] Done  ISMN_SNOTEL_Daniels-Strawberry  S1RTC= LULC=done
2026-06-01 09:11:27 INFO     [429/1010] Done  ISMN_SNOTEL_DisasterPeak  S1RTC= LULC=done
2026-06-01 09:11:27 INFO     [430/1010] Done  ISMN_SNOTEL_DillsCamp  S1RTC= LULC=done
2026-06-01 09:11:28 INFO     [431/1010] Done  ISMN_SNOTEL_DonkeyReservoir  S1RTC= LULC=done
2026-06-01 09:11:28 INFO     [432/1010] Done  ISMN_SNOTEL_DorseyBasin  S1RTC= LULC=done
2026-06-01 09:11:28 INFO     [433/1010] Done  ISMN_SNOTEL_DrawCreek  S1RTC= LULC=done
2026-06-01 09:11:28 INFO     [434/1010] Done  ISMN_SNOTEL_DryCreek  S1RTC= LULC=done
2026-06-01 09:11:28 INFO     [435/1010] Done  ISMN_SNOTEL_DryBreadPond  S1RTC= LULC=done
2026-06-01 09:11:29 INFO     [436/1010] Done  ISMN_SNOTEL_DryFork  S1RTC= LULC=done
2026-06-01 09:11:29 INFO     [437/1010] Done  ISMN_SNOTEL_DryLake  S1RTC= LULC=done
2026-06-01 09:11:29 INFO     [438/1010] Done  ISMN_SNOTEL_EagleSummit  S1RTC= LULC=done
2026-06-01 09:11:29 INFO     [439/1010] Done  ISMN_SNOTEL_EFBlacksForkGS  S1RTC= LULC=done
2026-06-01 09:11:30 INFO     [440/1010] Done  ISMN_SNOTEL_ElkCabin  S1RTC= LULC=done
2026-06-01 09:11:30 INFO     [441/1010] Done  ISMN_SNOTEL_EbbettsPass  S1RTC= LULC=done
2026-06-01 09:11:30 INFO     [442/1010] Done  ISMN_SNOTEL_EastWillowCreek  S1RTC= LULC=done
2026-06-01 09:11:30 INFO     [443/1010] Done  ISMN_SNOTEL_FallenLeaf  S1RTC= LULC=done
2026-06-01 09:11:30 INFO     [444/1010] Done  ISMN_SNOTEL_EastRimDivide  S1RTC= LULC=done
2026-06-01 09:11:31 INFO     [445/1010] Done  ISMN_SNOTEL_EchoPeak  S1RTC= LULC=done
2026-06-01 09:11:31 INFO     [446/1010] Done  ISMN_SNOTEL_Farmington  S1RTC= LULC=done
2026-06-01 09:11:31 INFO     [447/1010] Done  ISMN_SNOTEL_Fifteenmile  S1RTC= LULC=done
2026-06-01 09:11:31 INFO     [448/1010] Done  ISMN_SNOTEL_ExitGlacier  S1RTC= LULC=done
2026-06-01 09:11:32 INFO     [449/1010] Done  ISMN_SNOTEL_FieldingLake  S1RTC= LULC=done
2026-06-01 09:11:32 INFO     [450/1010] Done  ISMN_SNOTEL_FarmingtonLower  S1RTC= LULC=done
2026-06-01 09:11:32 INFO     [451/1010] Done  ISMN_SNOTEL_FarnsworthLake  S1RTC= LULC=done
2026-06-01 09:11:32 INFO     [452/1010] Done  ISMN_SNOTEL_FawnCreek  S1RTC= LULC=done
2026-06-01 09:11:32 INFO     [453/1010] Done  ISMN_SNOTEL_FishLakeUtah  S1RTC= LULC=done
2026-06-01 09:11:32 INFO     [454/1010] Done  ISMN_SNOTEL_FivePointsLake  S1RTC= LULC=done
2026-06-01 09:11:33 INFO     [455/1010] Done  ISMN_SNOTEL_ForestdaleCreek  S1RTC= LULC=done
2026-06-01 09:11:33 INFO     [456/1010] Done  ISMN_SNOTEL_FranklinBasin  S1RTC= LULC=done
2026-06-01 09:11:33 INFO     [457/1010] Done  ISMN_SNOTEL_FremontPass  S1RTC= LULC=done
2026-06-01 09:11:33 INFO     [458/1010] Done  ISMN_SNOTEL_GBRCHQ  S1RTC= LULC=done
2026-06-01 09:11:34 INFO     [459/1010] Done  ISMN_SNOTEL_FryCanyon  S1RTC= LULC=done
2026-06-01 09:11:34 INFO     [460/1010] Done  ISMN_SNOTEL_FredonyerPeak  S1RTC= LULC=done
2026-06-01 09:11:34 INFO     [461/1010] Done  ISMN_SNOTEL_GBRCMeadows  S1RTC= LULC=done
2026-06-01 09:11:35 INFO     [462/1010] Done  ISMN_SNOTEL_Giveout  S1RTC= LULC=done
2026-06-01 09:11:35 INFO     [463/1010] Done  ISMN_SNOTEL_GaritaPeak  S1RTC= LULC=done
2026-06-01 09:11:35 INFO     [464/1010] Done  ISMN_SNOTEL_GallegosPeak  S1RTC= LULC=done
2026-06-01 09:11:35 INFO     [465/1010] Done  ISMN_SNOTEL_GardnerPeak  S1RTC= LULC=done
2026-06-01 09:11:35 INFO     [466/1010] Done  ISMN_SNOTEL_GalenaSummit  S1RTC= LULC=done
2026-06-01 09:11:35 INFO     [467/1010] Done  ISMN_SNOTEL_GardenCitySummit  S1RTC= LULC=done
2026-06-01 09:11:35 INFO     [468/1010] Done  ISMN_SNOTEL_GobblersKnob  S1RTC= LULC=done
2026-06-01 09:11:36 INFO     [469/1010] Done  ISMN_SNOTEL_GeorgeCreek  S1RTC= LULC=done
2026-06-01 09:11:36 INFO     [470/1010] Done  ISMN_SNOTEL_GoldBasin  S1RTC= LULC=done
2026-06-01 09:11:36 INFO     [471/1010] Done  ISMN_SNOTEL_GalenaAK  S1RTC= LULC=done
2026-06-01 09:11:36 INFO     [472/1010] Done  ISMN_SNOTEL_GoldAxeCamp  S1RTC= LULC=done
2026-06-01 09:11:36 INFO     [473/1010] Done  ISMN_SNOTEL_Golconda  S1RTC= LULC=done
2026-06-01 09:11:37 INFO     [474/1010] Done  ISMN_SNOTEL_GooseberryRSUp  S1RTC= LULC=done
2026-06-01 09:11:37 INFO     [475/1010] Done  ISMN_SNOTEL_GooseberryRS  S1RTC= LULC=done
2026-06-01 09:11:37 INFO     [476/1010] Done  ISMN_SNOTEL_GraniteCrk  S1RTC= LULC=done
2026-06-01 09:11:37 INFO     [477/1010] Done  ISMN_SNOTEL_GrandTarghee  S1RTC= LULC=done
2026-06-01 09:11:37 INFO     [478/1010] Done  ISMN_SNOTEL_GrizzlyPeak  S1RTC= LULC=done
2026-06-01 09:11:37 INFO     [479/1010] Done  ISMN_SNOTEL_GraniteCreek  S1RTC= LULC=done
2026-06-01 09:11:38 INFO     [480/1010] Done  ISMN_SNOTEL_GranitePeak  S1RTC= LULC=done
2026-06-01 09:11:38 INFO     [481/1010] Done  ISMN_SNOTEL_GulkanaRiver  S1RTC= LULC=done
2026-06-01 09:11:38 INFO     [482/1010] Done  ISMN_SNOTEL_GreenMountain  S1RTC= LULC=done
2026-06-01 09:11:39 INFO     [483/1010] Done  ISMN_SNOTEL_HagansMeadow  S1RTC= LULC=done
2026-06-01 09:11:39 INFO     [484/1010] Done  ISMN_SNOTEL_HappyJack  S1RTC= LULC=done
2026-06-01 09:11:39 INFO     [485/1010] Done  ISMN_SNOTEL_GutzPeak  S1RTC= LULC=done
2026-06-01 09:11:39 INFO     [486/1010] Done  ISMN_SNOTEL_HarrisFlat  S1RTC= LULC=done
2026-06-01 09:11:39 INFO     [487/1010] Done  ISMN_SNOTEL_Hardscrabble  S1RTC= LULC=done
2026-06-01 09:11:40 INFO     [488/1010] Done  ISMN_SNOTEL_HaydenFork  S1RTC= LULC=done
2026-06-01 09:11:40 INFO     [489/1010] Done  ISMN_SNOTEL_HighRidge  S1RTC= LULC=done
2026-06-01 09:11:40 INFO     [490/1010] Done  ISMN_SNOTEL_HawleyLake  S1RTC= LULC=done
2026-06-01 09:11:40 INFO     [491/1010] Done  ISMN_SNOTEL_HickersonPark  S1RTC= LULC=done
2026-06-01 09:11:40 INFO     [492/1010] Done  ISMN_SNOTEL_HiltsCreek  S1RTC= LULC=done
2026-06-01 09:11:40 INFO     [493/1010] Done  ISMN_SNOTEL_HeavenlyValley  S1RTC= LULC=done
2026-06-01 09:11:40 INFO     [494/1010] Done  ISMN_SNOTEL_Hewinta  S1RTC= LULC=done
2026-06-01 09:11:41 INFO     [495/1010] Done  ISMN_SNOTEL_HollandMeadows  S1RTC= LULC=done
2026-06-01 09:11:41 INFO     [496/1010] Done  ISMN_SNOTEL_HighLonesome  S1RTC= LULC=done
2026-06-01 09:11:41 INFO     [497/1010] Done  ISMN_SNOTEL_HobbleCreek  S1RTC= LULC=done
2026-06-01 09:11:41 INFO     [498/1010] Done  ISMN_SNOTEL_Hole-in-Rock  S1RTC= LULC=done
2026-06-01 09:11:42 INFO     [499/1010] Done  ISMN_SNOTEL_Hole-in-Mountain  S1RTC= LULC=done
2026-06-01 09:11:42 INFO     [500/1010] Done  ISMN_SNOTEL_HoosierPass  S1RTC= LULC=done
2026-06-01 09:11:42 INFO     [501/1010] Done  ISMN_SNOTEL_Hopewell  S1RTC= LULC=done
2026-06-01 09:11:42 INFO     [502/1010] Done  ISMN_SNOTEL_HorseMeadow  S1RTC= LULC=done
2026-06-01 09:11:42 INFO     [503/1010] Done  ISMN_SNOTEL_HorseRidge  S1RTC= LULC=done
2026-06-01 09:11:43 INFO     [504/1010] Done  ISMN_SNOTEL_HuntingtonHorse  S1RTC= LULC=done
2026-06-01 09:11:43 INFO     [505/1010] Done  ISMN_SNOTEL_ImnaviatCreek  S1RTC= LULC=done
2026-06-01 09:11:43 INFO     [506/1010] Done  ISMN_SNOTEL_IndependenceCamp  S1RTC= LULC=done
2026-06-01 09:11:44 INFO     [507/1010] Done  ISMN_SNOTEL_IndependenceLake  S1RTC= LULC=done
2026-06-01 09:11:44 INFO     [508/1010] Done  ISMN_SNOTEL_IslandPark  S1RTC= LULC=done
2026-06-01 09:11:44 INFO     [509/1010] Done  ISMN_SNOTEL_IndependenceCreek  S1RTC= LULC=done
2026-06-01 09:11:44 INFO     [510/1010] Done  ISMN_SNOTEL_JackCreekUpper  S1RTC= LULC=done
2026-06-01 09:11:44 INFO     [511/1010] Done  ISMN_SNOTEL_JackWadeJct  S1RTC= LULC=done
2026-06-01 09:11:44 INFO     [512/1010] Done  ISMN_SNOTEL_JacksPeak  S1RTC= LULC=done
2026-06-01 09:11:45 INFO     [513/1010] Done  ISMN_SNOTEL_JackwhackerGulch  S1RTC= LULC=done
2026-06-01 09:11:45 INFO     [514/1010] Done  ISMN_SNOTEL_JacksonPeak  S1RTC= LULC=done
2026-06-01 09:11:45 INFO     [515/1010] Done  ISMN_SNOTEL_KelleyR.S.  S1RTC= LULC=done
2026-06-01 09:11:45 INFO     [516/1010] Done  ISMN_SNOTEL_JonesCorral  S1RTC= LULC=done
2026-06-01 09:11:46 INFO     [517/1010] Done  ISMN_SNOTEL_Kalamazoo  S1RTC= LULC=done
2026-06-01 09:11:46 INFO     [518/1010] Done  ISMN_SNOTEL_JonesPass  S1RTC= LULC=done
2026-06-01 09:11:46 INFO     [519/1010] Done  ISMN_SNOTEL_KellyStation  S1RTC= LULC=done
2026-06-01 09:11:46 INFO     [520/1010] Done  ISMN_SNOTEL_KimberlyMine  S1RTC= LULC=done
2026-06-01 09:11:46 INFO     [521/1010] Done  ISMN_SNOTEL_KilfoilCreek  S1RTC= LULC=done
2026-06-01 09:11:47 INFO     [522/1010] Done  ISMN_SNOTEL_KenaiMoosePens  S1RTC= LULC=done
2026-06-01 09:11:47 INFO     [523/1010] Done  ISMN_SNOTEL_KingsCabin  S1RTC= LULC=done
2026-06-01 09:11:47 INFO     [524/1010] Done  ISMN_SNOTEL_LakeforkBasin  S1RTC= LULC=done
2026-06-01 09:11:47 INFO     [525/1010] Done  ISMN_SNOTEL_Kolob  S1RTC= LULC=done
2026-06-01 09:11:47 INFO     [526/1010] Done  ISMN_SNOTEL_Lakefork#1  S1RTC= LULC=done
2026-06-01 09:11:47 INFO     [527/1010] Done  ISMN_SNOTEL_KlondikeNarrows  S1RTC= LULC=done
2026-06-01 09:11:47 INFO     [528/1010] Done  ISMN_SNOTEL_LamoilleUpper  S1RTC= LULC=done
2026-06-01 09:11:48 INFO     [529/1010] Done  ISMN_SNOTEL_LamanceCreek  S1RTC= LULC=done
2026-06-01 09:11:48 INFO     [530/1010] Done  ISMN_SNOTEL_Lamoille#3  S1RTC= LULC=done
2026-06-01 09:11:48 INFO     [531/1010] Done  ISMN_SNOTEL_LarsenCreek  S1RTC= LULC=done
2026-06-01 09:11:49 INFO     [532/1010] Done  ISMN_SNOTEL_LasalMountain  S1RTC= LULC=done
2026-06-01 09:11:49 INFO     [533/1010] Done  ISMN_SNOTEL_LapreleCreek  S1RTC= LULC=done
2026-06-01 09:11:49 INFO     [534/1010] Done  ISMN_SNOTEL_LaurelDraw  S1RTC= LULC=done
2026-06-01 09:11:49 INFO     [535/1010] Done  ISMN_SNOTEL_LeavittMeadows  S1RTC= LULC=done
2026-06-01 09:11:49 INFO     [536/1010] Done  ISMN_SNOTEL_LasalMountain-Lower  S1RTC= LULC=done
2026-06-01 09:11:49 INFO     [537/1010] Done  ISMN_SNOTEL_LeavittLake  S1RTC= LULC=done
2026-06-01 09:11:50 INFO     [538/1010] Done  ISMN_SNOTEL_LewisLakeDivide  S1RTC= LULC=done
2026-06-01 09:11:50 INFO     [539/1010] Done  ISMN_SNOTEL_LightningRidge  S1RTC= LULC=done
2026-06-01 09:11:50 INFO     [540/1010] Done  ISMN_SNOTEL_LeeCanyon  S1RTC= LULC=done
2026-06-01 09:11:50 INFO     [541/1010] Done  ISMN_SNOTEL_LittleChenaRidge  S1RTC= LULC=done
2026-06-01 09:11:50 INFO     [542/1010] Done  ISMN_SNOTEL_LewisPeak  S1RTC= LULC=done
2026-06-01 09:11:51 INFO     [543/1010] Done  ISMN_SNOTEL_LilyLake  S1RTC= LULC=done
2026-06-01 09:11:51 INFO     [544/1010] Done  ISMN_SNOTEL_LittleBear  S1RTC= LULC=done
2026-06-01 09:11:51 INFO     [545/1010] Done  ISMN_SNOTEL_LilyPond  S1RTC= LULC=done
2026-06-01 09:11:51 INFO     [546/1010] Done  ISMN_SNOTEL_LittleGrassy  S1RTC= LULC=done
2026-06-01 09:11:51 INFO     [547/1010] Done  ISMN_SNOTEL_LittleSnakeRiver  S1RTC= LULC=done
2026-06-01 09:11:52 INFO     [548/1010] Done  ISMN_SNOTEL_LongDrawResv  S1RTC= LULC=done
2026-06-01 09:11:52 INFO     [549/1010] Done  ISMN_SNOTEL_LongValley  S1RTC= LULC=done
2026-06-01 09:11:52 INFO     [550/1010] Done  ISMN_SNOTEL_LittleValley  S1RTC= LULC=done
2026-06-01 09:11:52 INFO     [551/1010] Done  ISMN_SNOTEL_LizardHeadPass  S1RTC= LULC=done
2026-06-01 09:11:52 INFO     [552/1010] Done  ISMN_SNOTEL_LonesomeBeaver  S1RTC= LULC=done
2026-06-01 09:11:53 INFO     [553/1010] Done  ISMN_SNOTEL_LoneCone  S1RTC= LULC=done
2026-06-01 09:11:53 INFO     [554/1010] Done  ISMN_SNOTEL_LongFlat  S1RTC= LULC=done
2026-06-01 09:11:53 INFO     [555/1010] Done  ISMN_SNOTEL_LobdellLake  S1RTC= LULC=done
2026-06-01 09:11:53 INFO     [556/1010] Done  ISMN_SNOTEL_LookoutPeak  S1RTC= LULC=done
2026-06-01 09:11:54 INFO     [557/1010] Done  ISMN_SNOTEL_LostDog  S1RTC= LULC=done
2026-06-01 09:11:54 INFO     [558/1010] Done  ISMN_SNOTEL_LongValleyJct  S1RTC= LULC=done
2026-06-01 09:11:54 INFO     [559/1010] Done  ISMN_SNOTEL_MagicMountain  S1RTC= LULC=done
2026-06-01 09:11:54 INFO     [560/1010] Done  ISMN_SNOTEL_Mammoth-Cottonwood  S1RTC= LULC=done
2026-06-01 09:11:54 INFO     [561/1010] Done  ISMN_SNOTEL_Lookout  S1RTC= LULC=done
2026-06-01 09:11:54 INFO     [562/1010] Done  ISMN_SNOTEL_LostCreekResv  S1RTC= LULC=done
2026-06-01 09:11:54 INFO     [563/1010] Done  ISMN_SNOTEL_LouisMeadow  S1RTC= LULC=done
2026-06-01 09:11:55 INFO     [564/1010] Done  ISMN_SNOTEL_McneilRiverSGS  S1RTC= LULC=done
2026-06-01 09:11:55 INFO     [565/1010] Done  ISMN_SNOTEL_MarletteLake  S1RTC= LULC=done
2026-06-01 09:11:55 INFO     [566/1010] Done  ISMN_SNOTEL_MayCreek  S1RTC= LULC=done
2026-06-01 09:11:55 INFO     [567/1010] Done  ISMN_SNOTEL_MicaCreek  S1RTC= LULC=done
2026-06-01 09:11:55 INFO     [568/1010] Done  ISMN_SNOTEL_McGrath  S1RTC= LULC=done
2026-06-01 09:11:56 INFO     [569/1010] Done  ISMN_SNOTEL_MerchantValley  S1RTC= LULC=done
2026-06-01 09:11:56 INFO     [570/1010] Done  ISMN_SNOTEL_MedBow  S1RTC= LULC=done
2026-06-01 09:11:56 INFO     [571/1010] Done  ISMN_SNOTEL_MichiganCreek  S1RTC= LULC=done
2026-06-01 09:11:56 INFO     [572/1010] Done  ISMN_SNOTEL_MiddleForkCamp  S1RTC= LULC=done
2026-06-01 09:11:56 INFO     [573/1010] Done  ISMN_SNOTEL_MonumentCreek  S1RTC= LULC=done
2026-06-01 09:11:57 INFO     [574/1010] Done  ISMN_SNOTEL_Mill-DNorth  S1RTC= LULC=done
2026-06-01 09:11:57 INFO     [575/1010] Done  ISMN_SNOTEL_MidwayValley  S1RTC= LULC=done
2026-06-01 09:11:57 INFO     [576/1010] Done  ISMN_SNOTEL_MormonMountain  S1RTC= LULC=done
2026-06-01 09:11:57 INFO     [577/1010] Done  ISMN_SNOTEL_MonitorPass  S1RTC= LULC=done
2026-06-01 09:11:57 INFO     [578/1010] Done  ISMN_SNOTEL_MiningFork  S1RTC= LULC=done
2026-06-01 09:11:57 INFO     [579/1010] Done  ISMN_SNOTEL_MonteCristo  S1RTC= LULC=done
2026-06-01 09:11:57 INFO     [580/1010] Done  ISMN_SNOTEL_MooreCreekBridge  S1RTC= LULC=done
2026-06-01 09:11:58 INFO     [581/1010] Done  ISMN_SNOTEL_Mt.Ryan  S1RTC= LULC=done
2026-06-01 09:11:58 INFO     [582/1010] Done  ISMN_SNOTEL_MosesMtn  S1RTC= LULC=done
2026-06-01 09:11:58 INFO     [583/1010] Done  ISMN_SNOTEL_MormonMtnSummit  S1RTC= LULC=done
2026-06-01 09:11:58 INFO     [584/1010] Done  ISMN_SNOTEL_MosbyMtn.  S1RTC= LULC=done
2026-06-01 09:11:58 INFO     [585/1010] Done  ISMN_SNOTEL_MudFlat  S1RTC= LULC=done
2026-06-01 09:11:58 INFO     [586/1010] Done  ISMN_SNOTEL_MtBaldy  S1RTC= LULC=done
2026-06-01 09:11:59 INFO     [587/1010] Done  ISMN_SNOTEL_MoscowMountain  S1RTC= LULC=done
2026-06-01 09:11:59 INFO     [588/1010] Done  ISMN_SNOTEL_MosquitoRidge  S1RTC= LULC=done
2026-06-01 09:11:59 INFO     [589/1010] Done  ISMN_SNOTEL_MtPennell  S1RTC= LULC=done
2026-06-01 09:12:00 INFO     [590/1010] Done  ISMN_SNOTEL_MtRoseSkiArea  S1RTC= LULC=done
2026-06-01 09:12:00 INFO     [591/1010] Done  ISMN_SNOTEL_NavajoWhiskeyCk  S1RTC= LULC=done
2026-06-01 09:12:00 INFO     [592/1010] Done  ISMN_SNOTEL_MyrtleCreek  S1RTC= LULC=done
2026-06-01 09:12:00 INFO     [593/1010] Done  ISMN_SNOTEL_ONeilCreek  S1RTC= LULC=done
2026-06-01 09:12:00 INFO     [594/1010] Done  ISMN_SNOTEL_NukaGlacier  S1RTC= LULC=done
2026-06-01 09:12:01 INFO     [595/1010] Done  ISMN_SNOTEL_Palo  S1RTC= LULC=done
2026-06-01 09:12:01 INFO     [596/1010] Done  ISMN_SNOTEL_OakCreek  S1RTC= LULC=done
2026-06-01 09:12:01 INFO     [597/1010] Done  ISMN_SNOTEL_PalisadesTahoe  S1RTC= LULC=done
2026-06-01 09:12:01 INFO     [598/1010] Done  ISMN_SNOTEL_ParkCone  S1RTC= LULC=done
2026-06-01 09:12:01 INFO     [599/1010] Done  ISMN_SNOTEL_ParkReservoir  S1RTC= LULC=done
2026-06-01 09:12:02 INFO     [600/1010] Done  ISMN_SNOTEL_ParleysUpper  S1RTC= LULC=done
2026-06-01 09:12:02 INFO     [601/1010] Done  ISMN_SNOTEL_ParleysSummit  S1RTC= LULC=done
2026-06-01 09:12:02 INFO     [602/1010] Done  ISMN_SNOTEL_PanguitchLakeRS  S1RTC= LULC=done
2026-06-01 09:12:02 INFO     [603/1010] Done  ISMN_SNOTEL_PebbleCreek  S1RTC= LULC=done
2026-06-01 09:12:02 INFO     [604/1010] Done  ISMN_SNOTEL_ParrishCreek  S1RTC= LULC=done
2026-06-01 09:12:03 INFO     [605/1010] Done  ISMN_SNOTEL_PaysonR.S.  S1RTC= LULC=done
2026-06-01 09:12:03 INFO     [606/1010] Done  ISMN_SNOTEL_PhantomValley  S1RTC= LULC=done
2026-06-01 09:12:03 INFO     [607/1010] Done  ISMN_SNOTEL_PickleKeg  S1RTC= LULC=done
2026-06-01 09:12:03 INFO     [608/1010] Done  ISMN_SNOTEL_PoisonFlat  S1RTC= LULC=done
2026-06-01 09:12:03 INFO     [609/1010] Done  ISMN_SNOTEL_PocketCreek  S1RTC= LULC=done
2026-06-01 09:12:03 INFO     [610/1010] Done  ISMN_SNOTEL_PoleCreekR.S.  S1RTC= LULC=done
2026-06-01 09:12:04 INFO     [611/1010] Done  ISMN_SNOTEL_PineCreek  S1RTC= LULC=done
2026-06-01 09:12:04 INFO     [612/1010] Done  ISMN_SNOTEL_PierceR.S.  S1RTC= LULC=done
2026-06-01 09:12:04 INFO     [613/1010] Done  ISMN_SNOTEL_PowderMountain  S1RTC= LULC=done
2026-06-01 09:12:04 INFO     [614/1010] Done  ISMN_SNOTEL_QuartzMountain  S1RTC= LULC=done
2026-06-01 09:12:04 INFO     [615/1010] Done  ISMN_SNOTEL_PorphyryCreek  S1RTC= LULC=done
2026-06-01 09:12:04 INFO     [616/1010] Done  ISMN_SNOTEL_PortGraham  S1RTC= LULC=done
2026-06-01 09:12:04 INFO     [617/1010] Done  ISMN_SNOTEL_PoleCanyon  S1RTC= LULC=done
2026-06-01 09:12:05 INFO     [618/1010] Done  ISMN_SNOTEL_PorterCanyon  S1RTC= LULC=done
2026-06-01 09:12:05 INFO     [619/1010] Done  ISMN_SNOTEL_QuartzPeak  S1RTC= LULC=done
2026-06-01 09:12:05 INFO     [620/1010] Done  ISMN_SNOTEL_RainyPass  S1RTC= LULC=done
2026-06-01 09:12:06 INFO     [621/1010] Done  ISMN_SNOTEL_ReynoldsCreek  S1RTC= LULC=done
2026-06-01 09:12:06 INFO     [622/1010] Done  ISMN_SNOTEL_RaggedMountain  S1RTC= LULC=done
2026-06-01 09:12:06 INFO     [623/1010] Done  ISMN_SNOTEL_Quemazon  S1RTC= LULC=done
2026-06-01 09:12:06 INFO     [624/1010] Done  ISMN_SNOTEL_ReddenMineLwr  S1RTC= LULC=done
2026-06-01 09:12:06 INFO     [625/1010] Done  ISMN_SNOTEL_RainbowCanyon  S1RTC= LULC=done
2026-06-01 09:12:06 INFO     [626/1010] Done  ISMN_SNOTEL_ReesFlat  S1RTC= LULC=done
2026-06-01 09:12:06 INFO     [627/1010] Done  ISMN_SNOTEL_RockwoodGS  S1RTC= LULC=done
2026-06-01 09:12:06 INFO     [628/1010] Done  ISMN_SNOTEL_RockSprings  S1RTC= LULC=done
2026-06-01 09:12:06 INFO     [629/1010] Done  ISMN_SNOTEL_RioSantaBarbara  S1RTC= LULC=done
2026-06-01 09:12:07 INFO     [630/1010] Done  ISMN_SNOTEL_RoughAndTumble  S1RTC= LULC=done
2026-06-01 09:12:07 INFO     [631/1010] Done  ISMN_SNOTEL_RockyBasin-Settleme  S1RTC= LULC=done
2026-06-01 09:12:07 INFO     [632/1010] Done  ISMN_SNOTEL_SageCreekBasin  S1RTC= LULC=done
2026-06-01 09:12:07 INFO     [633/1010] Done  ISMN_SNOTEL_RockCreek  S1RTC= LULC=done
2026-06-01 09:12:08 INFO     [634/1010] Done  ISMN_SNOTEL_SaltRiverSummit  S1RTC= LULC=done
2026-06-01 09:12:08 INFO     [635/1010] Done  ISMN_SNOTEL_Rubicon#2  S1RTC= LULC=done
2026-06-01 09:12:08 INFO     [636/1010] Done  ISMN_SNOTEL_SandstoneRS  S1RTC= LULC=done
2026-06-01 09:12:08 INFO     [637/1010] Done  ISMN_SNOTEL_SavagePass  S1RTC= LULC=done
2026-06-01 09:12:08 INFO     [638/1010] Done  ISMN_SNOTEL_Sawtooth  S1RTC= LULC=done
2026-06-01 09:12:08 INFO     [639/1010] Done  ISMN_SNOTEL_SantaFe  S1RTC= LULC=done
2026-06-01 09:12:09 INFO     [640/1010] Done  ISMN_SNOTEL_SantaquinMeadows  S1RTC= LULC=done
2026-06-01 09:12:09 INFO     [641/1010] Done  ISMN_SNOTEL_SenoritaDivide#2  S1RTC= LULC=done
2026-06-01 09:12:09 INFO     [642/1010] Done  ISMN_SNOTEL_SchofieldPass  S1RTC= LULC=done
2026-06-01 09:12:09 INFO     [643/1010] Done  ISMN_SNOTEL_Sharkstooth  S1RTC= LULC=done
2026-06-01 09:12:09 INFO     [644/1010] Done  ISMN_SNOTEL_ShanghiSummit  S1RTC= LULC=done
2026-06-01 09:12:10 INFO     [645/1010] Done  ISMN_SNOTEL_SeventysixCreek  S1RTC= LULC=done
2026-06-01 09:12:10 INFO     [646/1010] Done  ISMN_SNOTEL_SeeleyCreek  S1RTC= LULC=done
2026-06-01 09:12:10 INFO     [647/1010] Done  ISMN_SNOTEL_SheepMtn.  S1RTC= LULC=done
2026-06-01 09:12:10 INFO     [648/1010] Done  ISMN_SNOTEL_Silvies  S1RTC= LULC=done
2026-06-01 09:12:10 INFO     [649/1010] Done  ISMN_SNOTEL_Sheldon  S1RTC= LULC=done
2026-06-01 09:12:10 INFO     [650/1010] Done  ISMN_SNOTEL_Sherwin  S1RTC= LULC=done
2026-06-01 09:12:11 INFO     [651/1010] Done  ISMN_SNOTEL_Shuree  S1RTC= LULC=done
2026-06-01 09:12:11 INFO     [652/1010] Done  ISMN_SNOTEL_SmithMorehouse  S1RTC= LULC=done
2026-06-01 09:12:11 INFO     [653/1010] Done  ISMN_SNOTEL_Slumgullion  S1RTC= LULC=done
2026-06-01 09:12:11 INFO     [654/1010] Done  ISMN_SNOTEL_Snowbird  S1RTC= LULC=done
2026-06-01 09:12:11 INFO     [655/1010] Done  ISMN_SNOTEL_SnakeRiverStation  S1RTC= LULC=done
2026-06-01 09:12:12 INFO     [656/1010] Done  ISMN_SNOTEL_SomsenRanch  S1RTC= LULC=done
2026-06-01 09:12:12 INFO     [657/1010] Done  ISMN_SNOTEL_SonoraPass  S1RTC= LULC=done
2026-06-01 09:12:12 INFO     [658/1010] Done  ISMN_SNOTEL_SourdoughGulch  S1RTC= LULC=done
2026-06-01 09:12:12 INFO     [659/1010] Done  ISMN_SNOTEL_SouthBrushCreek  S1RTC= LULC=done
2026-06-01 09:12:13 INFO     [660/1010] Done  ISMN_SNOTEL_SprattCreek  S1RTC= LULC=done
2026-06-01 09:12:13 INFO     [661/1010] Done  ISMN_SNOTEL_StateLine  S1RTC= LULC=done
2026-06-01 09:12:13 INFO     [662/1010] Done  ISMN_SNOTEL_SpringCreek  S1RTC= LULC=done
2026-06-01 09:12:13 INFO     [663/1010] Done  ISMN_SNOTEL_SpiritLk  S1RTC= LULC=done
2026-06-01 09:12:13 INFO     [664/1010] Done  ISMN_SNOTEL_SouthMtn.  S1RTC= LULC=done
2026-06-01 09:12:13 INFO     [665/1010] Done  ISMN_SNOTEL_StillwaterCreek  S1RTC= LULC=done
2026-06-01 09:12:14 INFO     [666/1010] Done  ISMN_SNOTEL_SteelCreekPark  S1RTC= LULC=done
2026-06-01 09:12:14 INFO     [667/1010] Done  ISMN_SNOTEL_SummitCreek  S1RTC= LULC=done
2026-06-01 09:12:14 INFO     [668/1010] Done  ISMN_SNOTEL_StickneyMill  S1RTC= LULC=done
2026-06-01 09:12:14 INFO     [669/1010] Done  ISMN_SNOTEL_SummitRanch  S1RTC= LULC=done
2026-06-01 09:12:14 INFO     [670/1010] Done  ISMN_SNOTEL_StrawberryDivide  S1RTC= LULC=done
2026-06-01 09:12:14 INFO     [671/1010] Done  ISMN_SNOTEL_SummitLk  S1RTC= LULC=done
2026-06-01 09:12:15 INFO     [672/1010] Done  ISMN_SNOTEL_SummitMeadow  S1RTC= LULC=done
2026-06-01 09:12:15 INFO     [673/1010] Done  ISMN_SNOTEL_Sunset  S1RTC= LULC=done
2026-06-01 09:12:15 INFO     [674/1010] Done  ISMN_SNOTEL_SunflowerFlat  S1RTC= LULC=done
2026-06-01 09:12:16 INFO     [675/1010] Done  ISMN_SNOTEL_SwedePeak  S1RTC= LULC=done
2026-06-01 09:12:16 INFO     [676/1010] Done  ISMN_SNOTEL_SuuRanch  S1RTC= LULC=done
2026-06-01 09:12:16 INFO     [677/1010] Done  ISMN_SNOTEL_SusitnaValleyHigh  S1RTC= LULC=done
2026-06-01 09:12:16 INFO     [678/1010] Done  ISMN_SNOTEL_TaosPueblo  S1RTC= LULC=done
2026-06-01 09:12:16 INFO     [679/1010] Done  ISMN_SNOTEL_TahoeCityCross  S1RTC= LULC=done
2026-06-01 09:12:16 INFO     [680/1010] Done  ISMN_SNOTEL_TaosPowderhorn  S1RTC= LULC=done
2026-06-01 09:12:17 INFO     [681/1010] Done  ISMN_SNOTEL_TaylorCanyon  S1RTC= LULC=done
2026-06-01 09:12:17 INFO     [682/1010] Done  ISMN_SNOTEL_TakkaWiiya  S1RTC= LULC=done
2026-06-01 09:12:17 INFO     [683/1010] Done  ISMN_SNOTEL_ThaynesCanyon  S1RTC= LULC=done
2026-06-01 09:12:17 INFO     [684/1010] Done  ISMN_SNOTEL_TempleFork  S1RTC= LULC=done
2026-06-01 09:12:17 INFO     [685/1010] Done  ISMN_SNOTEL_ThistleFlat  S1RTC= LULC=done
2026-06-01 09:12:18 INFO     [686/1010] Done  ISMN_SNOTEL_Tipton  S1RTC= LULC=done
2026-06-01 09:12:18 INFO     [687/1010] Done  ISMN_SNOTEL_TelaquanaLake  S1RTC= LULC=done
2026-06-01 09:12:18 INFO     [688/1010] Done  ISMN_SNOTEL_ThumbDivide  S1RTC= LULC=done
2026-06-01 09:12:18 INFO     [689/1010] Done  ISMN_SNOTEL_TimpanogosDivide  S1RTC= LULC=done
2026-06-01 09:12:19 INFO     [690/1010] Done  ISMN_SNOTEL_Timberline  S1RTC= LULC=done
2026-06-01 09:12:19 INFO     [691/1010] Done  ISMN_SNOTEL_TonyGroveRS  S1RTC= LULC=done
2026-06-01 09:12:19 INFO     [692/1010] Done  ISMN_SNOTEL_Tok  S1RTC= LULC=done
2026-06-01 09:12:19 INFO     [693/1010] Done  ISMN_SNOTEL_ToeJam  S1RTC= LULC=done
2026-06-01 09:12:19 INFO     [694/1010] Done  ISMN_SNOTEL_TonyGroveLake  S1RTC= LULC=done
2026-06-01 09:12:19 INFO     [695/1010] Done  ISMN_SNOTEL_TokositnaValley  S1RTC= LULC=done
2026-06-01 09:12:20 INFO     [696/1010] Done  ISMN_SNOTEL_Trough  S1RTC= LULC=done
2026-06-01 09:12:20 INFO     [697/1010] Done  ISMN_SNOTEL_Touchet  S1RTC= LULC=done
2026-06-01 09:12:20 INFO     [698/1010] Done  ISMN_SNOTEL_TresRitos  S1RTC= LULC=done
2026-06-01 09:12:20 INFO     [699/1010] Done  ISMN_SNOTEL_UpperJoesValley  S1RTC= LULC=done
2026-06-01 09:12:20 INFO     [700/1010] Done  ISMN_SNOTEL_TrialLake  S1RTC= LULC=done
2026-06-01 09:12:20 INFO     [701/1010] Done  ISMN_SNOTEL_TriplePeak  S1RTC= LULC=done
2026-06-01 09:12:20 INFO     [702/1010] Done  ISMN_SNOTEL_TroutCreek  S1RTC= LULC=done
2026-06-01 09:12:21 INFO     [703/1010] Done  ISMN_SNOTEL_UpperNomeCreek  S1RTC= LULC=done
2026-06-01 09:12:21 INFO     [704/1010] Done  ISMN_SNOTEL_UpperRioGrande  S1RTC= LULC=done
2026-06-01 09:12:21 INFO     [705/1010] Done  ISMN_SNOTEL_UpperSanJuan  S1RTC= LULC=done
2026-06-01 09:12:22 INFO     [706/1010] Done  ISMN_SNOTEL_Truckee#2  S1RTC= LULC=done
2026-06-01 09:12:22 INFO     [707/1010] Done  ISMN_SNOTEL_UpperTaylor  S1RTC= LULC=done
2026-06-01 09:12:22 INFO     [708/1010] Done  ISMN_SNOTEL_UpperTsainaRiver  S1RTC= LULC=done
2026-06-01 09:12:22 INFO     [709/1010] Done  ISMN_SNOTEL_UsuDocDaniel  S1RTC= LULC=done
2026-06-01 09:12:22 INFO     [710/1010] Done  ISMN_SNOTEL_VacarroSprings  S1RTC= LULC=done
2026-06-01 09:12:22 INFO     [711/1010] Done  ISMN_SNOTEL_VacasLocas  S1RTC= LULC=done
2026-06-01 09:12:23 INFO     [712/1010] Done  ISMN_SNOTEL_VernonCreek  S1RTC= LULC=done
2026-06-01 09:12:23 INFO     [713/1010] Done  ISMN_SNOTEL_WardMountain  S1RTC= LULC=done
2026-06-01 09:12:23 INFO     [714/1010] Done  ISMN_SNOTEL_WardCreek#3  S1RTC= LULC=done
2026-06-01 09:12:23 INFO     [715/1010] Done  ISMN_SNOTEL_WesnerSprings  S1RTC= LULC=done
2026-06-01 09:12:23 INFO     [716/1010] Done  ISMN_SNOTEL_VirginiaLakesRidge  S1RTC= LULC=done
2026-06-01 09:12:24 INFO     [717/1010] Done  ISMN_SNOTEL_WebsterFlat  S1RTC= LULC=done
2026-06-01 09:12:24 INFO     [718/1010] Done  ISMN_SNOTEL_WheelerPeak  S1RTC= LULC=done
2026-06-01 09:12:24 INFO     [719/1010] Done  ISMN_SNOTEL_WhiteRiver#1  S1RTC= LULC=done
2026-06-01 09:12:24 INFO     [720/1010] Done  ISMN_SNOTEL_WildhorseDivide  S1RTC= LULC=done
2026-06-01 09:12:24 INFO     [721/1010] Done  ISMN_SNOTEL_Widtsoe#3  S1RTC= LULC=done
2026-06-01 09:12:24 INFO     [722/1010] Done  ISMN_SNOTEL_WilsonCreek  S1RTC= LULC=done
2026-06-01 09:12:25 INFO     [723/1010] Done  ISMN_SNOTEL_WindyPeak  S1RTC= LULC=done
2026-06-01 09:12:25 INFO     [724/1010] Done  ISMN_SNOTEL_WildBasin  S1RTC= LULC=done
2026-06-01 09:12:25 INFO     [725/1010] Done  ISMN_SNOTEL_WilburBench  S1RTC= LULC=done
2026-06-01 09:12:25 INFO     [726/1010] Done  ISMN_SNOTEL_WolfCreekPeak  S1RTC= LULC=done
2026-06-01 09:12:25 INFO     [727/1010] Done  ISMN_SOILSCAPE_Lucky-Hills-1506  S1RTC= LULC=done
2026-06-01 09:12:25 INFO     [728/1010] Done  ISMN_SNOTEL_WolfCreekSummit  S1RTC= LULC=done
2026-06-01 09:12:25 INFO     [729/1010] Done  ISMN_SOILSCAPE_Lucky-Hills-1503  S1RTC= LULC=done
2026-06-01 09:12:26 INFO     [730/1010] Done  ISMN_SNOTEL_WrigleyCreek  S1RTC= LULC=done
2026-06-01 09:12:26 INFO     [731/1010] Done  ISMN_STEMS_CarpenetopermanentGrassCoverTrackposition  S1RTC= LULC=done
2026-06-01 09:12:26 INFO     [732/1010] Done  ISMN_STEMS_CarpenetopermanentGrassCoverNoTrackposition  S1RTC= LULC=done
2026-06-01 09:12:26 INFO     [733/1010] Done  ISMN_SNOTEL_Zirkel  S1RTC= LULC=done
2026-06-01 09:12:26 INFO     [734/1010] Done  ISMN_SNOTEL_YankeeReservoir  S1RTC= LULC=done
2026-06-01 09:12:26 INFO     [735/1010] Done  ISMN_TERENO_Schoeneseiffen  S1RTC= LULC=done
2026-06-01 09:12:26 INFO     [736/1010] Done  ISMN_TERENO_Merzenhausen  S1RTC= LULC=done
2026-06-01 09:12:27 INFO     [737/1010] Done  ISMN_TWENTE_Hupsel  S1RTC= LULC=done
2026-06-01 09:12:27 INFO     [738/1010] Done  ISMN_TERENO_Gevenich  S1RTC= LULC=done
2026-06-01 09:12:27 INFO     [739/1010] Done  ISMN_TWENTE_ITCSM-15b  S1RTC= LULC=done
2026-06-01 09:12:27 INFO     [740/1010] Done  ISMN_TWENTE_ITCSM-07b  S1RTC= LULC=done
2026-06-01 09:12:27 INFO     [741/1010] Done  ISMN_TWENTE_ITCSM-08b  S1RTC= LULC=done
2026-06-01 09:12:27 INFO     [742/1010] Done  ISMN_TWENTE_ITCSM-13  S1RTC= LULC=done
2026-06-01 09:12:27 INFO     [743/1010] Done  ISMN_TWENTE_ITCSM-09  S1RTC= LULC=done
2026-06-01 09:12:28 INFO     [744/1010] Done  ISMN_TWENTE_ITCSM-16b  S1RTC= LULC=done
2026-06-01 09:12:28 INFO     [745/1010] Done  ISMN_TERENO_Selhausen  S1RTC= LULC=done
2026-06-01 09:12:28 INFO     [746/1010] Done  ISMN_TxSON_CR1000-2  S1RTC= LULC=done
2026-06-01 09:12:28 INFO     [747/1010] Done  ISMN_TxSON_CR1000-1  S1RTC= LULC=done
2026-06-01 09:12:28 INFO     [748/1010] Done  ISMN_TxSON_CR1000-3  S1RTC= LULC=done
2026-06-01 09:12:28 INFO     [749/1010] Done  ISMN_TxSON_CR1000-4  S1RTC= LULC=done
2026-06-01 09:12:28 INFO     [750/1010] Done  ISMN_TWENTE_ITCSM-17c  S1RTC= LULC=done
2026-06-01 09:12:28 INFO     [751/1010] Done  ISMN_TxSON_CR1000-5  S1RTC= LULC=done
2026-06-01 09:12:29 INFO     [752/1010] Done  ISMN_TxSON_CR200-1  S1RTC= LULC=done
2026-06-01 09:12:29 INFO     [753/1010] Done  ISMN_TxSON_CR200-11  S1RTC= LULC=done
2026-06-01 09:12:29 INFO     [754/1010] Done  ISMN_TxSON_CR200-10  S1RTC= LULC=done
2026-06-01 09:12:29 INFO     [755/1010] Done  ISMN_TxSON_CR1000-6  S1RTC= LULC=done
2026-06-01 09:12:30 INFO     [756/1010] Done  ISMN_TxSON_CR200-12  S1RTC= LULC=done
2026-06-01 09:12:30 INFO     [757/1010] Done  ISMN_TxSON_CR200-14  S1RTC= LULC=done
2026-06-01 09:12:30 INFO     [758/1010] Done  ISMN_TxSON_CR200-15  S1RTC= LULC=done
2026-06-01 09:12:30 INFO     [759/1010] Done  ISMN_TxSON_CR200-13  S1RTC= LULC=done
2026-06-01 09:12:30 INFO     [760/1010] Done  ISMN_TxSON_CR200-18  S1RTC= LULC=done
2026-06-01 09:12:30 INFO     [761/1010] Done  ISMN_TxSON_CR200-16  S1RTC= LULC=done
2026-06-01 09:12:30 INFO     [762/1010] Done  ISMN_TxSON_CR200-17  S1RTC= LULC=done
2026-06-01 09:12:30 INFO     [763/1010] Done  ISMN_TxSON_CR200-19  S1RTC= LULC=done
2026-06-01 09:12:30 INFO     [764/1010] Done  ISMN_TxSON_CR200-22  S1RTC= LULC=done
2026-06-01 09:12:31 INFO     [765/1010] Done  ISMN_TxSON_CR200-2  S1RTC= LULC=done
2026-06-01 09:12:31 INFO     [766/1010] Done  ISMN_TxSON_CR200-21  S1RTC= LULC=done
2026-06-01 09:12:31 INFO     [767/1010] Done  ISMN_TxSON_CR200-23  S1RTC= LULC=done
2026-06-01 09:12:31 INFO     [768/1010] Done  ISMN_TxSON_CR200-24  S1RTC= LULC=done
2026-06-01 09:12:31 INFO     [769/1010] Done  ISMN_TxSON_CR200-25  S1RTC= LULC=done
2026-06-01 09:12:32 INFO     [770/1010] Done  ISMN_TxSON_CR200-26  S1RTC= LULC=done
2026-06-01 09:12:32 INFO     [771/1010] Done  ISMN_TxSON_CR200-29  S1RTC= LULC=done
2026-06-01 09:12:32 INFO     [772/1010] Done  ISMN_TxSON_CR200-28  S1RTC= LULC=done
2026-06-01 09:12:32 INFO     [773/1010] Done  ISMN_TxSON_CR200-4  S1RTC= LULC=done
2026-06-01 09:12:32 INFO     [774/1010] Done  ISMN_TxSON_CR200-7  S1RTC= LULC=done
2026-06-01 09:12:32 INFO     [775/1010] Done  ISMN_TxSON_CR200-5  S1RTC= LULC=done
2026-06-01 09:12:32 INFO     [776/1010] Done  ISMN_TxSON_CR200-3  S1RTC= LULC=done
2026-06-01 09:12:33 INFO     [777/1010] Done  ISMN_TxSON_CR200-9  S1RTC= LULC=done
2026-06-01 09:12:33 INFO     [778/1010] Done  ISMN_TxSON_CR200-6  S1RTC= LULC=done
2026-06-01 09:12:33 INFO     [779/1010] Done  ISMN_TxSON_LCRA-1  S1RTC= LULC=done
2026-06-01 09:12:33 INFO     [780/1010] Done  ISMN_TxSON_CR200-8  S1RTC= LULC=done
2026-06-01 09:12:34 INFO     [781/1010] Done  ISMN_TxSON_LCRA-3  S1RTC= LULC=done
2026-06-01 09:12:34 INFO     [782/1010] Done  ISMN_TxSON_LCRA-5  S1RTC= LULC=done
2026-06-01 09:12:34 INFO     [783/1010] Done  ISMN_TxSON_LCRA-2  S1RTC= LULC=done
2026-06-01 09:12:34 INFO     [784/1010] Done  ISMN_TxSON_LCRA-4  S1RTC= LULC=done
2026-06-01 09:12:34 INFO     [785/1010] Done  ISMN_TxSON_LCRA-6  S1RTC= LULC=done
2026-06-01 09:12:34 INFO     [786/1010] Done  ISMN_USCRN_Baker-5-W  S1RTC= LULC=done
2026-06-01 09:12:34 INFO     [787/1010] Done  ISMN_TxSON_LCRA-7  S1RTC= LULC=done
2026-06-01 09:12:34 INFO     [788/1010] Done  ISMN_USCRN_Bodega-6-WSW  S1RTC= LULC=done
2026-06-01 09:12:35 INFO     [789/1010] Done  ISMN_USCRN_Bedford-5-WNW  S1RTC= LULC=done
2026-06-01 09:12:35 INFO     [790/1010] Done  ISMN_USCRN_Austin-33-NW  S1RTC= LULC=done
2026-06-01 09:12:35 INFO     [791/1010] Done  ISMN_USCRN_Asheville-13-S  S1RTC= LULC=done
2026-06-01 09:12:35 INFO     [792/1010] Done  ISMN_USCRN_Batesville-8-WNW  S1RTC= LULC=done
2026-06-01 09:12:35 INFO     [793/1010] Done  ISMN_USCRN_Bowling-Green-21-NNE  S1RTC= LULC=done
2026-06-01 09:12:35 INFO     [794/1010] Done  ISMN_USCRN_Brunswick-23-S  S1RTC= LULC=done
2026-06-01 09:12:35 INFO     [795/1010] Done  ISMN_USCRN_Cortez-8-SE  S1RTC= LULC=done
2026-06-01 09:12:35 INFO     [796/1010] Done  ISMN_USCRN_Bronte-11-NNE  S1RTC= LULC=done
2026-06-01 09:12:35 INFO     [797/1010] Done  ISMN_USCRN_Crossville-7-NW  S1RTC= LULC=done
2026-06-01 09:12:35 INFO     [798/1010] Done  ISMN_USCRN_Charlottesville-2-SSE  S1RTC= LULC=done
2026-06-01 09:12:36 INFO     [799/1010] Done  ISMN_USCRN_Cape-Charles-5-ENE  S1RTC= LULC=done
2026-06-01 09:12:36 INFO     [800/1010] Done  ISMN_USCRN_Durham-2-N  S1RTC= LULC=done
2026-06-01 09:12:36 INFO     [801/1010] Done  ISMN_USCRN_Chatham-1-SE  S1RTC= LULC=done
2026-06-01 09:12:36 INFO     [802/1010] Done  ISMN_USCRN_Corvallis-10-SSW  S1RTC= LULC=done
2026-06-01 09:12:36 INFO     [803/1010] Done  ISMN_USCRN_Durham-11-W  S1RTC= LULC=done
2026-06-01 09:12:36 INFO     [804/1010] Done  ISMN_USCRN_Elkins-21-ENE  S1RTC= LULC=done
2026-06-01 09:12:36 INFO     [805/1010] Done  ISMN_USCRN_Elgin-5-S  S1RTC= LULC=done
2026-06-01 09:12:37 INFO     [806/1010] Done  ISMN_USCRN_Everglades-City-5-NE  S1RTC= LULC=done
2026-06-01 09:12:37 INFO     [807/1010] Done  ISMN_USCRN_Fallbrook-5-NE  S1RTC= LULC=done
2026-06-01 09:12:37 INFO     [808/1010] Done  ISMN_USCRN_Goodwell-2-E  S1RTC= LULC=done
2026-06-01 09:12:37 INFO     [809/1010] Done  ISMN_USCRN_Gadsden-19-N  S1RTC= LULC=done
2026-06-01 09:12:37 INFO     [810/1010] Done  ISMN_USCRN_John-Day-35-WNW  S1RTC= LULC=done
2026-06-01 09:12:37 INFO     [811/1010] Done  ISMN_USCRN_Goodwell-2-SE  S1RTC= LULC=done
2026-06-01 09:12:37 INFO     [812/1010] Done  ISMN_USCRN_Lafayette-13-SE  S1RTC= LULC=done
2026-06-01 09:12:37 INFO     [813/1010] Done  ISMN_USCRN_Joplin-24-N  S1RTC= LULC=done
2026-06-01 09:12:37 INFO     [814/1010] Done  ISMN_USCRN_Los-Alamos-13-W  S1RTC= LULC=done
2026-06-01 09:12:38 INFO     [815/1010] Done  ISMN_USCRN_Las-Cruces-20-N  S1RTC= LULC=done
2026-06-01 09:12:38 INFO     [816/1010] Done  ISMN_USCRN_McClellanville-7-NE  S1RTC= LULC=done
2026-06-01 09:12:38 INFO     [817/1010] Done  ISMN_USCRN_Monroe-26-N  S1RTC= LULC=done
2026-06-01 09:12:38 INFO     [818/1010] Done  ISMN_USCRN_Newton-8-W  S1RTC= LULC=done
2026-06-01 09:12:38 INFO     [819/1010] Done  ISMN_USCRN_Mercury-3-SSW  S1RTC= LULC=done
2026-06-01 09:12:38 INFO     [820/1010] Done  ISMN_USCRN_Monahans-6-ENE  S1RTC= LULC=done
2026-06-01 09:12:39 INFO     [821/1010] Done  ISMN_USCRN_Muleshoe-19-S  S1RTC= LULC=done
2026-06-01 09:12:39 INFO     [822/1010] Done  ISMN_USCRN_Newton-5-ENE  S1RTC= LULC=done
2026-06-01 09:12:39 INFO     [823/1010] Done  ISMN_USCRN_Quinault-4-NE  S1RTC= LULC=done
2026-06-01 09:12:39 INFO     [824/1010] Done  ISMN_USCRN_Panther-Junction-2-N  S1RTC= LULC=done
2026-06-01 09:12:39 INFO     [825/1010] Done  ISMN_USCRN_Socorro-20-N  S1RTC= LULC=done
2026-06-01 09:12:39 INFO     [826/1010] Done  ISMN_USCRN_Santa-Barbara-11-W  S1RTC= LULC=done
2026-06-01 09:12:39 INFO     [827/1010] Done  ISMN_USCRN_Salem-10-W  S1RTC= LULC=done
2026-06-01 09:12:39 INFO     [828/1010] Done  ISMN_USCRN_Stillwater-5-WNW  S1RTC= LULC=done
2026-06-01 09:12:40 INFO     [829/1010] Done  ISMN_USCRN_Spokane-17-SSW  S1RTC= LULC=done
2026-06-01 09:12:40 INFO     [830/1010] Done  ISMN_USCRN_Stillwater-2-W  S1RTC= LULC=done
2026-06-01 09:12:40 INFO     [831/1010] Done  ISMN_WATERLINE_Komotini  S1RTC= LULC=done
2026-06-01 09:12:40 INFO     [832/1010] Done  ISMN_USCRN_Yosemite-Village-12-W  S1RTC= LULC=done
2026-06-01 09:12:40 INFO     [833/1010] Done  ISMN_USCRN_Tucson-11-W  S1RTC= LULC=done
2026-06-01 09:12:40 INFO     [834/1010] Done  ISMN_USCRN_Watkinsville-5-SSE  S1RTC= LULC=done
2026-06-01 09:12:40 INFO     [835/1010] Done  ISMN_USCRN_Versailles-3-NNW  S1RTC= LULC=done
2026-06-01 09:12:40 INFO     [836/1010] Done  ISMN_WATERLINE_Kerasia  S1RTC= LULC=done
2026-06-01 09:12:41 INFO     [837/1010] Done  ISMN_USCRN_Stovepipe-Wells-1-SW  S1RTC= LULC=done
2026-06-01 09:12:41 INFO     [838/1010] Done  ISMN_USCRN_Yuma-27-ENE  S1RTC= LULC=done
2026-06-01 09:12:41 INFO     [839/1010] Done  ISMN_WATERLINE_Nymfaia  S1RTC= LULC=done
2026-06-01 09:12:41 INFO     [840/1010] Done  ISMN_XMS-CAT_Clarella  S1RTC= LULC=done
2026-06-01 09:12:41 INFO     [841/1010] Done  ISMN_XMS-CAT_BordaColl  S1RTC= LULC=done
2026-06-01 09:12:41 INFO     [842/1010] Done  ISMN_XMS-CAT_ClotdelesPeresII  S1RTC= LULC=done
2026-06-01 09:12:42 INFO     [843/1010] Done  ISMN_XMS-CAT_ColldePaller  S1RTC= LULC=done
2026-06-01 09:12:42 INFO     [844/1010] Done  ISMN_XMS-CAT_ElMiracle  S1RTC= LULC=done
2026-06-01 09:12:42 INFO     [845/1010] Done  ISMN_XMS-CAT_CamidelsNerets  S1RTC= LULC=done
2026-06-01 09:12:42 INFO     [846/1010] Done  ISMN_XMS-CAT_ElBoixer  S1RTC= LULC=done
2026-06-01 09:12:42 INFO     [847/1010] Done  ISMN_XMS-CAT_Llivia  S1RTC= LULC=done
2026-06-01 09:12:42 INFO     [848/1010] Done  ISMN_XMS-CAT_BatlliudeSort  S1RTC= LULC=done
2026-06-01 09:12:42 INFO     [849/1010] Done  ISMN_XMS-CAT_LaCultiadAreu  S1RTC= LULC=done
2026-06-01 09:12:43 INFO     [850/1010] Done  ISMN_XMS-CAT_RiberadeSio  S1RTC= LULC=done
2026-06-01 09:12:43 INFO     [851/1010] Done  ISMN_XMS-CAT_LosCoscolls  S1RTC= LULC=done
2026-06-01 09:12:43 INFO     [852/1010] Done  ISMN_iRON_NorthstarAspenGrove  S1RTC= LULC=done
2026-06-01 09:12:43 INFO     [853/1010] Done  ISMN_XMS-CAT_Pessonada  S1RTC= LULC=done
2026-06-01 09:12:44 INFO     [854/1010] Done  ISMN_iRON_BrushCreek  S1RTC= LULC=done
2026-06-01 09:12:44 INFO     [855/1010] Done  ISMN_XMS-CAT_SerradeCostaAmpla  S1RTC= LULC=done
2026-06-01 09:12:44 INFO     [856/1010] Done  ISMN_iRON_GlenwoodSprings  S1RTC= LULC=done
2026-06-01 09:12:44 INFO     [857/1010] Done  ISMN_iRON_NorthstarTransitionZone  S1RTC= LULC=done
2026-06-01 09:12:44 INFO     [858/1010] Done  ICOS_CH-Cha  S1RTC= LULC=done
2026-06-01 09:12:44 INFO     [859/1010] Done  ICOS_CH-Fru  S1RTC= LULC=done
2026-06-01 09:12:44 INFO     [860/1010] Done  ICOS_CH-Oe2  S1RTC= LULC=done
2026-06-01 09:12:44 INFO     [861/1010] Done  ICOS_CH-Lae  S1RTC= LULC=done
2026-06-01 09:12:44 INFO     [862/1010] Done  ISMN_iRON_SkyMountain  S1RTC= LULC=done
2026-06-01 09:12:45 INFO     [863/1010] Done  ICOS_CZ-KrP  S1RTC= LULC=done
2026-06-01 09:12:45 INFO     [864/1010] Done  ICOS_CZ-Stn  S1RTC= LULC=done
2026-06-01 09:12:45 INFO     [865/1010] Done  ICOS_CZ-RAJ  S1RTC= LULC=done
2026-06-01 09:12:46 INFO     [866/1010] Done  ICOS_DE-Obe  S1RTC= LULC=done
2026-06-01 09:12:46 INFO     [867/1010] Done  ICOS_ES-Abr  S1RTC= LULC=done
2026-06-01 09:12:46 INFO     [868/1010] Done  ICOS_ES-Agu  S1RTC= LULC=done
2026-06-01 09:12:46 INFO     [869/1010] Done  ICOS_ES-Cnd  S1RTC= LULC=done
2026-06-01 09:12:46 INFO     [870/1010] Done  ICOS_ES-LM1  S1RTC= LULC=done
2026-06-01 09:12:46 INFO     [871/1010] Done  ICOS_CZ-wet  S1RTC= LULC=done
2026-06-01 09:12:46 INFO     [872/1010] Done  ICOS_ES-LM2  S1RTC= LULC=done
2026-06-01 09:12:46 INFO     [873/1010] Done  ICOS_DE-Kli  S1RTC= LULC=done
2026-06-01 09:12:47 INFO     [874/1010] Done  ICOS_FR-FBn  S1RTC= LULC=done
2026-06-01 09:12:47 INFO     [875/1010] Done  ICOS_FR-Aur  S1RTC= LULC=done
2026-06-01 09:12:47 INFO     [876/1010] Done  ICOS_IT-MBo  S1RTC= LULC=done
2026-06-01 09:12:47 INFO     [877/1010] Done  ICOS_ES-LMa  S1RTC= LULC=done
2026-06-01 09:12:47 INFO     [878/1010] Done  ICOS_RU-Fy2  S1RTC= LULC=done
2026-06-01 09:12:47 INFO     [879/1010] Done  ICOS_IT-BCi  S1RTC= LULC=done
2026-06-01 09:12:47 INFO     [880/1010] Done  ICOS_IL-Yat  S1RTC= LULC=done
2026-06-01 09:12:48 INFO     [881/1010] Done  ICOS_UK-AMo  S1RTC= LULC=done
2026-06-01 09:12:48 INFO     [882/1010] Done  ICOS_FR-EM2  S1RTC= LULC=done
2026-06-01 09:12:48 INFO     [883/1010] Done  ICOS_RU-Fyo  S1RTC= LULC=done
2026-06-01 09:12:48 INFO     [884/1010] Done  ICOS_BE-Bra  S1RTC= LULC=done
2026-06-01 09:12:48 INFO     [885/1010] Done  ICOS_BE-Maa  S1RTC= LULC=done
2026-06-01 09:12:48 INFO     [886/1010] Done  ICOS_BE-Lon  S1RTC= LULC=done
2026-06-01 09:12:49 INFO     [887/1010] Done  ICOS_CZ-BK1  S1RTC= LULC=done
2026-06-01 09:12:49 INFO     [888/1010] Done  ICOS_CZ-Lnz  S1RTC= LULC=done
2026-06-01 09:12:49 INFO     [889/1010] Done  ICOS_CH-Dav  S1RTC= LULC=done
2026-06-01 09:12:49 INFO     [890/1010] Done  ICOS_DE-Geb  S1RTC= LULC=done
2026-06-01 09:12:49 INFO     [891/1010] Done  ICOS_DE-Gri  S1RTC= LULC=done
2026-06-01 09:12:49 INFO     [892/1010] Done  ICOS_DE-Har  S1RTC= LULC=done
2026-06-01 09:12:49 INFO     [893/1010] Done  ICOS_BE-Vie  S1RTC= LULC=done
2026-06-01 09:12:50 INFO     [894/1010] Done  ICOS_DE-RuS  S1RTC= LULC=done
2026-06-01 09:12:50 INFO     [895/1010] Done  ICOS_DE-HoH  S1RTC= LULC=done
2026-06-01 09:12:50 INFO     [896/1010] Done  ICOS_DK-Sor  S1RTC= LULC=done
2026-06-01 09:12:51 INFO     [897/1010] Done  ICOS_DE-RuW  S1RTC= LULC=done
2026-06-01 09:12:51 INFO     [898/1010] Done  ICOS_DE-RuR  S1RTC= LULC=done
2026-06-01 09:12:51 INFO     [899/1010] Done  ICOS_FI-Hyy  S1RTC= LULC=done
2026-06-01 09:12:51 INFO     [900/1010] Done  ICOS_FI-Ken  S1RTC= LULC=done
2026-06-01 09:12:51 INFO     [901/1010] Done  ICOS_FI-Var  S1RTC= LULC=done
2026-06-01 09:12:52 INFO     [902/1010] Done  ICOS_FI-Sii  S1RTC= LULC=done
2026-06-01 09:12:52 INFO     [903/1010] Done  ICOS_FR-Gri  S1RTC= LULC=done
2026-06-01 09:12:52 INFO     [904/1010] Done  ICOS_FR-Hes  S1RTC= LULC=done
2026-06-01 09:12:52 INFO     [905/1010] Done  ICOS_FR-CLt  S1RTC= LULC=done
2026-06-01 09:12:52 INFO     [906/1010] Done  ICOS_FR-Bil  S1RTC= LULC=done
2026-06-01 09:12:52 INFO     [907/1010] Done  ICOS_FR-Pue  S1RTC= LULC=done
2026-06-01 09:12:53 INFO     [908/1010] Done  ICOS_FR-Mej  S1RTC= LULC=done
2026-06-01 09:12:53 INFO     [909/1010] Done  ICOS_IT-BFt  S1RTC= LULC=done
2026-06-01 09:12:53 INFO     [910/1010] Done  ICOS_FR-Tou  S1RTC= LULC=done
2026-06-01 09:12:53 INFO     [911/1010] Done  ICOS_IT-SR2  S1RTC= LULC=done
2026-06-01 09:12:53 INFO     [912/1010] Done  ICOS_IT-Tor  S1RTC= LULC=done
2026-06-01 09:12:53 INFO     [913/1010] Done  ICOS_GF-Guy  S1RTC= LULC=done
2026-06-01 09:12:54 INFO     [914/1010] Done  ICOS_IT-Lsn  S1RTC= LULC=done
2026-06-01 09:12:54 INFO     [915/1010] Done  ICOS_IT-TrF  S1RTC= LULC=done
2026-06-01 09:12:54 INFO     [916/1010] Done  AmeriFlux_CA-Cbo  S1RTC= LULC=done
2026-06-01 09:12:55 INFO     [917/1010] Done  AmeriFlux_CA-DB2  S1RTC= LULC=done
2026-06-01 09:12:55 INFO     [918/1010] Done  ICOS_SE-Svb  S1RTC= LULC=done
2026-06-01 09:12:55 INFO     [919/1010] Done  ICOS_SE-Deg  S1RTC= LULC=done
2026-06-01 09:12:55 INFO     [920/1010] Done  AmeriFlux_CA-DBB  S1RTC= LULC=done
2026-06-01 09:12:55 INFO     [921/1010] Done  AmeriFlux_CA-DSM  S1RTC= LULC=done
2026-06-01 09:12:55 INFO     [922/1010] Done  ICOS_SE-Nor  S1RTC= LULC=done
2026-06-01 09:12:55 INFO     [923/1010] Done  ICOS_SE-Htm  S1RTC= LULC=done
2026-06-01 09:12:55 INFO     [924/1010] Done  AmeriFlux_CA-Mer  S1RTC= LULC=done
2026-06-01 09:12:56 INFO     [925/1010] Done  AmeriFlux_US-BZo  S1RTC= LULC=done
2026-06-01 09:12:56 INFO     [926/1010] Done  AmeriFlux_US-ALQ  S1RTC= LULC=done
2026-06-01 09:12:56 INFO     [927/1010] Done  AmeriFlux_US-DS2  S1RTC= LULC=done
2026-06-01 09:12:56 INFO     [928/1010] Done  AmeriFlux_US-Bi2  S1RTC= LULC=done
2026-06-01 09:12:56 INFO     [929/1010] Done  AmeriFlux_US-DFC  S1RTC= LULC=done
2026-06-01 09:12:56 INFO     [930/1010] Done  AmeriFlux_US-Dmg  S1RTC= LULC=done
2026-06-01 09:12:56 INFO     [931/1010] Done  AmeriFlux_US-BZB  S1RTC= LULC=done
2026-06-01 09:12:56 INFO     [932/1010] Done  AmeriFlux_US-Bi1  S1RTC= LULC=done
2026-06-01 09:12:57 INFO     [933/1010] Done  AmeriFlux_US-GL1  S1RTC= LULC=done
2026-06-01 09:12:57 INFO     [934/1010] Done  AmeriFlux_US-GLE  S1RTC= LULC=done
2026-06-01 09:12:57 INFO     [935/1010] Done  AmeriFlux_US-Esm  S1RTC= LULC=done
2026-06-01 09:12:57 INFO     [936/1010] Done  AmeriFlux_US-EvM  S1RTC= LULC=done
2026-06-01 09:12:57 INFO     [937/1010] Done  AmeriFlux_US-HB3  S1RTC= LULC=done
2026-06-01 09:12:57 INFO     [938/1010] Done  AmeriFlux_US-HB1  S1RTC= LULC=done
2026-06-01 09:12:58 INFO     [939/1010] Done  AmeriFlux_US-HB4  S1RTC= LULC=done
2026-06-01 09:12:58 INFO     [940/1010] Done  AmeriFlux_US-Hsm  S1RTC= LULC=done
2026-06-01 09:12:58 INFO     [941/1010] Done  AmeriFlux_US-ICs  S1RTC= LULC=done
2026-06-01 09:12:58 INFO     [942/1010] Done  AmeriFlux_US-Jo2  S1RTC= LULC=done
2026-06-01 09:12:58 INFO     [943/1010] Done  AmeriFlux_US-ICt  S1RTC= LULC=done
2026-06-01 09:12:58 INFO     [944/1010] Done  AmeriFlux_US-Ho2  S1RTC= LULC=done
2026-06-01 09:12:58 INFO     [945/1010] Done  AmeriFlux_US-Jo1  S1RTC= LULC=done
2026-06-01 09:12:58 INFO     [946/1010] Done  AmeriFlux_US-Ho1  S1RTC= LULC=done
2026-06-01 09:12:58 INFO     [947/1010] Done  AmeriFlux_US-KFS  S1RTC= LULC=done
2026-06-01 09:12:58 INFO     [948/1010] Done  AmeriFlux_US-KLS  S1RTC= LULC=done
2026-06-01 09:12:58 INFO     [949/1010] Done  AmeriFlux_US-Kon  S1RTC= LULC=done
2026-06-01 09:12:59 INFO     [950/1010] Done  AmeriFlux_US-MMS  S1RTC= LULC=done
2026-06-01 09:13:00 INFO     [951/1010] Done  AmeriFlux_US-MN3  S1RTC= LULC=done
2026-06-01 09:13:00 INFO     [952/1010] Done  AmeriFlux_US-MN2  S1RTC= LULC=done
2026-06-01 09:13:00 INFO     [953/1010] Done  AmeriFlux_US-Me2  S1RTC= LULC=done
2026-06-01 09:13:00 INFO     [954/1010] Done  AmeriFlux_US-Mo3  S1RTC= LULC=done
2026-06-01 09:13:00 INFO     [955/1010] Done  AmeriFlux_US-Mo2  S1RTC= LULC=done
2026-06-01 09:13:00 INFO     [956/1010] Done  AmeriFlux_US-Mo1  S1RTC= LULC=done
2026-06-01 09:13:00 INFO     [957/1010] Done  AmeriFlux_US-MtB  S1RTC= LULC=done
2026-06-01 09:13:00 INFO     [958/1010] Done  AmeriFlux_US-RGo  S1RTC= LULC=done
2026-06-01 09:13:01 INFO     [959/1010] Done  AmeriFlux_US-NC3  S1RTC= LULC=done
2026-06-01 09:13:01 INFO     [960/1010] Done  AmeriFlux_US-Mpj  S1RTC= LULC=done
2026-06-01 09:13:01 INFO     [961/1010] Done  AmeriFlux_US-RGB  S1RTC= LULC=done
2026-06-01 09:13:01 INFO     [962/1010] Done  AmeriFlux_US-ONA  S1RTC= LULC=done
2026-06-01 09:13:01 INFO     [963/1010] Done  AmeriFlux_US-Ne1  S1RTC= LULC=done
2026-06-01 09:13:01 INFO     [964/1010] Done  AmeriFlux_US-Ne2  S1RTC= LULC=done
2026-06-01 09:13:02 INFO     [965/1010] Done  AmeriFlux_US-Rls  S1RTC= LULC=done
2026-06-01 09:13:02 INFO     [966/1010] Done  AmeriFlux_US-Rms  S1RTC= LULC=done
2026-06-01 09:13:02 INFO     [967/1010] Done  AmeriFlux_US-Ro6  S1RTC= LULC=done
2026-06-01 09:13:02 INFO     [968/1010] Done  AmeriFlux_US-Ro5  S1RTC= LULC=done
2026-06-01 09:13:03 INFO     [969/1010] Done  AmeriFlux_US-Ro4  S1RTC= LULC=done
2026-06-01 09:13:03 INFO     [970/1010] Done  AmeriFlux_US-Rwf  S1RTC= LULC=done
2026-06-01 09:13:03 INFO     [971/1010] Done  AmeriFlux_US-Rws  S1RTC= LULC=done
2026-06-01 09:13:03 INFO     [972/1010] Done  AmeriFlux_US-SHC  S1RTC= LULC=done
2026-06-01 09:13:03 INFO     [973/1010] Done  AmeriFlux_US-Ses  S1RTC= LULC=done
2026-06-01 09:13:03 INFO     [974/1010] Done  AmeriFlux_US-Seg  S1RTC= LULC=done
2026-06-01 09:13:03 INFO     [975/1010] Done  AmeriFlux_US-Sne  S1RTC= LULC=done
2026-06-01 09:13:04 INFO     [976/1010] Done  AmeriFlux_US-Vcp  S1RTC= LULC=done
2026-06-01 09:13:04 INFO     [977/1010] Done  AmeriFlux_US-UMB  S1RTC= LULC=done
2026-06-01 09:13:04 INFO     [978/1010] Done  AmeriFlux_US-Tw4  S1RTC= LULC=done
2026-06-01 09:13:04 INFO     [979/1010] Done  AmeriFlux_US-UC1  S1RTC= LULC=done
2026-06-01 09:13:04 INFO     [980/1010] Done  AmeriFlux_US-Vcm  S1RTC= LULC=done
2026-06-01 09:13:04 INFO     [981/1010] Done  AmeriFlux_US-xCL  S1RTC= LULC=done
2026-06-01 09:13:04 INFO     [982/1010] Done  AmeriFlux_US-xBR  S1RTC= LULC=done
2026-06-01 09:13:04 INFO     [983/1010] Done  AmeriFlux_US-xCP  S1RTC= LULC=done
2026-06-01 09:13:05 INFO     [984/1010] Done  AmeriFlux_US-xHA  S1RTC= LULC=done
2026-06-01 09:13:05 INFO     [985/1010] Done  AmeriFlux_US-Wjs  S1RTC= LULC=done
2026-06-01 09:13:05 INFO     [986/1010] Done  AmeriFlux_US-xDL  S1RTC= LULC=done
2026-06-01 09:13:05 INFO     [987/1010] Done  AmeriFlux_US-xJR  S1RTC= LULC=done
2026-06-01 09:13:05 INFO     [988/1010] Done  AmeriFlux_US-xKA  S1RTC= LULC=done
2026-06-01 09:13:05 INFO     [989/1010] Done  AmeriFlux_US-xNG  S1RTC= LULC=done
2026-06-01 09:13:05 INFO     [990/1010] Done  AmeriFlux_US-xDJ  S1RTC= LULC=done
2026-06-01 09:13:05 INFO     [991/1010] Done  AmeriFlux_US-xJE  S1RTC= LULC=done
2026-06-01 09:13:06 INFO     [992/1010] Done  AmeriFlux_US-xRM  S1RTC= LULC=done
2026-06-01 09:13:06 INFO     [993/1010] Done  AmeriFlux_US-xSC  S1RTC= LULC=done
2026-06-01 09:13:06 INFO     [994/1010] Done  AmeriFlux_US-xSE  S1RTC= LULC=done
2026-06-01 09:13:06 INFO     [995/1010] Done  AmeriFlux_US-xUN  S1RTC= LULC=done
2026-06-01 09:13:06 INFO     [996/1010] Done  AmeriFlux_US-xUK  S1RTC= LULC=done
2026-06-01 09:13:06 INFO     [997/1010] Done  AmeriFlux_US-xSJ  S1RTC= LULC=done
2026-06-01 09:13:07 INFO     [998/1010] Done  AmeriFlux_CA-TP1  S1RTC= LULC=done
2026-06-01 09:13:07 INFO     [999/1010] Done  AmeriFlux_US-xWD  S1RTC= LULC=done
2026-06-01 09:13:07 INFO     [1000/1010] Done  AmeriFlux_US-Me6  S1RTC= LULC=done
2026-06-01 09:13:07 INFO     [1001/1010] Done  AmeriFlux_CA-TP3  S1RTC= LULC=done
2026-06-01 09:13:07 INFO     [1002/1010] Done  AmeriFlux_US-SRM  S1RTC= LULC=done
2026-06-01 09:13:08 INFO     [1003/1010] Done  AmeriFlux_CA-TPD  S1RTC= LULC=done
2026-06-01 09:13:08 INFO     [1004/1010] Done  AmeriFlux_US-ARM  S1RTC= LULC=done
2026-06-01 09:13:08 INFO     [1005/1010] Done  AmeriFlux_US-SRG  S1RTC= LULC=done
2026-06-01 09:13:08 INFO     [1006/1010] Done  AmeriFlux_US-Ton  S1RTC= LULC=done
2026-06-01 09:13:08 INFO     [1007/1010] Done  AmeriFlux_US-Whs  S1RTC= LULC=done
2026-06-01 09:13:08 INFO     [1008/1010] Done  AmeriFlux_US-Var  S1RTC= LULC=done
2026-06-01 09:13:08 INFO     [1009/1010] Done  AmeriFlux_US-UMd  S1RTC= LULC=done
2026-06-01 09:13:09 INFO     [1010/1010] Done  AmeriFlux_US-Wkg  S1RTC= LULC=done
2026-06-01 09:13:10 INFO     LULC 2025 proxy: copied=397  already_present=0  missing_2024_src=0
2026-06-01 09:13:10 INFO     Done.

Finished : Mon Jun  1 09:13:10 CEST 2026
