Job ID  : 23597277
Node    : gcn141
GPU     : NVIDIA H100
Stations : 61
Mode     : cm-fill
Execute  : True
Device   : cuda
Loading SEnSeIv2 (CloudSEN12)...
[   1/61] OK-CM  ISMN_SCAN_KoptisFarms  cm=0  (2s)
[   2/61] OK-CM  ISMN_SCAN_KyleCanyon  cm=0  (1s)
[   3/61] OK-CM  ISMN_SCAN_Lind#1  cm=0  (1s)
[   4/61] OK-CM  ISMN_SCAN_LittleRedFox  cm=0  (1s)
[   5/61] OK-CM  ISMN_SCAN_LittleRiver  cm=0  (1s)
[   6/61] OK-CM  ISMN_SCAN_LosLunasPMC  cm=0  (1s)
[   7/61] OK-CM  ISMN_SCAN_LovellSummit  cm=0  (1s)
[   8/61] OK-CM  ISMN_SCAN_LovelockNNR  cm=0  (1s)
[   9/61] OK-CM  ISMN_SCAN_LyeBrook  cm=0  (1s)
[  10/61] OK-CM  ISMN_SCAN_MahantangoCk  cm=0  (0s)
[  11/61] OK-CM  ISMN_SCAN_Mandan#1  cm=0  (1s)
[  12/61] OK-CM  ISMN_SCAN_Manderfield  cm=0  (1s)
[  13/61] OK-CM  ISMN_SCAN_MarbleCreek  cm=0  (1s)
[  14/61] OK-CM  ISMN_SCAN_MonoclineRidge  cm=0  (1s)
[  15/61] OK-CM  ISMN_SCAN_MtVernon  cm=0  (1s)
[  16/61] OK-CM  ISMN_SCAN_Nacogdoches  cm=0  (0s)
[  17/61] OK-CM  ISMN_SCAN_Nephi  cm=300  (9s)
[  18/61] OK-CM  ISMN_SCAN_NorthIssaquena  cm=119  (5s)
[  19/61] OK-CM  ISMN_SCAN_Nunn#1  cm=326  (11s)
[  20/61] OK-CM  ISMN_SCAN_Selma  cm=393  (14s)
[  21/61] OK-CM  ISMN_SCAN_Shenandoah  cm=21  (2s)
[  22/61] OK-CM  ISMN_SCAN_Torrington#1  cm=604  (20s)
[  23/61] OK-CM  ISMN_SCAN_Wtars  cm=65  (3s)
[  24/61] OK-CM  ISMN_SNOTEL_AtlantaSummit  cm=245  (9s)
[  25/61] OK-CM  ISMN_SNOTEL_BlackFlat-U.M.Ck  cm=332  (13s)
[  26/61] OK-CM  ISMN_SNOTEL_BrownDuck  cm=126  (6s)
[  27/61] OK-CM  ICOS_BE-Bra  cm=153  (6s)
[  28/61] OK-CM  ICOS_BE-Maa  cm=183  (7s)
[  29/61] OK-CM  ICOS_CZ-BK1  cm=59  (3s)
[  30/61] OK-CM  ICOS_CZ-Lnz  cm=185  (7s)
[  31/61] OK-CM  ICOS_DE-Geb  cm=108  (4s)
[  32/61] OK-CM  ICOS_DE-Gri  cm=116  (5s)
[  33/61] OK-CM  ICOS_DE-Har  cm=69  (3s)
[  34/61] OK-CM  ICOS_DE-HoH  cm=258  (9s)
[  35/61] OK-CM  ICOS_DE-RuR  cm=121  (5s)
[  36/61] OK-CM  ICOS_DE-RuS  cm=100  (4s)
[  37/61] OK-CM  ICOS_DE-RuW  cm=84  (3s)
[  38/61] OK-CM  ICOS_DK-Sor  cm=93  (4s)
[  39/61] OK-CM  ICOS_FI-Hyy  cm=180  (6s)
[  40/61] OK-CM  ICOS_FI-Var  cm=172  (6s)
[  41/61] OK-CM  ICOS_FR-CLt  cm=241  (9s)
[  42/61] OK-CM  ICOS_FR-Hes  cm=169  (6s)
[  43/61] OK-CM  ICOS_FR-Mej  cm=186  (8s)
[  44/61] OK-CM  ICOS_FR-Pue  cm=101  (4s)
[  45/61] OK-CM  ICOS_GF-Guy  cm=20  (1s)
[  46/61] OK-CM  ICOS_IT-BFt  cm=420  (14s)
[  47/61] OK-CM  ICOS_IT-SR2  cm=223  (8s)
[  48/61] OK-CM  ICOS_IT-TrF  cm=412  (12s)
[  49/61] OK-CM  ICOS_SE-Htm  cm=172  (6s)
[  50/61] OK-CM  AmeriFlux_CA-TP1  cm=116  (4s)
[  51/61] OK-CM  AmeriFlux_CA-TP3  cm=121  (5s)
[  52/61] OK-CM  AmeriFlux_CA-TPD  cm=145  (6s)
[  53/61] OK-CM  AmeriFlux_US-ARM  cm=214  (8s)
[  54/61] OK-CM  AmeriFlux_US-Me6  cm=162  (6s)
[  55/61] OK-CM  AmeriFlux_US-SRG  cm=309  (9s)
[  56/61] OK-CM  AmeriFlux_US-SRM  cm=181  (6s)
[  57/61] OK-CM  AmeriFlux_US-Ton  cm=147  (6s)
[  58/61] OK-CM  AmeriFlux_US-UMd  cm=249  (8s)
[  59/61] OK-CM  AmeriFlux_US-Var  cm=170  (5s)
[  60/61] OK-CM  AmeriFlux_US-Whs  cm=354  (12s)
[  61/61] OK-CM  AmeriFlux_US-Wkg  cm=728  (23s)

Total .complete: 991
Done. Total .complete:
991
