Job ID : 23706367
Node   : tcn30
Started: Fri Jun 12 07:56:50 CEST 2026
ERA5 stats: 19 vars, near-zero std vars: none

=== Raw zarr range check: 842 sm_only stations (64 workers) ===
  [ISMN_ARM_Lamont-CF1] era5: min=-11.02 max=1.006e+05 has_inf=False
  [ISMN_ARM_Lamont-CF2] era5: min=-11.02 max=1.003e+05 has_inf=False
  [ISMN_ARM_Marshall] era5: min=-10.23 max=1.005e+05 has_inf=False
  [ISMN_ARM_Medford] era5: min=-11.13 max=1.002e+05 has_inf=False
  [ISMN_ARM_Morrison] era5: min=-9.915 max=1.009e+05 has_inf=False
  [ISMN_ARM_Newkirk] era5: min=-10.19 max=1.002e+05 has_inf=False
  [ISMN_ARM_Pawhuska] era5: min=-9.983 max=1.003e+05 has_inf=False
  [ISMN_ARM_Tryon] era5: min=-8.406 max=1.009e+05 has_inf=False
  [ISMN_ARM_Tyro] era5: min=-8.73 max=1.014e+05 has_inf=False
  [ISMN_Berlin_DWDBerlin-Spaeth] era5: min=-6.862 max=1.04e+05 has_inf=False
  [ISMN_Berlin_DWDBerlinTempel] era5: min=-6.838 max=1.04e+05 has_inf=False
  [ISMN_Berlin_PSA14wiltinger] era5: min=-6.827 max=1.04e+05 has_inf=False
  [ISMN_Berlin_PSA15bucherchaus] era5: min=-7.012 max=1.039e+05 has_inf=False
  [ISMN_Berlin_PSA16krugwiesen] era5: min=-6.936 max=1.038e+05 has_inf=False
  [ISMN_Berlin_PSA17suedpark] era5: min=-6.813 max=1.04e+05 has_inf=False
  [ISMN_Berlin_PSA18Pfaueninsel] era5: min=-6.758 max=1.041e+05 has_inf=False
  [ISMN_Berlin_PSA1BerlinerStr] era5: min=-6.939 max=1.041e+05 has_inf=False
  [ISMN_Berlin_PSA2Tiergarten] era5: min=-7.184 max=1.04e+05 has_inf=False
  [ISMN_Berlin_PSA4Heerstrasse] era5: min=-6.984 max=1.04e+05 has_inf=False
  [ISMN_Berlin_PSA6Plaenterwald] era5: min=-7.212 max=1.041e+05 has_inf=False
  [ISMN_Berlin_PSA7Ruebezahl] era5: min=-7.384 max=1.041e+05 has_inf=False
  [ISMN_Berlin_PflABerlin11Humb] era5: min=-6.916 max=1.039e+05 has_inf=False
  [ISMN_Berlin_PflABerlin12Schi] era5: min=-6.94 max=1.039e+05 has_inf=False
  [ISMN_Berlin_PflABerlin13Marz] era5: min=-6.936 max=1.038e+05 has_inf=False
  [ISMN_COSMOS-UK_AliceHolt] era5: min=-9.492 max=1.036e+05 has_inf=False
  [ISMN_COSMOS-UK_Balruddery] era5: min=-8.209 max=1.029e+05 has_inf=False
  [ISMN_COSMOS-UK_BickleyHall] era5: min=-10.96 max=1.044e+05 has_inf=False
  [ISMN_COSMOS-UK_BunnyPark] era5: min=-10.97 max=1.041e+05 has_inf=False
  [ISMN_COSMOS-UK_Cardington] era5: min=-10.6 max=1.04e+05 has_inf=False
  [ISMN_COSMOS-UK_ChimneyMeadows] era5: min=-9.486 max=1.032e+05 has_inf=False
  [ISMN_COSMOS-UK_Cochno] era5: min=-8.442 max=1.037e+05 has_inf=False
  [ISMN_COSMOS-UK_CwmGarw] era5: min=-14.21 max=1.033e+05 has_inf=False
  [ISMN_COSMOS-UK_Elmsett] era5: min=-9.687 max=1.039e+05 has_inf=False
  [ISMN_COSMOS-UK_Euston] era5: min=-8.831 max=1.045e+05 has_inf=False
  [ISMN_COSMOS-UK_Fincham] era5: min=-11.18 max=1.044e+05 has_inf=False
  [ISMN_COSMOS-UK_Fivemiletown] era5: min=-8.115 max=1.031e+05 has_inf=False
  [ISMN_COSMOS-UK_HartwoodHome] era5: min=-8.046 max=1.026e+05 has_inf=False
  [ISMN_COSMOS-UK_Heytesbury] era5: min=-10.69 max=1.038e+05 has_inf=False
  [ISMN_COSMOS-UK_HollinHill] era5: min=-13.2 max=1.04e+05 has_inf=False
  [ISMN_COSMOS-UK_HolmeLacy] era5: min=-10.8 max=1.036e+05 has_inf=False
  [ISMN_COSMOS-UK_Loddington] era5: min=-10.71 max=1.029e+05 has_inf=False
  [ISMN_COSMOS-UK_LullingtonHeath] era5: min=-15.55 max=1.048e+05 has_inf=False
  [ISMN_COSMOS-UK_MoretonMorrell] era5: min=-10.05 max=1.04e+05 has_inf=False
  [ISMN_COSMOS-UK_Morley] era5: min=-10.64 max=1.044e+05 has_inf=False
  [ISMN_COSMOS-UK_PortonDown] era5: min=-9.106 max=1.032e+05 has_inf=False
  [ISMN_COSMOS-UK_Redhill] era5: min=-8.799 max=1.04e+05 has_inf=False
  [ISMN_COSMOS-UK_Redmere] era5: min=-9.148 max=1.044e+05 has_inf=False
  [ISMN_COSMOS-UK_Rothamsted] era5: min=-9.377 max=1.034e+05 has_inf=False
  [ISMN_COSMOS-UK_Sheepdrove] era5: min=-9.303 max=1.034e+05 has_inf=False
  [ISMN_COSMOS-UK_SpenFarm] era5: min=-9.872 max=1.035e+05 has_inf=False
  [ISMN_COSMOS-UK_Stoughton] era5: min=-11.3 max=1.036e+05 has_inf=False
  [ISMN_COSMOS-UK_Waddesdon] era5: min=-9.729 max=1.035e+05 has_inf=False
  [ISMN_COSMOS-UK_Writtle] era5: min=-9.742 max=1.041e+05 has_inf=False
  [ISMN_CW3E_BrownsValleySchool] era5: min=-5.972 max=1.024e+05 has_inf=False
  [ISMN_FLUXNET-AMERIFLUX_BouldinIslandAlfalfa] era5: min=-8.499 max=1.034e+05 has_inf=False
  [ISMN_FLUXNET-AMERIFLUX_TonziRanch] era5: min=-6.689 max=1.014e+05 has_inf=False
  [ISMN_FLUXNET-AMERIFLUX_VairaRanch] era5: min=-6.689 max=1.014e+05 has_inf=False
  [ISMN_FMI_SAA111] era5: min=-7.295 max=1.005e+05 has_inf=False
  [ISMN_FMI_SAA112] era5: min=-6.249 max=1.005e+05 has_inf=False
  [ISMN_FMI_SAA120] era5: min=-6.756 max=1.012e+05 has_inf=False
  [ISMN_FMI_SOD011] era5: min=-7.112 max=1.017e+05 has_inf=False
  [ISMN_FMI_SOD012] era5: min=-7.112 max=1.017e+05 has_inf=False
  [ISMN_FMI_SOD013] era5: min=-6.35 max=1.026e+05 has_inf=False
  [ISMN_FMI_SOD071] era5: min=-7.112 max=1.017e+05 has_inf=False
  [ISMN_FMI_SOD072] era5: min=-7.112 max=1.017e+05 has_inf=False
  [ISMN_FMI_SOD073] era5: min=-7.112 max=1.017e+05 has_inf=False
  [ISMN_FMI_SOD081] era5: min=-7.112 max=1.017e+05 has_inf=False
  [ISMN_FMI_SOD083] era5: min=-7.112 max=1.017e+05 has_inf=False
  [ISMN_FMI_SOD101] era5: min=-6.364 max=1.026e+05 has_inf=False
  [ISMN_FMI_SOD102] era5: min=-6.364 max=1.026e+05 has_inf=False
  [ISMN_FMI_SOD103] era5: min=-6.364 max=1.026e+05 has_inf=False
  [ISMN_FMI_SOD130] era5: min=-6.368 max=1.025e+05 has_inf=False
  [ISMN_FMI_SOD140] era5: min=-6.247 max=1.024e+05 has_inf=False
  [ISMN_FR_Aqui_fraye] era5: min=-6.435 max=1.035e+05 has_inf=False
  [ISMN_FR_Aqui_hillan2] era5: min=-5.3 max=1.034e+05 has_inf=False
  [ISMN_FR_Aqui_parcmeteo] era5: min=-7.245 max=1.037e+05 has_inf=False
  [ISMN_HOBE_1.05] era5: min=-9.315 max=1.034e+05 has_inf=False
  [ISMN_HOBE_1.07] era5: min=-9.315 max=1.034e+05 has_inf=False
  [ISMN_HOBE_2.01] era5: min=-9.524 max=1.033e+05 has_inf=False
  [ISMN_HOBE_2.11] era5: min=-9.669 max=1.036e+05 has_inf=False
  [ISMN_HOBE_3.06] era5: min=-9.723 max=1.038e+05 has_inf=False
  [ISMN_LAB-net_OromoCalibrationSite] era5: min=-11.18 max=1.024e+05 has_inf=False
  [ISMN_MOL-RAO_Falkenberg] era5: min=-7.52 max=1.04e+05 has_inf=False
  [ISMN_RSMN_Alexandria] era5: min=-8.193 max=1.033e+05 has_inf=False
  [ISMN_RSMN_Bacles] era5: min=-6.779 max=1.013e+05 has_inf=False
  [ISMN_RSMN_Banloc] era5: min=-8.47 max=1.034e+05 has_inf=False
  [ISMN_RSMN_Barlad] era5: min=-8.174 max=1.025e+05 has_inf=False
  [ISMN_RSMN_Calarasi] era5: min=-10.15 max=1.04e+05 has_inf=False
  [ISMN_RSMN_Cotnari] era5: min=-7.291 max=1.025e+05 has_inf=False
  [ISMN_RSMN_Darabani] era5: min=-7.666 max=1.023e+05 has_inf=False
  [ISMN_RSMN_Iasi] era5: min=-7.267 max=1.034e+05 has_inf=False
  [ISMN_RSMN_Oradea] era5: min=-7.247 max=1.024e+05 has_inf=False
  [ISMN_RSMN_RosioriideVede] era5: min=-8.75 max=1.032e+05 has_inf=False
  [ISMN_RSMN_SannicolauMare] era5: min=-9.52 max=1.037e+05 has_inf=False
  [ISMN_RSMN_SatuMare] era5: min=-8.363 max=1.027e+05 has_inf=False
  [ISMN_RSMN_Slatina] era5: min=-8.562 max=1.021e+05 has_inf=False
  [ISMN_RSMN_Tecuci] era5: min=-8.981 max=1.03e+05 has_inf=False
  [ISMN_SCAN_AAMU-JTG] era5: min=-6.996 max=1.014e+05 has_inf=False
  [ISMN_SCAN_Abrams] era5: min=-11.08 max=1.002e+05 has_inf=False
  [ISMN_SCAN_AllenFarms] era5: min=-6.065 max=1.009e+05 has_inf=False
  [ISMN_SCAN_Ames] era5: min=-12.66 max=1.004e+05 has_inf=False
  [ISMN_SCAN_BraggFarm] era5: min=-7.119 max=1.01e+05 has_inf=False
  [ISMN_SCAN_CarverFarm] era5: min=-5.762 max=1.021e+05 has_inf=False
  [ISMN_SCAN_Combate] era5: min=-11.84 max=1.011e+05 has_inf=False
  [ISMN_SCAN_CrescentLake#1] era5: min=-8.81 max=1.006e+05 has_inf=False
  [ISMN_SCAN_Cullman-NAHRC] era5: min=-6.938 max=1.007e+05 has_inf=False
  [ISMN_SCAN_Dexter] era5: min=-7.553 max=1.031e+05 has_inf=False
  [ISMN_SCAN_EastviewFarm] era5: min=-5.166 max=1.004e+05 has_inf=False
  [ISMN_SCAN_ElsberryPMC] era5: min=-7.606 max=1.024e+05 has_inf=False
  [ISMN_SCAN_EvergladesARS] era5: min=-9.982 max=1.03e+05 has_inf=False
  [ISMN_SCAN_Geneva#1] era5: min=-4.864 max=1.015e+05 has_inf=False
  [ISMN_SCAN_GlacialRidge] era5: min=-7.856 max=1.005e+05 has_inf=False
  [ISMN_SCAN_GoodwinCkTimber] era5: min=-6.36 max=1.032e+05 has_inf=False
  [ISMN_SCAN_Hodges] era5: min=-6.569 max=1.006e+05 has_inf=False
  [ISMN_SCAN_IsbellFarms] era5: min=-6.586 max=1.02e+05 has_inf=False
  [ISMN_SCAN_JournaganRanch] era5: min=-6.324 max=1e+05 has_inf=False
  [ISMN_SCAN_KoptisFarms] era5: min=-12.51 max=1.035e+05 has_inf=False
  [ISMN_SCAN_LTSP] era5: min=-5.241 max=1.006e+05 has_inf=False
  [ISMN_SCAN_LittleRiver] era5: min=-15.52 max=1.027e+05 has_inf=False
  [ISMN_SCAN_MahantangoCk] era5: min=-6.764 max=1.013e+05 has_inf=False
  [ISMN_SCAN_MammothCave] era5: min=-5.093 max=1.015e+05 has_inf=False
  [ISMN_SCAN_MaricaoForest] era5: min=-19.86 max=1.01e+05 has_inf=False
  [ISMN_SCAN_Mason#1] era5: min=-10.8 max=1.027e+05 has_inf=False
  [ISMN_SCAN_Mayday] era5: min=-9.031 max=1.034e+05 has_inf=False
  [ISMN_SCAN_McAllisterFarm] era5: min=-6.245 max=1.013e+05 has_inf=False
  [ISMN_SCAN_MonoclineRidge] era5: min=-6.701 max=1.007e+05 has_inf=False
  [ISMN_SCAN_MorrisFarms] era5: min=-8.394 max=1.028e+05 has_inf=False
  [ISMN_SCAN_NPiedmontArec] era5: min=-5.873 max=1.032e+05 has_inf=False
  [ISMN_SCAN_Nacogdoches] era5: min=-5.616 max=1.029e+05 has_inf=False
  [ISMN_SCAN_NorthIssaquena] era5: min=-9.142 max=1.038e+05 has_inf=False
  [ISMN_SCAN_Onward] era5: min=-8.596 max=1.038e+05 has_inf=False
  [ISMN_SCAN_PeeDee] era5: min=-12.65 max=1.035e+05 has_inf=False
  [ISMN_SCAN_PerdidoRivFarms] era5: min=-7.857 max=1.032e+05 has_inf=False
  [ISMN_SCAN_Perthshire] era5: min=-7.269 max=1.037e+05 has_inf=False
  [ISMN_SCAN_PowderMill] era5: min=-7.706 max=1.035e+05 has_inf=False
  [ISMN_SCAN_PowellGardens] era5: min=-7.872 max=1.012e+05 has_inf=False
  [ISMN_SCAN_PrairieView#1] era5: min=-8.743 max=1.032e+05 has_inf=False
  [ISMN_SCAN_Princeton#1] era5: min=-6.219 max=1.023e+05 has_inf=False
  [ISMN_SCAN_RiverRoadFarms] era5: min=-11.39 max=1.033e+05 has_inf=False
  [ISMN_SCAN_RogersFarm#1] era5: min=-11.39 max=1e+05 has_inf=False
  [ISMN_SCAN_SandyRidge] era5: min=-9.765 max=1.038e+05 has_inf=False
  [ISMN_SCAN_Scott] era5: min=-7.668 max=1.034e+05 has_inf=False
  [ISMN_SCAN_SellersLake#1] era5: min=-13.19 max=1.033e+05 has_inf=False
  [ISMN_SCAN_Selma] era5: min=-8.082 max=1.032e+05 has_inf=False
  [ISMN_SCAN_SilverCity] era5: min=-9.45 max=1.038e+05 has_inf=False
  [ISMN_SCAN_Spickard] era5: min=-10.78 max=1.01e+05 has_inf=False
  [ISMN_SCAN_StanleyFarm] era5: min=-6.363 max=1.011e+05 has_inf=False
  [ISMN_SCAN_Starkville] era5: min=-6.073 max=1.032e+05 has_inf=False
  [ISMN_SCAN_SudduthFarms] era5: min=-6.437 max=1.014e+05 has_inf=False
  [ISMN_SCAN_SunleafNursery] era5: min=-11.8 max=1.017e+05 has_inf=False
  [ISMN_SCAN_TidewaterArec] era5: min=-8.06 max=1.04e+05 has_inf=False
  [ISMN_SCAN_TncFortBayou] era5: min=-9 max=1.039e+05 has_inf=False
  [ISMN_SCAN_Tunica] era5: min=-7.985 max=1.036e+05 has_inf=False
  [ISMN_SCAN_TwinPinesConservationArea] era5: min=-5.219 max=1.001e+05 has_inf=False
  [ISMN_SCAN_UWPlatteville] era5: min=-7.858 max=1.007e+05 has_inf=False
  [ISMN_SCAN_Uapb-Earle] era5: min=-8.195 max=1.037e+05 has_inf=False
  [ISMN_SCAN_UapbCampus-PB] era5: min=-6.142 max=1.03e+05 has_inf=False
  [ISMN_SCAN_UapbDewitt] era5: min=-8.544 max=1.037e+05 has_inf=False
  [ISMN_SCAN_UapbPointRemove] era5: min=-5.034 max=1.022e+05 has_inf=False
  [ISMN_SCAN_Uvalde] era5: min=-12.52 max=1.001e+05 has_inf=False
  [ISMN_SCAN_Wakulla#1] era5: min=-9.48 max=1.035e+05 has_inf=False
  [ISMN_SCAN_Watkinsville#1] era5: min=-6.615 max=1.011e+05 has_inf=False
  [ISMN_SCAN_Wtars] era5: min=-6.766 max=1.012e+05 has_inf=False
  [ISMN_SCAN_YoumansFarm] era5: min=-11.02 max=1.038e+05 has_inf=False
  [ISMN_SMOSMANIA_CabrieresdAvignon] era5: min=-10.42 max=1.002e+05 has_inf=False
  [ISMN_SMOSMANIA_Condom] era5: min=-8.198 max=1.026e+05 has_inf=False
  [ISMN_SMOSMANIA_CreondArmagnac] era5: min=-5.884 max=1.026e+05 has_inf=False
  [ISMN_SMOSMANIA_Lahas] era5: min=-9.236 max=1.018e+05 has_inf=False
  [ISMN_SMOSMANIA_LezignanCorbieres] era5: min=-9.712 max=1.033e+05 has_inf=False
  [ISMN_SMOSMANIA_Mejannes-le-Clap] era5: min=-10.77 max=1.003e+05 has_inf=False
  [ISMN_SMOSMANIA_Montaut] era5: min=-10.07 max=1.006e+05 has_inf=False
  [ISMN_SMOSMANIA_Narbonne] era5: min=-10.12 max=1.029e+05 has_inf=False
  [ISMN_SMOSMANIA_PeyrusseGrande] era5: min=-8.127 max=1.02e+05 has_inf=False
  [ISMN_SMOSMANIA_Pezenas] era5: min=-12.09 max=1.027e+05 has_inf=False
  [ISMN_SMOSMANIA_Prades-le-Lez] era5: min=-12.09 max=1.027e+05 has_inf=False
  [ISMN_SMOSMANIA_Sabres] era5: min=-5.243 max=1.034e+05 has_inf=False
  [ISMN_SMOSMANIA_SaintFelixdeLauragais] era5: min=-10.32 max=1.014e+05 has_inf=False
  [ISMN_SMOSMANIA_Savenes] era5: min=-8.756 max=1.025e+05 has_inf=False
  [ISMN_SMOSMANIA_Urgons] era5: min=-7.484 max=1.029e+05 has_inf=False
  [ISMN_SMOSMANIA_Villevielle] era5: min=-8.973 max=1.025e+05 has_inf=False
  [ISMN_SNOTEL_Aniak] era5: min=-11.33 max=1.044e+05 has_inf=False
  [ISMN_SNOTEL_GalenaAK] era5: min=-4.95 max=1.047e+05 has_inf=False
  [ISMN_SNOTEL_GraniteCrk] era5: min=-5.284 max=1.001e+05 has_inf=False
  [ISMN_SNOTEL_KellyStation] era5: min=-10 max=1.032e+05 has_inf=False
  [ISMN_SNOTEL_KenaiMoosePens] era5: min=-8.496 max=1.04e+05 has_inf=False
  [ISMN_SNOTEL_McGrath] era5: min=-4.818 max=1.032e+05 has_inf=False
  [ISMN_SNOTEL_McneilRiverSGS] era5: min=-13.81 max=1.026e+05 has_inf=False
  [ISMN_SNOTEL_PortGraham] era5: min=-20.05 max=1.023e+05 has_inf=False
  [ISMN_SNOTEL_SusitnaValleyHigh] era5: min=-6.194 max=1.022e+05 has_inf=False
  [ISMN_STEMS_CarpenetopermanentGrassCoverNoTrackposition] era5: min=-7.074 max=1.016e+05 has_inf=False
  [ISMN_STEMS_CarpenetopermanentGrassCoverTrackposition] era5: min=-7.074 max=1.016e+05 has_inf=False
  [ISMN_TERENO_Gevenich] era5: min=-7.578 max=1.038e+05 has_inf=False
  [ISMN_TERENO_Merzenhausen] era5: min=-7.247 max=1.039e+05 has_inf=False
  [ISMN_TERENO_Selhausen] era5: min=-7.165 max=1.034e+05 has_inf=False
  [ISMN_TWENTE_Hupsel] era5: min=-7.545 max=1.045e+05 has_inf=False
  [ISMN_TWENTE_ITCSM-07b] era5: min=-8.418 max=1.044e+05 has_inf=False
  [ISMN_TWENTE_ITCSM-08b] era5: min=-7.774 max=1.045e+05 has_inf=False
  [ISMN_TWENTE_ITCSM-09] era5: min=-7.648 max=1.044e+05 has_inf=False
  [ISMN_TWENTE_ITCSM-13] era5: min=-8.231 max=1.044e+05 has_inf=False
  [ISMN_TWENTE_ITCSM-15b] era5: min=-8.799 max=1.043e+05 has_inf=False
  [ISMN_TWENTE_ITCSM-16b] era5: min=-8.836 max=1.043e+05 has_inf=False
  [ISMN_TWENTE_ITCSM-17c] era5: min=-8.96 max=1.046e+05 has_inf=False
  [ISMN_USCRN_Batesville-8-WNW] era5: min=-6.732 max=1.023e+05 has_inf=False
  [ISMN_USCRN_Bedford-5-WNW] era5: min=-5.545 max=1.02e+05 has_inf=False
  [ISMN_USCRN_Bowling-Green-21-NNE] era5: min=-5.127 max=1.02e+05 has_inf=False
  [ISMN_USCRN_Brunswick-23-S] era5: min=-19.84 max=1.038e+05 has_inf=False
  [ISMN_USCRN_Cape-Charles-5-ENE] era5: min=-24.44 max=1.042e+05 has_inf=False
  [ISMN_USCRN_Charlottesville-2-SSE] era5: min=-5.537 max=1.02e+05 has_inf=False
  [ISMN_USCRN_Chatham-1-SE] era5: min=-15.81 max=1.01e+05 has_inf=False
  [ISMN_USCRN_Corvallis-10-SSW] era5: min=-4.699 max=1.007e+05 has_inf=False
  [ISMN_USCRN_Durham-11-W] era5: min=-7.35 max=1.022e+05 has_inf=False
  [ISMN_USCRN_Durham-2-N] era5: min=-7.32 max=1.037e+05 has_inf=False
  [ISMN_USCRN_Everglades-City-5-NE] era5: min=-25.49 max=1.033e+05 has_inf=False
  [ISMN_USCRN_Gadsden-19-N] era5: min=-6.326 max=1.003e+05 has_inf=False
  [ISMN_USCRN_Joplin-24-N] era5: min=-7.292 max=1.01e+05 has_inf=False
  [ISMN_USCRN_Lafayette-13-SE] era5: min=-10.94 max=1.04e+05 has_inf=False
  [ISMN_USCRN_McClellanville-7-NE] era5: min=-16.89 max=1.041e+05 has_inf=False
  [ISMN_USCRN_Monroe-26-N] era5: min=-6.001 max=1.037e+05 has_inf=False
  [ISMN_USCRN_Newton-5-ENE] era5: min=-7.981 max=1.026e+05 has_inf=False
  [ISMN_USCRN_Newton-8-W] era5: min=-13.29 max=1.032e+05 has_inf=False
  [ISMN_USCRN_Stillwater-2-W] era5: min=-9.146 max=1.008e+05 has_inf=False
  [ISMN_USCRN_Stillwater-5-WNW] era5: min=-8.4 max=1.006e+05 has_inf=False
  [ISMN_USCRN_Stovepipe-Wells-1-SW] era5: min=-6.451 max=1.035e+05 has_inf=False
  [ISMN_USCRN_Versailles-3-NNW] era5: min=-5.31 max=1.015e+05 has_inf=False
  [ISMN_USCRN_Watkinsville-5-SSE] era5: min=-8.248 max=1.015e+05 has_inf=False
Dataset: 4280 samples from 3 stations

=== train: 4280 samples, 3 stations ===
  samples with all-NaN label (zero-loss branch): 0
  No NaN/Inf found in any non-label field.
Dataset: 1132 samples from 1 stations

=== val: 1132 samples, 1 stations ===
  samples with all-NaN label (zero-loss branch): 0
  No NaN/Inf found in any non-label field.
Finished: Fri Jun 12 08:24:58 CEST 2026
