Job ID : 23706813
Node   : tcn72
Started: Fri Jun 12 08:32:12 CEST 2026
ERA5 stats: 19 vars, near-zero std vars: none

=== Full zarr array scan (isnan/isinf): 842 sm_only stations (64 workers) ===
  [ISMN_AMMA-CATCH_Tondikiboro] soil: nan=147 inf=0 shape=(21, 74, 74) dtype=float32
  [ISMN_ARM_Ashton] soil: nan=21 inf=0 shape=(21, 74, 74) dtype=float32
  [ISMN_ARM_MapleCity] soil: nan=42 inf=0 shape=(21, 74, 74) dtype=float32
  [ISMN_ARM_Morrison] soil: nan=21 inf=0 shape=(21, 74, 74) dtype=float32
  [ISMN_ARM_Tryon] soil: nan=189 inf=0 shape=(21, 74, 74) dtype=float32
  [ISMN_ARM_Tyro] soil: nan=63 inf=0 shape=(21, 74, 74) dtype=float32
  [ISMN_Berlin_DWDBerlin-Spaeth] soil: nan=462 inf=0 shape=(21, 74, 74) dtype=float32
  [ISMN_Berlin_PSA18Pfaueninsel] soil: nan=47985 inf=0 shape=(21, 74, 74) dtype=float32
  [ISMN_Berlin_PSA2Tiergarten] soil: nan=21 inf=0 shape=(21, 74, 74) dtype=float32
  [ISMN_Berlin_PSA4Heerstrasse] s1_desc/l12: nan=2257920 inf=0 shape=(257, 196, 768) dtype=float16
  [ISMN_Berlin_PSA4Heerstrasse] s1_desc/l3: nan=2257920 inf=0 shape=(257, 196, 768) dtype=float16
  [ISMN_Berlin_PSA4Heerstrasse] s1_desc/l6: nan=2257920 inf=0 shape=(257, 196, 768) dtype=float16
  [ISMN_Berlin_PSA4Heerstrasse] s1_desc/l9: nan=2257920 inf=0 shape=(257, 196, 768) dtype=float16
  [ISMN_Berlin_PSA6Plaenterwald] soil: nan=5145 inf=0 shape=(21, 74, 74) dtype=float32
  [ISMN_Berlin_PSA7Ruebezahl] soil: nan=21189 inf=0 shape=(21, 74, 74) dtype=float32
  [ISMN_Berlin_PflABerlin11Humb] soil: nan=21 inf=0 shape=(21, 74, 74) dtype=float32
  [ISMN_Berlin_PflABerlin12Schi] soil: nan=567 inf=0 shape=(21, 74, 74) dtype=float32
  [ISMN_COSMOS-UK_AliceHolt] soil: nan=42 inf=0 shape=(21, 74, 74) dtype=float32
  [ISMN_COSMOS-UK_BickleyHall] soil: nan=1029 inf=0 shape=(21, 74, 74) dtype=float32
  [ISMN_COSMOS-UK_BickleyHall] s1_desc/l12: nan=1354752 inf=0 shape=(706, 196, 768) dtype=float16
  [ISMN_COSMOS-UK_BickleyHall] s1_desc/l3: nan=1354752 inf=0 shape=(706, 196, 768) dtype=float16
  [ISMN_COSMOS-UK_BickleyHall] s1_desc/l6: nan=1354752 inf=0 shape=(706, 196, 768) dtype=float16
  [ISMN_COSMOS-UK_BickleyHall] s1_desc/l9: nan=1354752 inf=0 shape=(706, 196, 768) dtype=float16
  [ISMN_COSMOS-UK_Cochno] soil: nan=252 inf=0 shape=(21, 74, 74) dtype=float32
  [ISMN_COSMOS-UK_HartwoodHome] s1_desc/l12: nan=150528 inf=0 shape=(602, 196, 768) dtype=float16
  [ISMN_COSMOS-UK_HartwoodHome] s1_desc/l3: nan=150528 inf=0 shape=(602, 196, 768) dtype=float16
  [ISMN_COSMOS-UK_HartwoodHome] s1_desc/l6: nan=150528 inf=0 shape=(602, 196, 768) dtype=float16
  [ISMN_COSMOS-UK_HartwoodHome] s1_desc/l9: nan=150528 inf=0 shape=(602, 196, 768) dtype=float16
  [ISMN_COSMOS-UK_Redmere] soil: nan=483 inf=0 shape=(21, 74, 74) dtype=float32
  [ISMN_COSMOS-UK_Sheepdrove] s1_desc/l12: nan=150528 inf=0 shape=(712, 196, 768) dtype=float16
  [ISMN_COSMOS-UK_Sheepdrove] s1_desc/l3: nan=150528 inf=0 shape=(712, 196, 768) dtype=float16
  [ISMN_COSMOS-UK_Sheepdrove] s1_desc/l6: nan=150528 inf=0 shape=(712, 196, 768) dtype=float16
  [ISMN_COSMOS-UK_Sheepdrove] s1_desc/l9: nan=150528 inf=0 shape=(712, 196, 768) dtype=float16
  [ISMN_CW3E_Deerwood] soil: nan=12684 inf=0 shape=(21, 74, 74) dtype=float32
  [ISMN_CW3E_PotterValleyNorth] soil: nan=84 inf=0 shape=(21, 74, 74) dtype=float32
  [ISMN_FLUXNET-AMERIFLUX_BouldinIslandAlfalfa] soil: nan=14406 inf=0 shape=(21, 74, 74) dtype=float32
  [ISMN_FMI_SOD011] soil: nan=9030 inf=0 shape=(21, 74, 74) dtype=float32
  [ISMN_FMI_SOD012] soil: nan=9135 inf=0 shape=(21, 74, 74) dtype=float32
  [ISMN_FMI_SOD012] s1_desc/l12: nan=1505280 inf=0 shape=(682, 196, 768) dtype=float16
  [ISMN_FMI_SOD012] s1_desc/l3: nan=1505280 inf=0 shape=(682, 196, 768) dtype=float16
  [ISMN_FMI_SOD012] s1_desc/l6: nan=1505280 inf=0 shape=(682, 196, 768) dtype=float16
  [ISMN_FMI_SOD012] s1_desc/l9: nan=1505280 inf=0 shape=(682, 196, 768) dtype=float16
  [ISMN_FMI_SOD013] soil: nan=9177 inf=0 shape=(21, 74, 74) dtype=float32
  [ISMN_FMI_SOD081] soil: nan=7917 inf=0 shape=(21, 74, 74) dtype=float32
  [ISMN_FMI_SOD083] soil: nan=8085 inf=0 shape=(21, 74, 74) dtype=float32
  [ISMN_FMI_SOD101] soil: nan=21 inf=0 shape=(21, 74, 74) dtype=float32
  [ISMN_FMI_SOD102] soil: nan=21 inf=0 shape=(21, 74, 74) dtype=float32
  [ISMN_FMI_SOD103] soil: nan=21 inf=0 shape=(21, 74, 74) dtype=float32
  [ISMN_FMI_SOD130] soil: nan=2730 inf=0 shape=(21, 74, 74) dtype=float32
  [ISMN_FMI_SOD130] s1_asc/l12: nan=150528 inf=0 shape=(549, 196, 768) dtype=float16
  [ISMN_FMI_SOD130] s1_asc/l3: nan=150528 inf=0 shape=(549, 196, 768) dtype=float16
  [ISMN_FMI_SOD130] s1_asc/l6: nan=150528 inf=0 shape=(549, 196, 768) dtype=float16
  [ISMN_FMI_SOD130] s1_asc/l9: nan=150528 inf=0 shape=(549, 196, 768) dtype=float16
  [ISMN_FMI_SOD130] s1_desc/l12: nan=6322176 inf=0 shape=(623, 196, 768) dtype=float16
  [ISMN_FMI_SOD130] s1_desc/l3: nan=6322176 inf=0 shape=(623, 196, 768) dtype=float16
  [ISMN_FMI_SOD130] s1_desc/l6: nan=6322176 inf=0 shape=(623, 196, 768) dtype=float16
  [ISMN_FMI_SOD130] s1_desc/l9: nan=6322176 inf=0 shape=(623, 196, 768) dtype=float16
  [ISMN_HOBE_2.01] soil: nan=63 inf=0 shape=(21, 74, 74) dtype=float32
  [ISMN_LABFLUX_Nivolet] soil: nan=336 inf=0 shape=(21, 74, 74) dtype=float32
  [ISMN_NAQU_NQKema] soil: nan=252 inf=0 shape=(21, 74, 74) dtype=float32
  [ISMN_NAQU_NQMS] soil: nan=273 inf=0 shape=(21, 74, 74) dtype=float32
  [ISMN_NAQU_NQNorth] soil: nan=273 inf=0 shape=(21, 74, 74) dtype=float32
  [ISMN_NGARI_ALI01] soil: nan=42063 inf=0 shape=(21, 74, 74) dtype=float32
  [ISMN_NGARI_ALI02] soil: nan=6363 inf=0 shape=(21, 74, 74) dtype=float32
  [ISMN_NGARI_ALI03] soil: nan=20307 inf=0 shape=(21, 74, 74) dtype=float32
  [ISMN_NGARI_SQ19] soil: nan=44688 inf=0 shape=(21, 74, 74) dtype=float32
  [ISMN_NGARI_SQ20] soil: nan=51009 inf=0 shape=(21, 74, 74) dtype=float32
  [ISMN_REMEDHUS_LasVacas] s1_desc/l12: nan=150528 inf=0 shape=(245, 196, 768) dtype=float16
  [ISMN_REMEDHUS_LasVacas] s1_desc/l3: nan=150528 inf=0 shape=(245, 196, 768) dtype=float16
  [ISMN_REMEDHUS_LasVacas] s1_desc/l6: nan=150528 inf=0 shape=(245, 196, 768) dtype=float16
  [ISMN_REMEDHUS_LasVacas] s1_desc/l9: nan=150528 inf=0 shape=(245, 196, 768) dtype=float16
  [ISMN_ROMPS_GolubinGlacier] soil: nan=6846 inf=0 shape=(21, 74, 74) dtype=float32
  [ISMN_ROMPS_GolubinGlacier] s1_desc/l12: nan=150528 inf=0 shape=(443, 196, 768) dtype=float16
  [ISMN_ROMPS_GolubinGlacier] s1_desc/l3: nan=150528 inf=0 shape=(443, 196, 768) dtype=float16
  [ISMN_ROMPS_GolubinGlacier] s1_desc/l6: nan=150528 inf=0 shape=(443, 196, 768) dtype=float16
  [ISMN_ROMPS_GolubinGlacier] s1_desc/l9: nan=150528 inf=0 shape=(443, 196, 768) dtype=float16
  [ISMN_ROMPS_Kokomeren] soil: nan=840 inf=0 shape=(21, 74, 74) dtype=float32
  [ISMN_ROMPS_Maydantal] soil: nan=2373 inf=0 shape=(21, 74, 74) dtype=float32
  [ISMN_RSMN_Alexandria] s1_desc/l12: nan=150528 inf=0 shape=(349, 196, 768) dtype=float16
  [ISMN_RSMN_Alexandria] s1_desc/l3: nan=150528 inf=0 shape=(349, 196, 768) dtype=float16
  [ISMN_RSMN_Alexandria] s1_desc/l6: nan=150528 inf=0 shape=(349, 196, 768) dtype=float16
  [ISMN_RSMN_Alexandria] s1_desc/l9: nan=150528 inf=0 shape=(349, 196, 768) dtype=float16
  [ISMN_RSMN_Iasi] soil: nan=1197 inf=0 shape=(21, 74, 74) dtype=float32
  [ISMN_RSMN_Slatina] soil: nan=105 inf=0 shape=(21, 74, 74) dtype=float32
  [ISMN_SCAN_Alcalde] soil: nan=168 inf=0 shape=(21, 74, 74) dtype=float32
  [ISMN_SCAN_Ames] soil: nan=462 inf=0 shape=(21, 74, 74) dtype=float32
  [ISMN_SCAN_CacheJunction] soil: nan=1764 inf=0 shape=(21, 74, 74) dtype=float32
  [ISMN_SCAN_CarverFarm] soil: nan=21 inf=0 shape=(21, 74, 74) dtype=float32
  [ISMN_SCAN_CaveValley] soil: nan=4494 inf=0 shape=(21, 74, 74) dtype=float32
  [ISMN_SCAN_CentraliaLake] soil: nan=18795 inf=0 shape=(21, 74, 74) dtype=float32
  [ISMN_SCAN_CrescentLake#1] soil: nan=1890 inf=0 shape=(21, 74, 74) dtype=float32
  [ISMN_SCAN_Cullman-NAHRC] soil: nan=10206 inf=0 shape=(21, 74, 74) dtype=float32
  [ISMN_SCAN_DeepSprings] soil: nan=21 inf=0 shape=(21, 74, 74) dtype=float32
  [ISMN_SCAN_Dexter] soil: nan=819 inf=0 shape=(21, 74, 74) dtype=float32
  [ISMN_SCAN_EagleLake] soil: nan=23331 inf=0 shape=(21, 74, 74) dtype=float32
  [ISMN_SCAN_ElsberryPMC] soil: nan=882 inf=0 shape=(21, 74, 74) dtype=float32
  [ISMN_SCAN_ErosDataCenter] soil: nan=525 inf=0 shape=(21, 74, 74) dtype=float32
  [ISMN_SCAN_EvergladesARS] soil: nan=1365 inf=0 shape=(21, 74, 74) dtype=float32
  [ISMN_SCAN_GoodwinCkTimber] soil: nan=63 inf=0 shape=(21, 74, 74) dtype=float32
  [ISMN_SCAN_GreenRiver] soil: nan=20769 inf=0 shape=(21, 74, 74) dtype=float32
  [ISMN_SCAN_HarmsWay] soil: nan=21 inf=0 shape=(21, 74, 74) dtype=float32
  [ISMN_SCAN_JornadaExpRange] soil: nan=24780 inf=0 shape=(21, 74, 74) dtype=float32
  [ISMN_SCAN_LittleRedFox] soil: nan=168 inf=0 shape=(21, 74, 74) dtype=float32
  [ISMN_SCAN_LittleRiver] soil: nan=1365 inf=0 shape=(21, 74, 74) dtype=float32
  [ISMN_SCAN_LyeBrook] soil: nan=336 inf=0 shape=(21, 74, 74) dtype=float32
  [ISMN_SCAN_LyeBrook] s1_asc/l12: nan=752640 inf=0 shape=(371, 196, 768) dtype=float16
  [ISMN_SCAN_LyeBrook] s1_asc/l3: nan=752640 inf=0 shape=(371, 196, 768) dtype=float16
  [ISMN_SCAN_LyeBrook] s1_asc/l6: nan=752640 inf=0 shape=(371, 196, 768) dtype=float16
  [ISMN_SCAN_LyeBrook] s1_asc/l9: nan=752640 inf=0 shape=(371, 196, 768) dtype=float16
  [ISMN_SCAN_MonoclineRidge] soil: nan=2478 inf=0 shape=(21, 74, 74) dtype=float32
  [ISMN_SCAN_MonoclineRidge] s1_desc/l12: nan=150528 inf=0 shape=(440, 196, 768) dtype=float16
  [ISMN_SCAN_MonoclineRidge] s1_desc/l3: nan=150528 inf=0 shape=(440, 196, 768) dtype=float16
  [ISMN_SCAN_MonoclineRidge] s1_desc/l6: nan=150528 inf=0 shape=(440, 196, 768) dtype=float16
  [ISMN_SCAN_MonoclineRidge] s1_desc/l9: nan=150528 inf=0 shape=(440, 196, 768) dtype=float16
  [ISMN_SCAN_Nacogdoches] soil: nan=4704 inf=0 shape=(21, 74, 74) dtype=float32
  [ISMN_SCAN_PeeDee] soil: nan=5733 inf=0 shape=(21, 74, 74) dtype=float32
  [ISMN_SCAN_PerdidoRivFarms] soil: nan=819 inf=0 shape=(21, 74, 74) dtype=float32
  [ISMN_SCAN_PowderMill] soil: nan=84 inf=0 shape=(21, 74, 74) dtype=float32
  [ISMN_SCAN_PowellGardens] soil: nan=1050 inf=0 shape=(21, 74, 74) dtype=float32
  [ISMN_SCAN_PrairieView#1] soil: nan=126 inf=0 shape=(21, 74, 74) dtype=float32
  [ISMN_SCAN_Price] soil: nan=5271 inf=0 shape=(21, 74, 74) dtype=float32
  [ISMN_SCAN_RockSpringsPa] soil: nan=210 inf=0 shape=(21, 74, 74) dtype=float32
  [ISMN_SCAN_SandyRidge] soil: nan=21 inf=0 shape=(21, 74, 74) dtype=float32
  [ISMN_SCAN_SellersLake#1] soil: nan=5691 inf=0 shape=(21, 74, 74) dtype=float32
  [ISMN_SCAN_Spickard] soil: nan=294 inf=0 shape=(21, 74, 74) dtype=float32
  [ISMN_SCAN_SplitMountain] soil: nan=1029 inf=0 shape=(21, 74, 74) dtype=float32
  [ISMN_SCAN_StanleyFarm] soil: nan=84 inf=0 shape=(21, 74, 74) dtype=float32
  [ISMN_SCAN_Starkville] soil: nan=336 inf=0 shape=(21, 74, 74) dtype=float32
  [ISMN_SCAN_Stephenville] soil: nan=126 inf=0 shape=(21, 74, 74) dtype=float32
  [ISMN_SCAN_TidewaterArec] soil: nan=1050 inf=0 shape=(21, 74, 74) dtype=float32
  [ISMN_SCAN_TuleValley] soil: nan=966 inf=0 shape=(21, 74, 74) dtype=float32
  [ISMN_SCAN_Tunica] soil: nan=147 inf=0 shape=(21, 74, 74) dtype=float32
  [ISMN_SCAN_Uapb-Earle] soil: nan=3297 inf=0 shape=(21, 74, 74) dtype=float32
  [ISMN_SCAN_UapbCampus-PB] soil: nan=1155 inf=0 shape=(21, 74, 74) dtype=float32
  [ISMN_SCAN_Uvalde] soil: nan=42 inf=0 shape=(21, 74, 74) dtype=float32
  [ISMN_SCAN_Vermillion] soil: nan=63 inf=0 shape=(21, 74, 74) dtype=float32
  [ISMN_SCAN_Watkinsville#1] soil: nan=336 inf=0 shape=(21, 74, 74) dtype=float32
  [ISMN_SCAN_WillowWells] s1_asc/l12: nan=13698048 inf=0 shape=(329, 196, 768) dtype=float16
  [ISMN_SCAN_WillowWells] s1_asc/l3: nan=13698048 inf=0 shape=(329, 196, 768) dtype=float16
  [ISMN_SCAN_WillowWells] s1_asc/l6: nan=13698048 inf=0 shape=(329, 196, 768) dtype=float16
  [ISMN_SCAN_WillowWells] s1_asc/l9: nan=13698048 inf=0 shape=(329, 196, 768) dtype=float16
  [ISMN_SCAN_YoumansFarm] soil: nan=252 inf=0 shape=(21, 74, 74) dtype=float32
  [ISMN_SMOSMANIA_Lahas] soil: nan=42 inf=0 shape=(21, 74, 74) dtype=float32
  [ISMN_SMOSMANIA_Mouthoumet] s1_desc/l12: nan=1505280 inf=0 shape=(832, 196, 768) dtype=float16
  [ISMN_SMOSMANIA_Mouthoumet] s1_desc/l3: nan=1505280 inf=0 shape=(832, 196, 768) dtype=float16
  [ISMN_SMOSMANIA_Mouthoumet] s1_desc/l6: nan=1505280 inf=0 shape=(832, 196, 768) dtype=float16
  [ISMN_SMOSMANIA_Mouthoumet] s1_desc/l9: nan=1505280 inf=0 shape=(832, 196, 768) dtype=float16
  [ISMN_SMOSMANIA_PeyrusseGrande] soil: nan=378 inf=0 shape=(21, 74, 74) dtype=float32
  [ISMN_SNOTEL_AguaCanyon] soil: nan=9408 inf=0 shape=(21, 74, 74) dtype=float32
  [ISMN_SNOTEL_AmericanCreek] soil: nan=756 inf=0 shape=(21, 74, 74) dtype=float32
  [ISMN_SNOTEL_Aniak] soil: nan=23709 inf=0 shape=(21, 74, 74) dtype=float32
  [ISMN_SNOTEL_AtlantaSummit] s1_desc/l12: nan=1505280 inf=0 shape=(286, 196, 768) dtype=float16
  [ISMN_SNOTEL_AtlantaSummit] s1_desc/l3: nan=1505280 inf=0 shape=(286, 196, 768) dtype=float16
  [ISMN_SNOTEL_AtlantaSummit] s1_desc/l6: nan=1505280 inf=0 shape=(286, 196, 768) dtype=float16
  [ISMN_SNOTEL_AtlantaSummit] s1_desc/l9: nan=1505280 inf=0 shape=(286, 196, 768) dtype=float16
  [ISMN_SNOTEL_Atwater] soil: nan=861 inf=0 shape=(21, 74, 74) dtype=float32
  [ISMN_SNOTEL_BannerSummit] soil: nan=210 inf=0 shape=(21, 74, 74) dtype=float32
  [ISMN_SNOTEL_BearCanyon] soil: nan=1596 inf=0 shape=(21, 74, 74) dtype=float32
  [ISMN_SNOTEL_BearCreek] s1_desc/l12: nan=24385536 inf=0 shape=(353, 196, 768) dtype=float16
  [ISMN_SNOTEL_BearCreek] s1_desc/l3: nan=24385536 inf=0 shape=(353, 196, 768) dtype=float16
  [ISMN_SNOTEL_BearCreek] s1_desc/l6: nan=24385536 inf=0 shape=(353, 196, 768) dtype=float16
  [ISMN_SNOTEL_BearCreek] s1_desc/l9: nan=24385536 inf=0 shape=(353, 196, 768) dtype=float16
  [ISMN_SNOTEL_BerthoudSummit] soil: nan=84 inf=0 shape=(21, 74, 74) dtype=float32
  [ISMN_SNOTEL_BigCreekSum] soil: nan=1848 inf=0 shape=(21, 74, 74) dtype=float32
  [ISMN_SNOTEL_BigSandyOpening] soil: nan=462 inf=0 shape=(21, 74, 74) dtype=float32
  [ISMN_SNOTEL_BlackFlat-U.M.Ck] s1_asc/l12: nan=301056 inf=0 shape=(297, 196, 768) dtype=float16
  [ISMN_SNOTEL_BlackFlat-U.M.Ck] s1_asc/l3: nan=301056 inf=0 shape=(297, 196, 768) dtype=float16
  [ISMN_SNOTEL_BlackFlat-U.M.Ck] s1_asc/l6: nan=301056 inf=0 shape=(297, 196, 768) dtype=float16
  [ISMN_SNOTEL_BlackFlat-U.M.Ck] s1_asc/l9: nan=301056 inf=0 shape=(297, 196, 768) dtype=float16
  [ISMN_SNOTEL_BlueLakes] soil: nan=10101 inf=0 shape=(21, 74, 74) dtype=float32
  [ISMN_SNOTEL_BobsHollow] soil: nan=273 inf=0 shape=(21, 74, 74) dtype=float32
  [ISMN_SNOTEL_BrianHead] soil: nan=2793 inf=0 shape=(21, 74, 74) dtype=float32
  [ISMN_SNOTEL_Brighton] soil: nan=441 inf=0 shape=(21, 74, 74) dtype=float32
  [ISMN_SNOTEL_BrooklynLake] soil: nan=42 inf=0 shape=(21, 74, 74) dtype=float32
  [ISMN_SNOTEL_BrownDuck] soil: nan=1743 inf=0 shape=(21, 74, 74) dtype=float32
  [ISMN_SNOTEL_BrownTop] soil: nan=1092 inf=0 shape=(21, 74, 74) dtype=float32
  [ISMN_SNOTEL_BuckFlat] soil: nan=42 inf=0 shape=(21, 74, 74) dtype=float32
  [ISMN_SNOTEL_BuckPasture] soil: nan=63 inf=0 shape=(21, 74, 74) dtype=float32
  [ISMN_SNOTEL_BuckskinJoe] soil: nan=9051 inf=0 shape=(21, 74, 74) dtype=float32
  [ISMN_SNOTEL_BurtsMillerRanch] soil: nan=420 inf=0 shape=(21, 74, 74) dtype=float32
  [ISMN_SNOTEL_Butte] soil: nan=1113 inf=0 shape=(21, 74, 74) dtype=float32
  [ISMN_SNOTEL_CampJackson] soil: nan=147 inf=0 shape=(21, 74, 74) dtype=float32
  [ISMN_SNOTEL_CarsonPass] soil: nan=399 inf=0 shape=(21, 74, 74) dtype=float32
  [ISMN_SNOTEL_CaveMountain] soil: nan=84 inf=0 shape=(21, 74, 74) dtype=float32
  [ISMN_SNOTEL_ChalkCreek#1] soil: nan=63 inf=0 shape=(21, 74, 74) dtype=float32
  [ISMN_SNOTEL_Chepeta] soil: nan=1092 inf=0 shape=(21, 74, 74) dtype=float32
  [ISMN_SNOTEL_Chisana] soil: nan=7665 inf=0 shape=(21, 74, 74) dtype=float32
  [ISMN_SNOTEL_ClackamasLake] soil: nan=168 inf=0 shape=(21, 74, 74) dtype=float32
  [ISMN_SNOTEL_Coldfoot] soil: nan=1071 inf=0 shape=(21, 74, 74) dtype=float32
  [ISMN_SNOTEL_CorralCanyon] soil: nan=2961 inf=0 shape=(21, 74, 74) dtype=float32
  [ISMN_SNOTEL_CouchSummit] soil: nan=63 inf=0 shape=(21, 74, 74) dtype=float32
  [ISMN_SNOTEL_CrowCreek] s1_asc/l12: nan=150528 inf=0 shape=(471, 196, 768) dtype=float16
  [ISMN_SNOTEL_CrowCreek] s1_asc/l3: nan=150528 inf=0 shape=(471, 196, 768) dtype=float16
  [ISMN_SNOTEL_CrowCreek] s1_asc/l6: nan=150528 inf=0 shape=(471, 196, 768) dtype=float16
  [ISMN_SNOTEL_CrowCreek] s1_asc/l9: nan=150528 inf=0 shape=(471, 196, 768) dtype=float16
  [ISMN_SNOTEL_CssLab] soil: nan=231 inf=0 shape=(21, 74, 74) dtype=float32
  [ISMN_SNOTEL_Culebra#2] soil: nan=3906 inf=0 shape=(21, 74, 74) dtype=float32
  [ISMN_SNOTEL_DillsCamp] soil: nan=210 inf=0 shape=(21, 74, 74) dtype=float32
  [ISMN_SNOTEL_DisasterPeak] soil: nan=2541 inf=0 shape=(21, 74, 74) dtype=float32
  [ISMN_SNOTEL_DonkeyReservoir] soil: nan=420 inf=0 shape=(21, 74, 74) dtype=float32
  [ISMN_SNOTEL_EagleSummit] soil: nan=3381 inf=0 shape=(21, 74, 74) dtype=float32
  [ISMN_SNOTEL_EbbettsPass] soil: nan=2394 inf=0 shape=(21, 74, 74) dtype=float32
  [ISMN_SNOTEL_EchoPeak] soil: nan=7707 inf=0 shape=(21, 74, 74) dtype=float32
  [ISMN_SNOTEL_ExitGlacier] soil: nan=5397 inf=0 shape=(21, 74, 74) dtype=float32
  [ISMN_SNOTEL_FallenLeaf] soil: nan=14238 inf=0 shape=(21, 74, 74) dtype=float32
  [ISMN_SNOTEL_FarnsworthLake] soil: nan=147 inf=0 shape=(21, 74, 74) dtype=float32
  [ISMN_SNOTEL_FieldingLake] soil: nan=7266 inf=0 shape=(21, 74, 74) dtype=float32
  [ISMN_SNOTEL_Fifteenmile] soil: nan=42 inf=0 shape=(21, 74, 74) dtype=float32
  [ISMN_SNOTEL_FishLakeUtah] soil: nan=21 inf=0 shape=(21, 74, 74) dtype=float32
  [ISMN_SNOTEL_FivePointsLake] soil: nan=6195 inf=0 shape=(21, 74, 74) dtype=float32
  [ISMN_SNOTEL_ForestdaleCreek] soil: nan=126 inf=0 shape=(21, 74, 74) dtype=float32
  [ISMN_SNOTEL_ForestdaleCreek] s1_desc/l12: nan=301056 inf=0 shape=(703, 196, 768) dtype=float16
  [ISMN_SNOTEL_ForestdaleCreek] s1_desc/l3: nan=301056 inf=0 shape=(703, 196, 768) dtype=float16
  [ISMN_SNOTEL_ForestdaleCreek] s1_desc/l6: nan=301056 inf=0 shape=(703, 196, 768) dtype=float16
  [ISMN_SNOTEL_ForestdaleCreek] s1_desc/l9: nan=301056 inf=0 shape=(703, 196, 768) dtype=float16
  [ISMN_SNOTEL_FremontPass] soil: nan=5733 inf=0 shape=(21, 74, 74) dtype=float32
  [ISMN_SNOTEL_GBRCMeadows] soil: nan=189 inf=0 shape=(21, 74, 74) dtype=float32
  [ISMN_SNOTEL_GalenaAK] soil: nan=861 inf=0 shape=(21, 74, 74) dtype=float32
  [ISMN_SNOTEL_GalenaSummit] soil: nan=105 inf=0 shape=(21, 74, 74) dtype=float32
  [ISMN_SNOTEL_GobblersKnob] soil: nan=147 inf=0 shape=(21, 74, 74) dtype=float32
  [ISMN_SNOTEL_GoldBasin] soil: nan=63 inf=0 shape=(21, 74, 74) dtype=float32
  [ISMN_SNOTEL_GrandTarghee] soil: nan=42 inf=0 shape=(21, 74, 74) dtype=float32
  [ISMN_SNOTEL_GraniteCrk] soil: nan=4536 inf=0 shape=(21, 74, 74) dtype=float32
  [ISMN_SNOTEL_GranitePeak] soil: nan=273 inf=0 shape=(21, 74, 74) dtype=float32
  [ISMN_SNOTEL_GrizzlyPeak] soil: nan=3780 inf=0 shape=(21, 74, 74) dtype=float32
  [ISMN_SNOTEL_GulkanaRiver] soil: nan=210 inf=0 shape=(21, 74, 74) dtype=float32
  [ISMN_SNOTEL_HarrisFlat] soil: nan=756 inf=0 shape=(21, 74, 74) dtype=float32
  [ISMN_SNOTEL_HawleyLake] soil: nan=42 inf=0 shape=(21, 74, 74) dtype=float32
  [ISMN_SNOTEL_HaydenFork] soil: nan=84 inf=0 shape=(21, 74, 74) dtype=float32
  [ISMN_SNOTEL_HiltsCreek] soil: nan=147 inf=0 shape=(21, 74, 74) dtype=float32
  [ISMN_SNOTEL_Hole-in-Rock] soil: nan=294 inf=0 shape=(21, 74, 74) dtype=float32
  [ISMN_SNOTEL_HoosierPass] soil: nan=399 inf=0 shape=(21, 74, 74) dtype=float32
  [ISMN_SNOTEL_Hopewell] s1_desc/l12: nan=6472704 inf=0 shape=(516, 196, 768) dtype=float16
  [ISMN_SNOTEL_Hopewell] s1_desc/l3: nan=6472704 inf=0 shape=(516, 196, 768) dtype=float16
  [ISMN_SNOTEL_Hopewell] s1_desc/l6: nan=6472704 inf=0 shape=(516, 196, 768) dtype=float16
  [ISMN_SNOTEL_Hopewell] s1_desc/l9: nan=6472704 inf=0 shape=(516, 196, 768) dtype=float16
  [ISMN_SNOTEL_HuntingtonHorse] s1_asc/l12: nan=150528 inf=0 shape=(298, 196, 768) dtype=float16
  [ISMN_SNOTEL_HuntingtonHorse] s1_asc/l3: nan=150528 inf=0 shape=(298, 196, 768) dtype=float16
  [ISMN_SNOTEL_HuntingtonHorse] s1_asc/l6: nan=150528 inf=0 shape=(298, 196, 768) dtype=float16
  [ISMN_SNOTEL_HuntingtonHorse] s1_asc/l9: nan=150528 inf=0 shape=(298, 196, 768) dtype=float16
  [ISMN_SNOTEL_ImnaviatCreek] soil: nan=2940 inf=0 shape=(21, 74, 74) dtype=float32
  [ISMN_SNOTEL_IndependenceCamp] soil: nan=23205 inf=0 shape=(21, 74, 74) dtype=float32
  [ISMN_SNOTEL_IndependenceLake] soil: nan=10836 inf=0 shape=(21, 74, 74) dtype=float32
  [ISMN_SNOTEL_IslandPark] soil: nan=17535 inf=0 shape=(21, 74, 74) dtype=float32
  [ISMN_SNOTEL_JackCreekUpper] soil: nan=42 inf=0 shape=(21, 74, 74) dtype=float32
  [ISMN_SNOTEL_JackWadeJct] soil: nan=630 inf=0 shape=(21, 74, 74) dtype=float32
  [ISMN_SNOTEL_JacksPeak] soil: nan=3969 inf=0 shape=(21, 74, 74) dtype=float32
  [ISMN_SNOTEL_JackwhackerGulch] soil: nan=7035 inf=0 shape=(21, 74, 74) dtype=float32
  [ISMN_SNOTEL_JackwhackerGulch] s1_asc/l12: nan=752640 inf=0 shape=(125, 196, 768) dtype=float16
  [ISMN_SNOTEL_JackwhackerGulch] s1_asc/l3: nan=752640 inf=0 shape=(125, 196, 768) dtype=float16
  [ISMN_SNOTEL_JackwhackerGulch] s1_asc/l6: nan=752640 inf=0 shape=(125, 196, 768) dtype=float16
  [ISMN_SNOTEL_JackwhackerGulch] s1_asc/l9: nan=752640 inf=0 shape=(125, 196, 768) dtype=float16
  [ISMN_SNOTEL_JonesCorral] soil: nan=63 inf=0 shape=(21, 74, 74) dtype=float32
  [ISMN_SNOTEL_KellyStation] soil: nan=12831 inf=0 shape=(21, 74, 74) dtype=float32
  [ISMN_SNOTEL_KenaiMoosePens] soil: nan=3654 inf=0 shape=(21, 74, 74) dtype=float32
  [ISMN_SNOTEL_LakeforkBasin] soil: nan=42 inf=0 shape=(21, 74, 74) dtype=float32
  [ISMN_SNOTEL_Lamoille#3] soil: nan=441 inf=0 shape=(21, 74, 74) dtype=float32
  [ISMN_SNOTEL_LamoilleUpper] soil: nan=14091 inf=0 shape=(21, 74, 74) dtype=float32
  [ISMN_SNOTEL_LeavittLake] soil: nan=39459 inf=0 shape=(21, 74, 74) dtype=float32
  [ISMN_SNOTEL_LeavittMeadows] soil: nan=630 inf=0 shape=(21, 74, 74) dtype=float32
  [ISMN_SNOTEL_LilyPond] soil: nan=567 inf=0 shape=(21, 74, 74) dtype=float32
  [ISMN_SNOTEL_LobdellLake] soil: nan=1701 inf=0 shape=(21, 74, 74) dtype=float32
  [ISMN_SNOTEL_LongDrawResv] soil: nan=3234 inf=0 shape=(21, 74, 74) dtype=float32
  [ISMN_SNOTEL_LongValleyJct] soil: nan=21 inf=0 shape=(21, 74, 74) dtype=float32
  [ISMN_SNOTEL_LostCreekResv] s1_asc/l12: nan=21977088 inf=0 shape=(300, 196, 768) dtype=float16
  [ISMN_SNOTEL_LostCreekResv] s1_asc/l3: nan=21977088 inf=0 shape=(300, 196, 768) dtype=float16
  [ISMN_SNOTEL_LostCreekResv] s1_asc/l6: nan=21977088 inf=0 shape=(300, 196, 768) dtype=float16
  [ISMN_SNOTEL_LostCreekResv] s1_asc/l9: nan=21977088 inf=0 shape=(300, 196, 768) dtype=float16
  [ISMN_SNOTEL_MagicMountain] soil: nan=21 inf=0 shape=(21, 74, 74) dtype=float32
  [ISMN_SNOTEL_MarletteLake] soil: nan=19530 inf=0 shape=(21, 74, 74) dtype=float32
  [ISMN_SNOTEL_McGrath] soil: nan=23772 inf=0 shape=(21, 74, 74) dtype=float32
  [ISMN_SNOTEL_McneilRiverSGS] soil: nan=10857 inf=0 shape=(21, 74, 74) dtype=float32
  [ISMN_SNOTEL_MedBow] soil: nan=525 inf=0 shape=(21, 74, 74) dtype=float32
  [ISMN_SNOTEL_MichiganCreek] soil: nan=504 inf=0 shape=(21, 74, 74) dtype=float32
  [ISMN_SNOTEL_MiningFork] soil: nan=483 inf=0 shape=(21, 74, 74) dtype=float32
  [ISMN_SNOTEL_MonitorPass] s1_desc/l12: nan=150528 inf=0 shape=(703, 196, 768) dtype=float16
  [ISMN_SNOTEL_MonitorPass] s1_desc/l3: nan=150528 inf=0 shape=(703, 196, 768) dtype=float16
  [ISMN_SNOTEL_MonitorPass] s1_desc/l6: nan=150528 inf=0 shape=(703, 196, 768) dtype=float16
  [ISMN_SNOTEL_MonitorPass] s1_desc/l9: nan=150528 inf=0 shape=(703, 196, 768) dtype=float16
  [ISMN_SNOTEL_MooreCreekBridge] soil: nan=20538 inf=0 shape=(21, 74, 74) dtype=float32
  [ISMN_SNOTEL_MtBaldy] soil: nan=819 inf=0 shape=(21, 74, 74) dtype=float32
  [ISMN_SNOTEL_MtRoseSkiArea] soil: nan=126 inf=0 shape=(21, 74, 74) dtype=float32
  [ISMN_SNOTEL_NavajoWhiskeyCk] soil: nan=63 inf=0 shape=(21, 74, 74) dtype=float32
  [ISMN_SNOTEL_NukaGlacier] soil: nan=2688 inf=0 shape=(21, 74, 74) dtype=float32
  [ISMN_SNOTEL_PalisadesTahoe] soil: nan=1890 inf=0 shape=(21, 74, 74) dtype=float32
  [ISMN_SNOTEL_PalisadesTahoe] s1_asc/l12: nan=301056 inf=0 shape=(384, 196, 768) dtype=float16
  [ISMN_SNOTEL_PalisadesTahoe] s1_asc/l3: nan=301056 inf=0 shape=(384, 196, 768) dtype=float16
  [ISMN_SNOTEL_PalisadesTahoe] s1_asc/l6: nan=301056 inf=0 shape=(384, 196, 768) dtype=float16
  [ISMN_SNOTEL_PalisadesTahoe] s1_asc/l9: nan=301056 inf=0 shape=(384, 196, 768) dtype=float16
  [ISMN_SNOTEL_PanguitchLakeRS] soil: nan=21861 inf=0 shape=(21, 74, 74) dtype=float32
  [ISMN_SNOTEL_ParkCone] soil: nan=37422 inf=0 shape=(21, 74, 74) dtype=float32
  [ISMN_SNOTEL_ParkReservoir] soil: nan=7350 inf=0 shape=(21, 74, 74) dtype=float32
  [ISMN_SNOTEL_PaysonR.S.] soil: nan=1197 inf=0 shape=(21, 74, 74) dtype=float32
  [ISMN_SNOTEL_PineCreek] soil: nan=42 inf=0 shape=(21, 74, 74) dtype=float32
  [ISMN_SNOTEL_PorphyryCreek] s1_desc/l12: nan=301056 inf=0 shape=(164, 196, 768) dtype=float16
  [ISMN_SNOTEL_PorphyryCreek] s1_desc/l3: nan=301056 inf=0 shape=(164, 196, 768) dtype=float16
  [ISMN_SNOTEL_PorphyryCreek] s1_desc/l6: nan=301056 inf=0 shape=(164, 196, 768) dtype=float16
  [ISMN_SNOTEL_PorphyryCreek] s1_desc/l9: nan=301056 inf=0 shape=(164, 196, 768) dtype=float16
  [ISMN_SNOTEL_PortGraham] soil: nan=33726 inf=0 shape=(21, 74, 74) dtype=float32
  [ISMN_SNOTEL_RainbowCanyon] soil: nan=21 inf=0 shape=(21, 74, 74) dtype=float32
  [ISMN_SNOTEL_RainyPass] soil: nan=441 inf=0 shape=(21, 74, 74) dtype=float32
  [ISMN_SNOTEL_RainyPass] s1_asc/l12: nan=752640 inf=0 shape=(141, 196, 768) dtype=float16
  [ISMN_SNOTEL_RainyPass] s1_asc/l3: nan=752640 inf=0 shape=(141, 196, 768) dtype=float16
  [ISMN_SNOTEL_RainyPass] s1_asc/l6: nan=752640 inf=0 shape=(141, 196, 768) dtype=float16
  [ISMN_SNOTEL_RainyPass] s1_asc/l9: nan=752640 inf=0 shape=(141, 196, 768) dtype=float16
  [ISMN_SNOTEL_Sawtooth] soil: nan=63 inf=0 shape=(21, 74, 74) dtype=float32
  [ISMN_SNOTEL_SchofieldPass] soil: nan=3024 inf=0 shape=(21, 74, 74) dtype=float32
  [ISMN_SNOTEL_SeeleyCreek] soil: nan=672 inf=0 shape=(21, 74, 74) dtype=float32
  [ISMN_SNOTEL_Sheldon] soil: nan=42 inf=0 shape=(21, 74, 74) dtype=float32
  [ISMN_SNOTEL_SnakeRiverStation] soil: nan=609 inf=0 shape=(21, 74, 74) dtype=float32
  [ISMN_SNOTEL_Snowbird] soil: nan=231 inf=0 shape=(21, 74, 74) dtype=float32
  [ISMN_SNOTEL_SpiritLk] soil: nan=4200 inf=0 shape=(21, 74, 74) dtype=float32
  [ISMN_SNOTEL_SpringCreek] soil: nan=42 inf=0 shape=(21, 74, 74) dtype=float32
  [ISMN_SNOTEL_StickneyMill] soil: nan=15246 inf=0 shape=(21, 74, 74) dtype=float32
  [ISMN_SNOTEL_SummitCreek] soil: nan=3990 inf=0 shape=(21, 74, 74) dtype=float32
  [ISMN_SNOTEL_SummitMeadow] soil: nan=420 inf=0 shape=(21, 74, 74) dtype=float32
  [ISMN_SNOTEL_SunflowerFlat] soil: nan=63 inf=0 shape=(21, 74, 74) dtype=float32
  [ISMN_SNOTEL_SusitnaValleyHigh] soil: nan=6132 inf=0 shape=(21, 74, 74) dtype=float32
  [ISMN_SNOTEL_TahoeCityCross] soil: nan=168 inf=0 shape=(21, 74, 74) dtype=float32
  [ISMN_SNOTEL_TelaquanaLake] soil: nan=31059 inf=0 shape=(21, 74, 74) dtype=float32
  [ISMN_SNOTEL_ThistleFlat] soil: nan=63 inf=0 shape=(21, 74, 74) dtype=float32
  [ISMN_SNOTEL_Tipton] soil: nan=84 inf=0 shape=(21, 74, 74) dtype=float32
  [ISMN_SNOTEL_Tok] soil: nan=1155 inf=0 shape=(21, 74, 74) dtype=float32
  [ISMN_SNOTEL_TonyGroveLake] soil: nan=168 inf=0 shape=(21, 74, 74) dtype=float32
  [ISMN_SNOTEL_TrialLake] soil: nan=9954 inf=0 shape=(21, 74, 74) dtype=float32
  [ISMN_SNOTEL_TriplePeak] soil: nan=210 inf=0 shape=(21, 74, 74) dtype=float32
  [ISMN_SNOTEL_Trough] soil: nan=147 inf=0 shape=(21, 74, 74) dtype=float32
  [ISMN_SNOTEL_UpperNomeCreek] soil: nan=2226 inf=0 shape=(21, 74, 74) dtype=float32
  [ISMN_SNOTEL_UpperRioGrande] soil: nan=1701 inf=0 shape=(21, 74, 74) dtype=float32
  [ISMN_SNOTEL_UpperTaylor] soil: nan=168 inf=0 shape=(21, 74, 74) dtype=float32
  [ISMN_SNOTEL_UpperTsainaRiver] soil: nan=1365 inf=0 shape=(21, 74, 74) dtype=float32
  [ISMN_SNOTEL_VacarroSprings] soil: nan=399 inf=0 shape=(21, 74, 74) dtype=float32
  [ISMN_SNOTEL_VirginiaLakesRidge] soil: nan=63 inf=0 shape=(21, 74, 74) dtype=float32
  [ISMN_SNOTEL_WebsterFlat] soil: nan=21 inf=0 shape=(21, 74, 74) dtype=float32
  [ISMN_SNOTEL_WheelerPeak] soil: nan=84 inf=0 shape=(21, 74, 74) dtype=float32
  [ISMN_SNOTEL_Widtsoe#3] soil: nan=2268 inf=0 shape=(21, 74, 74) dtype=float32
  [ISMN_SNOTEL_WilburBench] soil: nan=84 inf=0 shape=(21, 74, 74) dtype=float32
  [ISMN_SNOTEL_WildBasin] soil: nan=147 inf=0 shape=(21, 74, 74) dtype=float32
  [ISMN_SNOTEL_WolfCreekSummit] soil: nan=21 inf=0 shape=(21, 74, 74) dtype=float32
  [ISMN_SNOTEL_WrigleyCreek] soil: nan=21 inf=0 shape=(21, 74, 74) dtype=float32
  [ISMN_SNOTEL_YankeeReservoir] soil: nan=7056 inf=0 shape=(21, 74, 74) dtype=float32
  [ISMN_SNOTEL_Zirkel] soil: nan=63 inf=0 shape=(21, 74, 74) dtype=float32
  [ISMN_TxSON_CR200-22] soil: nan=21 inf=0 shape=(21, 74, 74) dtype=float32
  [ISMN_TxSON_LCRA-3] soil: nan=420 inf=0 shape=(21, 74, 74) dtype=float32
  [ISMN_TxSON_LCRA-4] soil: nan=168 inf=0 shape=(21, 74, 74) dtype=float32
  [ISMN_TxSON_LCRA-6] soil: nan=861 inf=0 shape=(21, 74, 74) dtype=float32
  [ISMN_USCRN_Brunswick-23-S] soil: nan=4389 inf=0 shape=(21, 74, 74) dtype=float32
  [ISMN_USCRN_Cape-Charles-5-ENE] soil: nan=20811 inf=0 shape=(21, 74, 74) dtype=float32
  [ISMN_USCRN_Corvallis-10-SSW] soil: nan=2793 inf=0 shape=(21, 74, 74) dtype=float32
  [ISMN_USCRN_Durham-2-N] soil: nan=21 inf=0 shape=(21, 74, 74) dtype=float32
  [ISMN_USCRN_Everglades-City-5-NE] soil: nan=6027 inf=0 shape=(21, 74, 74) dtype=float32
  [ISMN_USCRN_Gadsden-19-N] soil: nan=294 inf=0 shape=(21, 74, 74) dtype=float32
  [ISMN_USCRN_John-Day-35-WNW] soil: nan=1617 inf=0 shape=(21, 74, 74) dtype=float32
  [ISMN_USCRN_Joplin-24-N] soil: nan=525 inf=0 shape=(21, 74, 74) dtype=float32
  [ISMN_USCRN_Las-Cruces-20-N] soil: nan=609 inf=0 shape=(21, 74, 74) dtype=float32
  [ISMN_USCRN_McClellanville-7-NE] soil: nan=11193 inf=0 shape=(21, 74, 74) dtype=float32
  [ISMN_USCRN_Mercury-3-SSW] soil: nan=42 inf=0 shape=(21, 74, 74) dtype=float32
  [ISMN_USCRN_Monahans-6-ENE] soil: nan=16737 inf=0 shape=(21, 74, 74) dtype=float32
  [ISMN_USCRN_Muleshoe-19-S] soil: nan=3276 inf=0 shape=(21, 74, 74) dtype=float32
  [ISMN_USCRN_Newton-5-ENE] soil: nan=273 inf=0 shape=(21, 74, 74) dtype=float32
  [ISMN_USCRN_Santa-Barbara-11-W] soil: nan=39858 inf=0 shape=(21, 74, 74) dtype=float32
  [ISMN_USCRN_Socorro-20-N] soil: nan=84 inf=0 shape=(21, 74, 74) dtype=float32
  [ISMN_USCRN_Spokane-17-SSW] soil: nan=336 inf=0 shape=(21, 74, 74) dtype=float32
  [ISMN_USCRN_Stillwater-5-WNW] soil: nan=126 inf=0 shape=(21, 74, 74) dtype=float32
  [ISMN_USCRN_Stovepipe-Wells-1-SW] soil: nan=19236 inf=0 shape=(21, 74, 74) dtype=float32
  [ISMN_USCRN_Versailles-3-NNW] soil: nan=105 inf=0 shape=(21, 74, 74) dtype=float32
  [ISMN_USCRN_Watkinsville-5-SSE] soil: nan=168 inf=0 shape=(21, 74, 74) dtype=float32
  [ISMN_USCRN_Yuma-27-ENE] soil: nan=735 inf=0 shape=(21, 74, 74) dtype=float32
  [ISMN_XMS-CAT_RiberadeSio] soil: nan=42 inf=0 shape=(21, 74, 74) dtype=float32
  [ISMN_iRON_GlenwoodSprings] soil: nan=357 inf=0 shape=(21, 74, 74) dtype=float32
  [ISMN_iRON_NorthstarAspenGrove] soil: nan=105 inf=0 shape=(21, 74, 74) dtype=float32
  [ISMN_iRON_NorthstarTransitionZone] soil: nan=147 inf=0 shape=(21, 74, 74) dtype=float32
Dataset: 4280 samples from 3 stations

=== train: 4280 samples, 3 stations ===
  samples with all-NaN label (zero-loss branch): 0
  No NaN/Inf found in any non-label field.
Dataset: 1132 samples from 1 stations

=== val: 1132 samples, 1 stations ===
  samples with all-NaN label (zero-loss branch): 0
  No NaN/Inf found in any non-label field.
Finished: Fri Jun 12 08:49:43 CEST 2026
