Job ID: 23419498
Node:   gcn69
GPU:    0
/gpfs/home5/pkhanal/miniforge3/envs/terramind/lib/python3.11/site-packages/torch/nn/modules/transformer.py:385: UserWarning: enable_nested_tensor is True, but self.use_nested_tensor is False because encoder_layer.norm_first was True
  warnings.warn(
wandb: [wandb.login()] Loaded credentials for https://api.wandb.ai from /home/pkhanal/.netrc.
wandb: Currently logged in as: prajzwal08 (prajzwal08-university-of-twente) to https://api.wandb.ai. Use `wandb login --relogin` to force relogin
wandb: Tracking run with wandb version 0.27.0
wandb: Run data is saved locally in /gpfs/work3/0/prjs1968/soilMoisture/wandb/run-20260603_112757-vnj6sdvh
wandb: Run `wandb offline` to turn off syncing.
wandb: Syncing run baseline_nll
wandb: ⭐️ View project at https://wandb.ai/prajzwal08-university-of-twente/soil-moisture-phd
wandb: 🚀 View run at https://wandb.ai/prajzwal08-university-of-twente/soil-moisture-phd/runs/vnj6sdvh
Traceback (most recent call last):
  File "/gpfs/work3/0/prjs1968/soilMoisture/train.py", line 385, in <module>
    main()
  File "/gpfs/work3/0/prjs1968/soilMoisture/train.py", line 323, in main
    train_loss = train_one_epoch(
                 ^^^^^^^^^^^^^^^^
  File "/gpfs/work3/0/prjs1968/soilMoisture/train.py", line 118, in train_one_epoch
    for batch in loader:
  File "/gpfs/home5/pkhanal/miniforge3/envs/terramind/lib/python3.11/site-packages/torch/utils/data/dataloader.py", line 708, in __next__
    data = self._next_data()
           ^^^^^^^^^^^^^^^^^
  File "/gpfs/home5/pkhanal/miniforge3/envs/terramind/lib/python3.11/site-packages/torch/utils/data/dataloader.py", line 1455, in _next_data
    return self._process_data(data)
           ^^^^^^^^^^^^^^^^^^^^^^^^
  File "/gpfs/home5/pkhanal/miniforge3/envs/terramind/lib/python3.11/site-packages/torch/utils/data/dataloader.py", line 1505, in _process_data
    data.reraise()
  File "/gpfs/home5/pkhanal/miniforge3/envs/terramind/lib/python3.11/site-packages/torch/_utils.py", line 733, in reraise
    raise exception
IndexError: Caught IndexError in DataLoader worker process 6.
Original Traceback (most recent call last):
  File "/gpfs/home5/pkhanal/miniforge3/envs/terramind/lib/python3.11/site-packages/torch/utils/data/_utils/worker.py", line 349, in _worker_loop
    data = fetcher.fetch(index)  # type: ignore[possibly-undefined]
           ^^^^^^^^^^^^^^^^^^^^
  File "/gpfs/home5/pkhanal/miniforge3/envs/terramind/lib/python3.11/site-packages/torch/utils/data/_utils/fetch.py", line 52, in fetch
    data = [self.dataset[idx] for idx in possibly_batched_index]
           ^^^^^^^^^^^^^^^^^^^^^^^^^^^^^^^^^^^^^^^^^^^^^^^^^^^^^
  File "/gpfs/home5/pkhanal/miniforge3/envs/terramind/lib/python3.11/site-packages/torch/utils/data/_utils/fetch.py", line 52, in <listcomp>
    data = [self.dataset[idx] for idx in possibly_batched_index]
            ~~~~~~~~~~~~^^^^^
  File "/gpfs/work3/0/prjs1968/soilMoisture/dataset.py", line 686, in __getitem__
    skip_l3, skip_l6, skip_l9, recent_is_s1 = load_recent_skip_features(
                                              ^^^^^^^^^^^^^^^^^^^^^^^^^^
  File "/gpfs/work3/0/prjs1968/soilMoisture/dataset.py", line 420, in load_recent_skip_features
    skips.append(data["tokens"][idx])
                 ~~~~~~~~~~~~~~^^^^^
IndexError: index 1 is out of bounds for dimension 0 with size 1

ERROR conda.cli.main_run:execute(148): `conda run python train.py --run-name baseline_nll` failed. (See above for error)
Device: cuda
Building datasets...
Dataset: 1160521 samples from 584 stations
Dataset: 140152 samples from 74 stations
Building model...
Trainable parameters: 48,673,863
No checkpoint found — starting fresh
[1;34mwandb[0m: 
[1;34mwandb[0m: 🚀 View run [33mbaseline_nll[0m at: [34mhttps://wandb.ai/prajzwal08-university-of-twente/soil-moisture-phd/runs/vnj6sdvh[0m
[1;34mwandb[0m: Find logs at: [1;35mwandb/run-20260603_112757-vnj6sdvh/logs[0m
