Job ID  : 23620623
Node    : tcn194
920 stations with extra cm dates
[   1/920] SKIP   ISMN_ARM_Lamont-CF1: no extra cm dates
[   2/920] SKIP   ISMN_ARM_Morrison: no extra cm dates
[   3/920] SKIP   ISMN_ARM_Newkirk: no extra cm dates
[   4/920] SKIP   ISMN_ARM_Marshall: no extra cm dates
[   5/920] SKIP   ISMN_ARM_Lamont-CF2: no extra cm dates
[   6/920] SKIP   ISMN_ARM_Anthony: no extra cm dates
[   7/920] SKIP   ISMN_ARM_Ashton: no extra cm dates
[   8/920] SKIP   ISMN_ARM_MapleCity: no extra cm dates
[   9/920] SKIP   ISMN_ARM_Omega: no extra cm dates
[  10/920] SKIP   ISMN_AMMA-CATCH_Banizoumbou: no extra cm dates
[  11/920] SKIP   ISMN_ARM_Byron: no extra cm dates
[  12/920] SKIP   ISMN_AMMA-CATCH_Tondikiboro: no extra cm dates
[  13/920] SKIP   ISMN_ARM_Tryon: no extra cm dates
[  14/920] SKIP   ISMN_ARM_Pawhuska: no extra cm dates
[  15/920] OK     ISMN_ARM_Tyro: removed 232 extra cm dates (820 -> 588)
[  16/920] OK     ISMN_Berlin_DWDBerlinTempel: removed 108 extra cm dates (242 -> 134)
[  17/920] OK     ISMN_COSMOS-UK_Elmsett: removed 130 extra cm dates (217 -> 87)
[  18/920] OK     ISMN_Berlin_PSA14wiltinger: removed 85 extra cm dates (210 -> 125)
[  19/920] OK     ISMN_Berlin_PSA17suedpark: removed 98 extra cm dates (210 -> 112)
[  20/920] OK     ISMN_ARM_Ringwood: removed 131 extra cm dates (631 -> 500)
[  21/920] OK     ISMN_COSMOS-UK_BickleyHall: removed 124 extra cm dates (209 -> 85)
[  22/920] OK     ISMN_COSMOS-UK_Balruddery: removed 81 extra cm dates (154 -> 73)
[  23/920] OK     ISMN_COSMOS-UK_Euston: removed 150 extra cm dates (263 -> 113)
[  24/920] OK     ISMN_COSMOS-UK_ChimneyMeadows: removed 162 extra cm dates (250 -> 88)
[  25/920] OK     ISMN_COSMOS_KLEE: removed 35 extra cm dates (89 -> 54)
[  26/920] OK     ISMN_Berlin_PSA4Heerstrasse: removed 108 extra cm dates (221 -> 113)
[  27/920] OK     ISMN_ARM_Waukomis: removed 178 extra cm dates (627 -> 449)
[  28/920] OK     ISMN_Berlin_PflABerlin11Humb: removed 84 extra cm dates (211 -> 127)
[  29/920] OK     ISMN_Berlin_PSA18Pfaueninsel: removed 93 extra cm dates (210 -> 117)
[  30/920] OK     ISMN_Berlin_PSA15bucherchaus: removed 87 extra cm dates (210 -> 123)
[  31/920] OK     ISMN_COSMOS-UK_AliceHolt: removed 155 extra cm dates (252 -> 97)
[  32/920] OK     ISMN_COSMOS-UK_Fincham: removed 233 extra cm dates (420 -> 187)
[  33/920] OK     ISMN_COSMOS-UK_Cardington: removed 115 extra cm dates (218 -> 103)
[  34/920] OK     ISMN_Berlin_PSA2Tiergarten: removed 149 extra cm dates (357 -> 208)
[  35/920] OK     ISMN_Berlin_PSA1BerlinerStr: removed 104 extra cm dates (222 -> 118)
[  36/920] OK     ISMN_Berlin_PSA7Ruebezahl: removed 190 extra cm dates (346 -> 156)
[  37/920] OK     ISMN_Berlin_PflABerlin13Marz: removed 105 extra cm dates (233 -> 128)
[  38/920] OK     ISMN_ARM_Medford: removed 249 extra cm dates (904 -> 655)
[  39/920] OK     ISMN_COSMOS-UK_CwmGarw: removed 210 extra cm dates (275 -> 65)
[  40/920] OK     ISMN_Berlin_DWDBerlin-Spaeth: removed 127 extra cm dates (292 -> 165)
[  41/920] OK     ISMN_Berlin_PSA16krugwiesen: removed 129 extra cm dates (236 -> 107)
[  42/920] OK     ISMN_COSMOS-UK_Cochno: removed 140 extra cm dates (208 -> 68)
[  43/920] OK     ISMN_COSMOS-UK_Loddington: removed 99 extra cm dates (193 -> 94)
[  44/920] OK     ISMN_Berlin_PflABerlin12Schi: removed 91 extra cm dates (211 -> 120)
[  45/920] OK     ISMN_COSMOS-UK_Fivemiletown: removed 169 extra cm dates (247 -> 78)
[  46/920] OK     ISMN_COSMOS-UK_PortonDown: removed 97 extra cm dates (158 -> 61)
[  47/920] OK     ISMN_Berlin_PSA6Plaenterwald: removed 170 extra cm dates (358 -> 188)
[  48/920] OK     ISMN_COSMOS-UK_LullingtonHeath: removed 157 extra cm dates (267 -> 110)
[  49/920] OK     ISMN_COSMOS-UK_HartwoodHome: removed 209 extra cm dates (317 -> 108)
[  50/920] OK     ISMN_COSMOS-UK_BunnyPark: removed 244 extra cm dates (422 -> 178)
[  51/920] OK     ISMN_FLUXNET-AMERIFLUX_BouldinIslandAlfalfa: removed 26 extra cm dates (157 -> 131)
[  52/920] OK     ISMN_COSMOS-UK_Redmere: removed 78 extra cm dates (138 -> 60)
[  53/920] OK     ISMN_CW3E_SkylineHarvest: removed 62 extra cm dates (324 -> 262)
[  54/920] OK     ISMN_FLUXNET-AMERIFLUX_TonziRanch: removed 30 extra cm dates (131 -> 101)
[  55/920] OK     ISMN_COSMOS-UK_Waddesdon: removed 42 extra cm dates (75 -> 33)
[  56/920] OK     ISMN_CW3E_Deerwood: removed 63 extra cm dates (467 -> 404)
[  57/920] OK     ISMN_CW3E_BoyesCreekCanyon: removed 42 extra cm dates (233 -> 191)
[  58/920] OK     ISMN_CW3E_PotterValleyNorth: removed 56 extra cm dates (335 -> 279)
[  59/920] OK     ISMN_COSMOS-UK_Redhill: removed 256 extra cm dates (417 -> 161)
[  60/920] OK     ISMN_CW3E_FeatherRiverCollege: removed 57 extra cm dates (251 -> 194)
[  61/920] OK     ISMN_COSMOS-UK_HolmeLacy: removed 210 extra cm dates (349 -> 139)
[  62/920] OK     ISMN_COSMOS-UK_Rothamsted: removed 218 extra cm dates (390 -> 172)
[  63/920] OK     ISMN_COSMOS-UK_HollinHill: removed 222 extra cm dates (336 -> 114)
[  64/920] OK     ISMN_COSMOS-UK_SpenFarm: removed 163 extra cm dates (264 -> 101)
[  65/920] OK     ISMN_CW3E_YucaipaValley: removed 33 extra cm dates (195 -> 162)
[  66/920] OK     ISMN_CW3E_NorthCowMountain: removed 156 extra cm dates (902 -> 746)
[  67/920] OK     ISMN_FMI_SOD013: removed 115 extra cm dates (235 -> 120)
[  68/920] OK     ISMN_FMI_SAA111: removed 223 extra cm dates (407 -> 184)
[  69/920] OK     ISMN_COSMOS-UK_Sheepdrove: removed 323 extra cm dates (518 -> 195)
[  70/920] OK     ISMN_COSMOS-UK_MoretonMorrell: removed 189 extra cm dates (296 -> 107)
[  71/920] OK     ISMN_CW3E_BrownsValleySchool: removed 45 extra cm dates (281 -> 236)
[  72/920] OK     ISMN_FMI_SOD011: removed 240 extra cm dates (454 -> 214)
[  73/920] OK     ISMN_FR_Aqui_hillan2: removed 85 extra cm dates (177 -> 92)
[  74/920] OK     ISMN_FMI_SAA120: removed 133 extra cm dates (225 -> 92)
[  75/920] OK     ISMN_COSMOS-UK_Heytesbury: removed 201 extra cm dates (313 -> 112)
[  76/920] OK     ISMN_FR_Aqui_fraye: removed 50 extra cm dates (118 -> 68)
[  77/920] OK     ISMN_FLUXNET-AMERIFLUX_VairaRanch: removed 32 extra cm dates (144 -> 112)
[  78/920] OK     ISMN_FMI_SOD072: removed 158 extra cm dates (320 -> 162)
[  79/920] OK     ISMN_FMI_SOD140: removed 103 extra cm dates (212 -> 109)
[  80/920] OK     ISMN_COSMOS-UK_Morley: removed 239 extra cm dates (419 -> 180)
[  81/920] OK     ISMN_FMI_SOD103: removed 145 extra cm dates (285 -> 140)
[  82/920] OK     ISMN_COSMOS-UK_Stoughton: removed 195 extra cm dates (326 -> 131)
[  83/920] OK     ISMN_NGARI_ALI02: removed 10 extra cm dates (66 -> 56)
[  84/920] OK     ISMN_FR_Aqui_parcmeteo: removed 91 extra cm dates (209 -> 118)
[  85/920] OK     ISMN_NGARI_ALI01: removed 34 extra cm dates (111 -> 77)
[  86/920] OK     ISMN_COSMOS-UK_Writtle: removed 213 extra cm dates (411 -> 198)
[  87/920] OK     ISMN_FMI_SOD102: removed 145 extra cm dates (285 -> 140)
[  88/920] OK     ISMN_FMI_SOD081: removed 230 extra cm dates (453 -> 223)
[  89/920] OK     ISMN_LABFLUX_Bussolenobosco: removed 74 extra cm dates (177 -> 103)
[  90/920] OK     ISMN_HOBE_3.06: removed 129 extra cm dates (201 -> 72)
[  91/920] OK     ISMN_FMI_SAA112: removed 124 extra cm dates (232 -> 108)
[  92/920] OK     ISMN_FMI_SOD012: removed 243 extra cm dates (454 -> 211)
[  93/920] OK     ISMN_NGARI_SQ21: removed 24 extra cm dates (73 -> 49)
[  94/920] OK     ISMN_NGARI_ALI03: removed 26 extra cm dates (101 -> 75)
[  95/920] OK     ISMN_REMEDHUS_ConcejodelMonte: removed 67 extra cm dates (204 -> 137)
[  96/920] OK     ISMN_FMI_SOD101: removed 145 extra cm dates (285 -> 140)
[  97/920] OK     ISMN_NAQU_NQMS: removed 50 extra cm dates (86 -> 36)
[  98/920] OK     ISMN_FMI_SOD130: removed 154 extra cm dates (291 -> 137)
[  99/920] OK     ISMN_LAB-net_OromoCalibrationSite: removed 29 extra cm dates (50 -> 21)
[ 100/920] OK     ISMN_FMI_SOD083: removed 154 extra cm dates (333 -> 179)
[ 101/920] OK     ISMN_REMEDHUS_Carretoro: removed 93 extra cm dates (239 -> 146)
[ 102/920] OK     ISMN_NAQU_NQKema: removed 19 extra cm dates (48 -> 29)
[ 103/920] OK     ISMN_HOBE_2.11: removed 67 extra cm dates (98 -> 31)
[ 104/920] OK     ISMN_HOBE_1.05: removed 85 extra cm dates (151 -> 66)
[ 105/920] OK     ISMN_NGARI_SQ19: removed 36 extra cm dates (85 -> 49)
[ 106/920] OK     ISMN_FMI_SOD071: removed 242 extra cm dates (454 -> 212)
[ 107/920] OK     ISMN_REMEDHUS_Granja-g: removed 152 extra cm dates (425 -> 273)
[ 108/920] OK     ISMN_REMEDHUS_ElCoto: removed 62 extra cm dates (209 -> 147)
[ 109/920] OK     ISMN_HOBE_1.07: removed 97 extra cm dates (167 -> 70)
[ 110/920] OK     ISMN_REMEDHUS_LaCruzdeElias: removed 79 extra cm dates (228 -> 149)
[ 111/920] OK     ISMN_REMEDHUS_LasBrozas: removed 147 extra cm dates (357 -> 210)
[ 112/920] OK     ISMN_FMI_SOD073: removed 159 extra cm dates (320 -> 161)
[ 113/920] OK     ISMN_HOBE_2.01: removed 122 extra cm dates (185 -> 63)
[ 114/920] OK     ISMN_REMEDHUS_CasaPeriles: removed 167 extra cm dates (468 -> 301)
[ 115/920] OK     ISMN_NAQU_NQNorth: removed 39 extra cm dates (63 -> 24)
[ 116/920] OK     ISMN_NGARI_SQ20: removed 37 extra cm dates (73 -> 36)
[ 117/920] OK     ISMN_MOL-RAO_Falkenberg: removed 65 extra cm dates (170 -> 105)
[ 118/920] OK     ISMN_REMEDHUS_ElTomillar: removed 68 extra cm dates (202 -> 134)
[ 119/920] OK     ISMN_REMEDHUS_Paredinas: removed 98 extra cm dates (285 -> 187)
[ 120/920] OK     ISMN_REMEDHUS_Zamarron: removed 72 extra cm dates (217 -> 145)
[ 121/920] OK     ISMN_LABFLUX_Nivolet: removed 50 extra cm dates (171 -> 121)
[ 122/920] OK     ISMN_REMEDHUS_LasArenas: removed 201 extra cm dates (495 -> 294)
[ 123/920] OK     ISMN_REMEDHUS_LlanosdelaBoveda: removed 88 extra cm dates (245 -> 157)
[ 124/920] OK     ISMN_ROMPS_Maidanak: removed 119 extra cm dates (527 -> 408)
[ 125/920] OK     ISMN_RSMN_Banloc: removed 109 extra cm dates (323 -> 214)
[ 126/920] OK     ISMN_REMEDHUS_Canizal: removed 85 extra cm dates (223 -> 138)
[ 127/920] OK     ISMN_REMEDHUS_LasVictorias: removed 194 extra cm dates (492 -> 298)
[ 128/920] OK     ISMN_RSMN_Dumbraveni: removed 69 extra cm dates (193 -> 124)
[ 129/920] OK     ISMN_ROMPS_Baytik: removed 108 extra cm dates (433 -> 325)
[ 130/920] OK     ISMN_REMEDHUS_Guarrati: removed 29 extra cm dates (104 -> 75)
[ 131/920] OK     ISMN_ROMPS_Maydantal: removed 92 extra cm dates (511 -> 419)
[ 132/920] OK     ISMN_ROMPS_Kokomeren: removed 116 extra cm dates (517 -> 401)
[ 133/920] OK     ISMN_REMEDHUS_LasTresRayas: removed 261 extra cm dates (817 -> 556)
[ 134/920] OK     ISMN_REMEDHUS_LasEritas: removed 141 extra cm dates (422 -> 281)
[ 135/920] OK     ISMN_RSMN_Bacles: removed 159 extra cm dates (532 -> 373)
[ 136/920] OK     ISMN_RSMN_Barlad: removed 113 extra cm dates (320 -> 207)
[ 137/920] OK     ISMN_RSMN_SatuMare: removed 68 extra cm dates (192 -> 124)
[ 138/920] OK     ISMN_RSMN_Oradea: removed 100 extra cm dates (253 -> 153)
[ 139/920] OK     ISMN_ROMPS_AbramovGlacier: removed 157 extra cm dates (524 -> 367)
[ 140/920] OK     ISMN_REMEDHUS_LasVacas: removed 69 extra cm dates (209 -> 140)
[ 141/920] OK     ISMN_SCAN_Alcalde: removed 30 extra cm dates (139 -> 109)
[ 142/920] OK     ISMN_RSMN_SannicolauMare: removed 82 extra cm dates (284 -> 202)
[ 143/920] OK     ISMN_RSMN_Slatina: removed 46 extra cm dates (173 -> 127)
[ 144/920] OK     ISMN_RSMN_Tecuci: removed 99 extra cm dates (283 -> 184)
[ 145/920] OK     ISMN_RSMN_RosioriideVede: removed 105 extra cm dates (322 -> 217)
[ 146/920] OK     ISMN_SCAN_AllenFarms: removed 98 extra cm dates (251 -> 153)
[ 147/920] OK     ISMN_SCAN_BraggFarm: removed 53 extra cm dates (126 -> 73)
[ 148/920] OK     ISMN_RSMN_Iasi: removed 90 extra cm dates (254 -> 164)
[ 149/920] OK     ISMN_SCAN_AshValley: removed 50 extra cm dates (227 -> 177)
[ 150/920] OK     ISMN_RSMN_Calarasi: removed 178 extra cm dates (611 -> 433)
[ 151/920] OK     ISMN_SCAN_Abrams: removed 66 extra cm dates (246 -> 180)
[ 152/920] OK     ISMN_SCAN_AdamsRanch#1: removed 93 extra cm dates (551 -> 458)
[ 153/920] OK     ISMN_SCAN_BuffaloJump: removed 154 extra cm dates (484 -> 330)
[ 154/920] OK     ISMN_SCAN_BlueCreek: removed 144 extra cm dates (455 -> 311)
[ 155/920] OK     ISMN_SCAN_CPER: removed 128 extra cm dates (364 -> 236)
[ 156/920] OK     ISMN_SCAN_CarverFarm: removed 35 extra cm dates (130 -> 95)
[ 157/920] OK     ISMN_SCAN_Ames: removed 144 extra cm dates (494 -> 350)
[ 158/920] OK     ISMN_RSMN_Alexandria: removed 85 extra cm dates (235 -> 150)
[ 159/920] OK     ISMN_RSMN_Cotnari: removed 537 extra cm dates (594 -> 57)
[ 160/920] OK     ISMN_SCAN_AAMU-JTG: removed 220 extra cm dates (564 -> 344)
[ 161/920] OK     ISMN_SCAN_Buckhorn: removed 198 extra cm dates (612 -> 414)
[ 162/920] OK     ISMN_SCAN_CentraliaLake: removed 78 extra cm dates (258 -> 180)
[ 163/920] OK     ISMN_SCAN_Circleville: removed 82 extra cm dates (330 -> 248)
[ 164/920] OK     ISMN_ROMPS_GolubinGlacier: removed 273 extra cm dates (821 -> 548)
[ 165/920] OK     ISMN_SCAN_Eastland: removed 69 extra cm dates (307 -> 238)
[ 166/920] OK     ISMN_SCAN_Fortuna: removed 48 extra cm dates (103 -> 55)
[ 167/920] OK     ISMN_SCAN_Bushland#1: removed 59 extra cm dates (254 -> 195)
[ 168/920] OK     ISMN_SCAN_ConradAgRc: removed 117 extra cm dates (315 -> 198)
[ 169/920] OK     ISMN_SCAN_AlkaliMesa: removed 127 extra cm dates (543 -> 416)
[ 170/920] OK     ISMN_SCAN_CrescentLake#1: removed 111 extra cm dates (347 -> 236)
[ 171/920] OK     ISMN_SCAN_DoeRidge: removed 117 extra cm dates (549 -> 432)
[ 172/920] OK     ISMN_SCAN_BodieHills: removed 142 extra cm dates (554 -> 412)
[ 173/920] OK     ISMN_SCAN_FortReno#1: removed 25 extra cm dates (115 -> 90)
[ 174/920] OK     ISMN_SCAN_Enterprise: removed 95 extra cm dates (417 -> 322)
[ 175/920] OK     ISMN_SCAN_Ephraim: removed 86 extra cm dates (308 -> 222)
[ 176/920] OK     ISMN_SCAN_Geneva#1: removed 30 extra cm dates (78 -> 48)
[ 177/920] OK     ISMN_SCAN_Cullman-NAHRC: removed 118 extra cm dates (344 -> 226)
[ 178/920] OK     ISMN_SCAN_ElsberryPMC: removed 99 extra cm dates (329 -> 230)
[ 179/920] OK     ISMN_SCAN_DeepSprings: removed 74 extra cm dates (682 -> 608)
[ 180/920] OK     ISMN_SCAN_Crossroads: removed 95 extra cm dates (494 -> 399)
[ 181/920] OK     ISMN_RSMN_Darabani: removed 391 extra cm dates (559 -> 168)
[ 182/920] OK     ISMN_SCAN_FrenchGulch: removed 89 extra cm dates (339 -> 250)
[ 183/920] OK     ISMN_SCAN_EastviewFarm: removed 154 extra cm dates (446 -> 292)
[ 184/920] OK     ISMN_SCAN_FortAssiniboine#1: removed 53 extra cm dates (177 -> 124)
[ 185/920] OK     ISMN_SCAN_ErosDataCenter: removed 76 extra cm dates (295 -> 219)
[ 186/920] OK     ISMN_SCAN_Combate: removed 79 extra cm dates (282 -> 203)
[ 187/920] OK     ISMN_SCAN_CaveValley: removed 151 extra cm dates (684 -> 533)
[ 188/920] OK     ISMN_SCAN_EvergladesARS: removed 141 extra cm dates (216 -> 75)
[ 189/920] OK     ISMN_SCAN_EagleLake: removed 45 extra cm dates (180 -> 135)
[ 190/920] OK     ISMN_SCAN_Dexter: removed 49 extra cm dates (144 -> 95)
[ 191/920] OK     ISMN_SCAN_Charkiln: removed 253 extra cm dates (1089 -> 836)
[ 192/920] OK     ISMN_SCAN_GoodwinCkTimber: removed 184 extra cm dates (442 -> 258)
[ 193/920] OK     ISMN_SCAN_CacheJunction: removed 247 extra cm dates (765 -> 518)
[ 194/920] OK     ISMN_SCAN_ChickenRidge: removed 396 extra cm dates (762 -> 366)
[ 195/920] OK     ISMN_SCAN_GlacialRidge: removed 137 extra cm dates (359 -> 222)
[ 196/920] OK     ISMN_SCAN_Grantsville: removed 92 extra cm dates (297 -> 205)
[ 197/920] OK     ISMN_SCAN_Hodges: removed 122 extra cm dates (405 -> 283)
[ 198/920] OK     ISMN_SCAN_Goshute: removed 91 extra cm dates (293 -> 202)
[ 199/920] OK     ISMN_SCAN_KnoxCity: removed 7 extra cm dates (55 -> 48)
[ 200/920] OK     ISMN_SCAN_MammothCave: removed 50 extra cm dates (122 -> 72)
[ 201/920] OK     ISMN_SCAN_Mayday: removed 60 extra cm dates (146 -> 86)
[ 202/920] OK     ISMN_SCAN_MaricaoForest: removed 61 extra cm dates (77 -> 16)
[ 203/920] OK     ISMN_SCAN_LTSP: removed 54 extra cm dates (192 -> 138)
[ 204/920] OK     ISMN_SCAN_HalsCanyon: removed 160 extra cm dates (322 -> 162)
[ 205/920] OK     ISMN_SCAN_JornadaExpRange: removed 60 extra cm dates (416 -> 356)
[ 206/920] OK     ISMN_SCAN_Levelland: removed 145 extra cm dates (212 -> 67)
[ 207/920] OK     ISMN_SCAN_HubbardBrook: removed 159 extra cm dates (329 -> 170)
[ 208/920] OK     ISMN_SCAN_MountainHome: removed 112 extra cm dates (447 -> 335)
[ 209/920] OK     ISMN_SCAN_IsbellFarms: removed 138 extra cm dates (340 -> 202)
[ 210/920] OK     ISMN_SCAN_Holden: removed 245 extra cm dates (976 -> 731)
[ 211/920] OK     ISMN_SCAN_GreenRiver: removed 173 extra cm dates (926 -> 753)
[ 212/920] OK     ISMN_SCAN_PineNut: removed 49 extra cm dates (231 -> 182)
[ 213/920] OK     ISMN_SCAN_HarmsWay: removed 155 extra cm dates (541 -> 386)
[ 214/920] OK     ISMN_SCAN_Lehman: removed 49 extra cm dates (190 -> 141)
[ 215/920] OK     ISMN_SCAN_ReeseCenter: removed 25 extra cm dates (105 -> 80)
[ 216/920] OK     ISMN_SCAN_GrouseCreek: removed 348 extra cm dates (972 -> 624)
[ 217/920] OK     ISMN_SCAN_JohnsonFarm: removed 115 extra cm dates (586 -> 471)
[ 218/920] OK     ISMN_SCAN_OrchardRangeSite: removed 159 extra cm dates (535 -> 376)
[ 219/920] OK     ISMN_SCAN_Mason#1: removed 183 extra cm dates (613 -> 430)
[ 220/920] OK     ISMN_SCAN_Princeton#1: removed 15 extra cm dates (57 -> 42)
[ 221/920] OK     ISMN_SCAN_PowellGardens: removed 42 extra cm dates (168 -> 126)
[ 222/920] OK     ISMN_SCAN_Jordan: removed 281 extra cm dates (812 -> 531)
[ 223/920] OK     ISMN_SCAN_NPiedmontArec: removed 126 extra cm dates (382 -> 256)
[ 224/920] OK     ISMN_SCAN_MccrackenMesa: removed 125 extra cm dates (479 -> 354)
[ 225/920] OK     ISMN_SCAN_Panguitch: removed 95 extra cm dates (316 -> 221)
[ 226/920] OK     ISMN_SCAN_PowderMill: removed 85 extra cm dates (229 -> 144)
[ 227/920] OK     ISMN_SCAN_RiverRoadFarms: removed 36 extra cm dates (91 -> 55)
[ 228/920] OK     ISMN_SCAN_Onward: removed 109 extra cm dates (381 -> 272)
[ 229/920] OK     ISMN_SCAN_PrairieView#1: removed 68 extra cm dates (167 -> 99)
[ 230/920] OK     ISMN_SCAN_McAllisterFarm: removed 141 extra cm dates (393 -> 252)
[ 231/920] OK     ISMN_SCAN_Price: removed 45 extra cm dates (190 -> 145)
[ 232/920] OK     ISMN_SCAN_ReynoldsHomestead: removed 39 extra cm dates (117 -> 78)
[ 233/920] OK     ISMN_SCAN_Scott: removed 52 extra cm dates (193 -> 141)
[ 234/920] OK     ISMN_SCAN_RogersFarm#1: removed 94 extra cm dates (326 -> 232)
[ 235/920] OK     ISMN_SCAN_ParkValley: removed 86 extra cm dates (275 -> 189)
[ 236/920] OK     ISMN_SCAN_ShagbarkHills: removed 48 extra cm dates (129 -> 81)
[ 237/920] OK     ISMN_SCAN_PeeDee: removed 132 extra cm dates (369 -> 237)
[ 238/920] OK     ISMN_SCAN_Milford: removed 228 extra cm dates (1004 -> 776)
[ 239/920] OK     ISMN_SCAN_SinkinForest: removed 70 extra cm dates (171 -> 101)
[ 240/920] OK     ISMN_SCAN_RockSpringsPa: removed 129 extra cm dates (287 -> 158)
[ 241/920] OK     ISMN_SCAN_Stephenville: removed 41 extra cm dates (143 -> 102)
[ 242/920] OK     ISMN_SCAN_SellersLake#1: removed 124 extra cm dates (244 -> 120)
[ 243/920] OK     ISMN_SCAN_Morgan: removed 265 extra cm dates (925 -> 660)
[ 244/920] OK     ISMN_SCAN_SandyRidge: removed 118 extra cm dates (385 -> 267)
[ 245/920] OK     ISMN_SCAN_Spickard: removed 82 extra cm dates (310 -> 228)
[ 246/920] OK     ISMN_SCAN_SilverCity: removed 63 extra cm dates (198 -> 135)
[ 247/920] OK     ISMN_SCAN_SanAngelo: removed 94 extra cm dates (285 -> 191)
[ 248/920] OK     ISMN_SCAN_Moccasin: removed 372 extra cm dates (666 -> 294)
[ 249/920] OK     ISMN_SCAN_Tunica: removed 32 extra cm dates (126 -> 94)
[ 250/920] OK     ISMN_SCAN_Starkville: removed 114 extra cm dates (294 -> 180)
[ 251/920] OK     ISMN_SCAN_SunleafNursery: removed 181 extra cm dates (222 -> 41)
[ 252/920] OK     ISMN_SCAN_TroughSprings: removed 69 extra cm dates (183 -> 114)
[ 253/920] OK     ISMN_SCAN_Sevilleta: removed 105 extra cm dates (421 -> 316)
[ 254/920] OK     ISMN_SCAN_Stubblefield: removed 36 extra cm dates (158 -> 122)
[ 255/920] OK     ISMN_SCAN_TidewaterArec: removed 41 extra cm dates (114 -> 73)
[ 256/920] OK     ISMN_SCAN_UWPlatteville: removed 79 extra cm dates (252 -> 173)
[ 257/920] OK     ISMN_SCAN_TncFortBayou: removed 97 extra cm dates (198 -> 101)
[ 258/920] OK     ISMN_SCAN_TwinPinesConservationArea: removed 67 extra cm dates (209 -> 142)
[ 259/920] OK     ISMN_SCAN_UapbCampus-PB: removed 123 extra cm dates (251 -> 128)
[ 260/920] OK     ISMN_SCAN_Uvalde: removed 44 extra cm dates (137 -> 93)
[ 261/920] OK     ISMN_SCAN_Sidney: removed 188 extra cm dates (536 -> 348)
[ 262/920] OK     ISMN_SCAN_TableMountain: removed 152 extra cm dates (370 -> 218)
[ 263/920] OK     ISMN_SCAN_TuleValley: removed 107 extra cm dates (415 -> 308)
[ 264/920] OK     ISMN_SCAN_StanleyFarm: removed 123 extra cm dates (358 -> 235)
[ 265/920] OK     ISMN_SCAN_Wabeno#1: removed 67 extra cm dates (171 -> 104)
[ 266/920] OK     ISMN_SCAN_SudduthFarms: removed 129 extra cm dates (337 -> 208)
[ 267/920] OK     ISMN_SCAN_UapbPointRemove: removed 92 extra cm dates (252 -> 160)
[ 268/920] OK     ISMN_SD_DEM_Demokeya: removed 50 extra cm dates (255 -> 205)
[ 269/920] OK     ISMN_SCAN_Uapb-Earle: removed 114 extra cm dates (376 -> 262)
[ 270/920] OK     ISMN_SCAN_Vernon: removed 93 extra cm dates (398 -> 305)
[ 271/920] OK     ISMN_SCAN_UapbDewitt: removed 183 extra cm dates (507 -> 324)
[ 272/920] OK     ISMN_SCAN_Vallecitos: removed 78 extra cm dates (399 -> 321)
[ 273/920] OK     ISMN_SMOSMANIA_Barnas: removed 78 extra cm dates (174 -> 96)
[ 274/920] OK     ISMN_SCAN_Watkinsville#1: removed 68 extra cm dates (211 -> 143)
[ 275/920] OK     ISMN_SMOSMANIA_CreondArmagnac: removed 94 extra cm dates (217 -> 123)
[ 276/920] OK     ISMN_SCAN_Violett: removed 114 extra cm dates (347 -> 233)
[ 277/920] OK     ISMN_SCAN_YoumansFarm: removed 97 extra cm dates (260 -> 163)
[ 278/920] OK     ISMN_SCAN_Wakulla#1: removed 164 extra cm dates (363 -> 199)
[ 279/920] OK     ISMN_SCAN_WestSummit: removed 94 extra cm dates (359 -> 265)
[ 280/920] OK     ISMN_SCAN_Vermillion: removed 118 extra cm dates (540 -> 422)
[ 281/920] OK     ISMN_SCAN_SplitMountain: removed 202 extra cm dates (909 -> 707)
[ 282/920] OK     ISMN_SMOSMANIA_Prades-le-Lez: removed 29 extra cm dates (108 -> 79)
[ 283/920] OK     ISMN_SMOSMANIA_CabrieresdAvignon: removed 67 extra cm dates (351 -> 284)
[ 284/920] OK     ISMN_SMOSMANIA_Savenes: removed 45 extra cm dates (144 -> 99)
[ 285/920] OK     ISMN_SNOTEL_AguaCanyon: removed 64 extra cm dates (209 -> 145)
[ 286/920] OK     ISMN_SCAN_WillowWells: removed 88 extra cm dates (477 -> 389)
[ 287/920] OK     ISMN_SMOSMANIA_Pezenas: removed 101 extra cm dates (328 -> 227)
[ 288/920] OK     ISMN_SMOSMANIA_LaGrandCombe: removed 210 extra cm dates (354 -> 144)
[ 289/920] OK     ISMN_SMOSMANIA_Berzeme: removed 129 extra cm dates (369 -> 240)
[ 290/920] OK     ISMN_SMOSMANIA_Sabres: removed 194 extra cm dates (352 -> 158)
[ 291/920] OK     ISMN_SMOSMANIA_Lahas: removed 117 extra cm dates (296 -> 179)
[ 292/920] OK     ISMN_SCAN_WalnutGulch#1: removed 153 extra cm dates (911 -> 758)
[ 293/920] OK     ISMN_SMOSMANIA_Condom: removed 76 extra cm dates (215 -> 139)
[ 294/920] OK     ISMN_SMOSMANIA_Villevielle: removed 76 extra cm dates (336 -> 260)
[ 295/920] OK     ISMN_SMOSMANIA_LezignanCorbieres: removed 129 extra cm dates (369 -> 240)
[ 296/920] OK     ISMN_SMOSMANIA_Mazan-Abbaye: removed 125 extra cm dates (250 -> 125)
[ 297/920] OK     ISMN_SNOTEL_Baldy: removed 56 extra cm dates (182 -> 126)
[ 298/920] OK     ISMN_SMOSMANIA_Urgons: removed 240 extra cm dates (559 -> 319)
[ 299/920] OK     ISMN_SMOSMANIA_Narbonne: removed 118 extra cm dates (358 -> 240)
[ 300/920] OK     ISMN_SMOSMANIA_Mouthoumet: removed 357 extra cm dates (803 -> 446)
[ 301/920] OK     ISMN_SNOTEL_Atwater: removed 150 extra cm dates (382 -> 232)
[ 302/920] OK     ISMN_SMOSMANIA_Mejannes-le-Clap: removed 251 extra cm dates (687 -> 436)
[ 303/920] OK     ISMN_SNOTEL_ArapahoRidge: removed 226 extra cm dates (493 -> 267)
[ 304/920] OK     ISMN_SMOSMANIA_Montaut: removed 373 extra cm dates (813 -> 440)
[ 305/920] OK     ISMN_SNOTEL_AmericanCreek: removed 228 extra cm dates (480 -> 252)
[ 306/920] OK     ISMN_SNOTEL_BearCanyon: removed 203 extra cm dates (487 -> 284)
[ 307/920] OK     ISMN_SNOTEL_BenLomondPeak: removed 107 extra cm dates (325 -> 218)
[ 308/920] OK     ISMN_SNOTEL_BearRiverRS: removed 177 extra cm dates (372 -> 195)
[ 309/920] OK     ISMN_SNOTEL_BenLomondTrail: removed 125 extra cm dates (351 -> 226)
[ 310/920] OK     ISMN_SMOSMANIA_SaintFelixdeLauragais: removed 359 extra cm dates (796 -> 437)
[ 311/920] OK     ISMN_SNOTEL_BerthoudSummit: removed 170 extra cm dates (375 -> 205)
[ 312/920] OK     ISMN_SNOTEL_Aniak: removed 259 extra cm dates (297 -> 38)
[ 313/920] OK     ISMN_SNOTEL_BakerButteSmt: removed 464 extra cm dates (808 -> 344)
[ 314/920] OK     ISMN_SNOTEL_BearCreek: removed 139 extra cm dates (362 -> 223)
[ 315/920] OK     ISMN_SNOTEL_BeaverDivide: removed 156 extra cm dates (368 -> 212)
[ 316/920] OK     ISMN_SNOTEL_BigBend: removed 229 extra cm dates (535 -> 306)
[ 317/920] OK     ISMN_SMOSMANIA_PeyrusseGrande: removed 282 extra cm dates (689 -> 407)
[ 318/920] OK     ISMN_SNOTEL_BeaverDams: removed 127 extra cm dates (348 -> 221)
[ 319/920] OK     ISMN_SNOTEL_BarM: removed 273 extra cm dates (1082 -> 809)
[ 320/920] OK     ISMN_SNOTEL_BigSandyOpening: removed 190 extra cm dates (503 -> 313)
[ 321/920] OK     ISMN_SNOTEL_BannerSummit: removed 369 extra cm dates (921 -> 552)
[ 322/920] OK     ISMN_SNOTEL_BevansCabin: removed 214 extra cm dates (597 -> 383)
[ 323/920] OK     ISMN_SNOTEL_BoxSprings: removed 58 extra cm dates (172 -> 114)
[ 324/920] OK     ISMN_SNOTEL_BlazedAlder: removed 40 extra cm dates (125 -> 85)
[ 325/920] OK     ISMN_SNOTEL_BobsHollow: removed 343 extra cm dates (496 -> 153)
[ 326/920] OK     ISMN_SNOTEL_BirdCreek: removed 152 extra cm dates (468 -> 316)
[ 327/920] OK     ISMN_SNOTEL_BakerButte: removed 317 extra cm dates (1103 -> 786)
[ 328/920] OK     ISMN_SNOTEL_BlueLakes: removed 225 extra cm dates (956 -> 731)
[ 329/920] OK     ISMN_SNOTEL_BlacksForkJct: removed 238 extra cm dates (517 -> 279)
[ 330/920] OK     ISMN_SNOTEL_BlackhallMtn: removed 596 extra cm dates (976 -> 380)
[ 331/920] OK     ISMN_SNOTEL_BogusBasin: removed 162 extra cm dates (543 -> 381)
[ 332/920] OK     ISMN_SNOTEL_BoxCreek: removed 105 extra cm dates (267 -> 162)
[ 333/920] OK     ISMN_SNOTEL_BigMeadow: removed 265 extra cm dates (954 -> 689)
[ 334/920] OK     ISMN_SNOTEL_BigFlat: removed 198 extra cm dates (529 -> 331)
[ 335/920] OK     ISMN_SNOTEL_BrownTop: removed 118 extra cm dates (309 -> 191)
[ 336/920] OK     ISMN_SNOTEL_BrooklynLake: removed 131 extra cm dates (350 -> 219)
[ 337/920] OK     ISMN_SNOTEL_BostetterR.S.: removed 401 extra cm dates (971 -> 570)
[ 338/920] OK     ISMN_SNOTEL_Buckinghorse: removed 77 extra cm dates (219 -> 142)
[ 339/920] OK     ISMN_SNOTEL_Bourne: removed 179 extra cm dates (485 -> 306)
[ 340/920] OK     ISMN_SNOTEL_BristleconeTrail: removed 274 extra cm dates (1062 -> 788)
[ 341/920] OK     ISMN_SNOTEL_BuckskinLower: removed 113 extra cm dates (443 -> 330)
[ 342/920] OK     ISMN_SNOTEL_BuckskinJoe: removed 120 extra cm dates (287 -> 167)
[ 343/920] OK     ISMN_SNOTEL_BrianHead: removed 395 extra cm dates (1067 -> 672)
[ 344/920] OK     ISMN_SNOTEL_BurntMountain: removed 160 extra cm dates (374 -> 214)
[ 345/920] OK     ISMN_SNOTEL_BerryCreek: removed 459 extra cm dates (1083 -> 624)
[ 346/920] OK     ISMN_SNOTEL_BuckFlat: removed 189 extra cm dates (523 -> 334)
[ 347/920] OK     ISMN_SNOTEL_BigCreekSum: removed 850 extra cm dates (1007 -> 157)
[ 348/920] OK     ISMN_SNOTEL_BugLake: removed 333 extra cm dates (938 -> 605)
[ 349/920] OK     ISMN_SNOTEL_CascadeMountain: removed 67 extra cm dates (205 -> 138)
[ 350/920] OK     ISMN_SNOTEL_BurtsMillerRanch: removed 162 extra cm dates (407 -> 245)
[ 351/920] OK     ISMN_SNOTEL_Cascade#2: removed 195 extra cm dates (489 -> 294)
[ 352/920] OK     ISMN_SNOTEL_Butte: removed 188 extra cm dates (503 -> 315)
[ 353/920] OK     ISMN_SNOTEL_ChocolateGulch: removed 185 extra cm dates (221 -> 36)
[ 354/920] OK     ISMN_SNOTEL_Chalender: removed 110 extra cm dates (402 -> 292)
[ 355/920] OK     ISMN_SNOTEL_CampJackson: removed 163 extra cm dates (476 -> 313)
[ 356/920] OK     ISMN_SNOTEL_BuckPasture: removed 245 extra cm dates (491 -> 246)
[ 357/920] OK     ISMN_SNOTEL_ChalkCreek#2: removed 118 extra cm dates (329 -> 211)
[ 358/920] OK     ISMN_SNOTEL_CraterMeadows: removed 57 extra cm dates (121 -> 64)
[ 359/920] OK     ISMN_SNOTEL_CastleValley: removed 305 extra cm dates (898 -> 593)
[ 360/920] OK     ISMN_SNOTEL_CinnabarPark: removed 79 extra cm dates (192 -> 113)
[ 361/920] OK     ISMN_SNOTEL_ClaytonSprings: removed 107 extra cm dates (324 -> 217)
[ 362/920] OK     ISMN_SNOTEL_ChalkCreek#1: removed 181 extra cm dates (483 -> 302)
[ 363/920] OK     ISMN_SNOTEL_ClearCreek#1: removed 108 extra cm dates (296 -> 188)
[ 364/920] OK     ISMN_SNOTEL_Chepeta: removed 340 extra cm dates (849 -> 509)
[ 365/920] OK     ISMN_SNOTEL_BuckboardFlat: removed 205 extra cm dates (563 -> 358)
[ 366/920] OK     ISMN_SNOTEL_ClackamasLake: removed 88 extra cm dates (235 -> 147)
[ 367/920] OK     ISMN_SNOTEL_BurroMountain: removed 294 extra cm dates (679 -> 385)
[ 368/920] OK     ISMN_SNOTEL_Chisana: removed 291 extra cm dates (605 -> 314)
[ 369/920] OK     ISMN_SNOTEL_CouchSummit: removed 67 extra cm dates (241 -> 174)
[ 370/920] OK     ISMN_SNOTEL_ClearCreek#2: removed 108 extra cm dates (296 -> 188)
[ 371/920] OK     ISMN_SNOTEL_Coldfoot: removed 32 extra cm dates (82 -> 50)
[ 372/920] OK     ISMN_SNOTEL_CorralCanyon: removed 154 extra cm dates (490 -> 336)
[ 373/920] OK     ISMN_SNOTEL_CarsonPass: removed 540 extra cm dates (786 -> 246)
[ 374/920] OK     ISMN_SNOTEL_CurrantCreek: removed 159 extra cm dates (483 -> 324)
[ 375/920] OK     ISMN_SNOTEL_CrabCreek: removed 202 extra cm dates (421 -> 219)
[ 376/920] OK     ISMN_SNOTEL_DrawCreek: removed 171 extra cm dates (495 -> 324)
[ 377/920] OK     ISMN_SNOTEL_DryCreek: removed 107 extra cm dates (309 -> 202)
[ 378/920] OK     ISMN_SNOTEL_Brighton: removed 525 extra cm dates (988 -> 463)
[ 379/920] OK     ISMN_SNOTEL_DisasterPeak: removed 159 extra cm dates (527 -> 368)
[ 380/920] OK     ISMN_SNOTEL_DorseyBasin: removed 205 extra cm dates (511 -> 306)
[ 381/920] OK     ISMN_SNOTEL_CrowCreek: removed 191 extra cm dates (518 -> 327)
[ 382/920] OK     ISMN_SNOTEL_DonkeyReservoir: removed 204 extra cm dates (535 -> 331)
[ 383/920] OK     ISMN_SNOTEL_Fifteenmile: removed 53 extra cm dates (154 -> 101)
[ 384/920] OK     ISMN_SNOTEL_EastRimDivide: removed 174 extra cm dates (503 -> 329)
[ 385/920] OK     ISMN_SNOTEL_DillsCamp: removed 171 extra cm dates (522 -> 351)
[ 386/920] OK     ISMN_SNOTEL_EagleSummit: removed 197 extra cm dates (400 -> 203)
[ 387/920] OK     ISMN_SNOTEL_ElkCabin: removed 154 extra cm dates (442 -> 288)
[ 388/920] OK     ISMN_SNOTEL_Daniels-Strawberry: removed 160 extra cm dates (495 -> 335)
[ 389/920] OK     ISMN_SNOTEL_FallenLeaf: removed 116 extra cm dates (571 -> 455)
[ 390/920] OK     ISMN_SNOTEL_EFBlacksForkGS: removed 255 extra cm dates (517 -> 262)
[ 391/920] OK     ISMN_SNOTEL_EbbettsPass: removed 83 extra cm dates (338 -> 255)
[ 392/920] OK     ISMN_SNOTEL_FivePointsLake: removed 120 extra cm dates (296 -> 176)
[ 393/920] OK     ISMN_SNOTEL_FieldingLake: removed 208 extra cm dates (432 -> 224)
[ 394/920] OK     ISMN_SNOTEL_DryBreadPond: removed 408 extra cm dates (925 -> 517)
[ 395/920] OK     ISMN_SNOTEL_FarmingtonLower: removed 255 extra cm dates (912 -> 657)
[ 396/920] OK     ISMN_SNOTEL_CssLab: removed 250 extra cm dates (1081 -> 831)
[ 397/920] OK     ISMN_SNOTEL_Culebra#2: removed 413 extra cm dates (912 -> 499)
[ 398/920] OK     ISMN_SNOTEL_Giveout: removed 52 extra cm dates (121 -> 69)
[ 399/920] OK     ISMN_SNOTEL_FremontPass: removed 133 extra cm dates (350 -> 217)
[ 400/920] OK     ISMN_SNOTEL_FishLakeUtah: removed 178 extra cm dates (534 -> 356)
[ 401/920] OK     ISMN_SNOTEL_FarnsworthLake: removed 247 extra cm dates (565 -> 318)
[ 402/920] OK     ISMN_SNOTEL_DryLake: removed 343 extra cm dates (965 -> 622)
[ 403/920] OK     ISMN_SNOTEL_ExitGlacier: removed 449 extra cm dates (898 -> 449)
[ 404/920] OK     ISMN_SNOTEL_FredonyerPeak: removed 100 extra cm dates (355 -> 255)
[ 405/920] OK     ISMN_SNOTEL_FawnCreek: removed 165 extra cm dates (483 -> 318)
[ 406/920] OK     ISMN_SNOTEL_GBRCHQ: removed 84 extra cm dates (221 -> 137)
[ 407/920] OK     ISMN_SNOTEL_DryFork: removed 415 extra cm dates (1042 -> 627)
[ 408/920] OK     ISMN_SNOTEL_EchoPeak: removed 191 extra cm dates (934 -> 743)
[ 409/920] OK     ISMN_SNOTEL_FryCanyon: removed 99 extra cm dates (334 -> 235)
[ 410/920] OK     ISMN_SNOTEL_GeorgeCreek: removed 158 extra cm dates (305 -> 147)
[ 411/920] OK     ISMN_SNOTEL_FranklinBasin: removed 188 extra cm dates (542 -> 354)
[ 412/920] OK     ISMN_SNOTEL_Farmington: removed 292 extra cm dates (925 -> 633)
[ 413/920] OK     ISMN_SNOTEL_EastWillowCreek: removed 393 extra cm dates (1028 -> 635)
[ 414/920] OK     ISMN_SNOTEL_GalenaAK: removed 239 extra cm dates (492 -> 253)
[ 415/920] OK     ISMN_SNOTEL_ForestdaleCreek: removed 123 extra cm dates (578 -> 455)
[ 416/920] OK     ISMN_SNOTEL_GallegosPeak: removed 228 extra cm dates (660 -> 432)
[ 417/920] OK     ISMN_SNOTEL_GaritaPeak: removed 212 extra cm dates (536 -> 324)
[ 418/920] OK     ISMN_SNOTEL_GoldBasin: removed 117 extra cm dates (278 -> 161)
[ 419/920] OK     ISMN_SNOTEL_Golconda: removed 127 extra cm dates (506 -> 379)
[ 420/920] OK     ISMN_SNOTEL_GBRCMeadows: removed 191 extra cm dates (524 -> 333)
[ 421/920] OK     ISMN_SNOTEL_GoldAxeCamp: removed 169 extra cm dates (386 -> 217)
[ 422/920] OK     ISMN_SNOTEL_GraniteCrk: removed 120 extra cm dates (245 -> 125)
[ 423/920] OK     ISMN_SNOTEL_GalenaSummit: removed 183 extra cm dates (517 -> 334)
[ 424/920] OK     ISMN_SNOTEL_GobblersKnob: removed 285 extra cm dates (582 -> 297)
[ 425/920] OK     ISMN_SNOTEL_GardenCitySummit: removed 313 extra cm dates (939 -> 626)
[ 426/920] OK     ISMN_SNOTEL_HighRidge: removed 46 extra cm dates (135 -> 89)
[ 427/920] OK     ISMN_SNOTEL_GrizzlyPeak: removed 147 extra cm dates (288 -> 141)
[ 428/920] OK     ISMN_SNOTEL_HiltsCreek: removed 118 extra cm dates (282 -> 164)
[ 429/920] OK     ISMN_SNOTEL_GardnerPeak: removed 329 extra cm dates (1046 -> 717)
[ 430/920] OK     ISMN_SNOTEL_HighLonesome: removed 104 extra cm dates (224 -> 120)
[ 431/920] OK     ISMN_SNOTEL_HawleyLake: removed 132 extra cm dates (374 -> 242)
[ 432/920] OK     ISMN_SNOTEL_HarrisFlat: removed 145 extra cm dates (526 -> 381)
[ 433/920] OK     ISMN_SNOTEL_HickersonPark: removed 167 extra cm dates (389 -> 222)
[ 434/920] OK     ISMN_SNOTEL_GooseberryRS: removed 236 extra cm dates (564 -> 328)
[ 435/920] OK     ISMN_SNOTEL_HollandMeadows: removed 50 extra cm dates (145 -> 95)
[ 436/920] OK     ISMN_SNOTEL_HappyJack: removed 223 extra cm dates (737 -> 514)
[ 437/920] OK     ISMN_SNOTEL_Hewinta: removed 246 extra cm dates (503 -> 257)
[ 438/920] OK     ISMN_SNOTEL_GutzPeak: removed 135 extra cm dates (506 -> 371)
[ 439/920] OK     ISMN_SNOTEL_Hole-in-Mountain: removed 142 extra cm dates (503 -> 361)
[ 440/920] OK     ISMN_SNOTEL_Hole-in-Rock: removed 125 extra cm dates (302 -> 177)
[ 441/920] OK     ISMN_SNOTEL_GrandTarghee: removed 395 extra cm dates (920 -> 525)
[ 442/920] OK     ISMN_SNOTEL_GulkanaRiver: removed 249 extra cm dates (623 -> 374)
[ 443/920] OK     ISMN_SNOTEL_GranitePeak: removed 156 extra cm dates (491 -> 335)
[ 444/920] OK     ISMN_SNOTEL_GooseberryRSUp: removed 243 extra cm dates (565 -> 322)
[ 445/920] OK     ISMN_SNOTEL_HeavenlyValley: removed 143 extra cm dates (657 -> 514)
[ 446/920] OK     ISMN_SNOTEL_HobbleCreek: removed 103 extra cm dates (317 -> 214)
[ 447/920] OK     ISMN_SNOTEL_GraniteCreek: removed 223 extra cm dates (521 -> 298)
[ 448/920] OK     ISMN_SNOTEL_Hardscrabble: removed 248 extra cm dates (762 -> 514)
[ 449/920] OK     ISMN_SNOTEL_HaydenFork: removed 275 extra cm dates (551 -> 276)
[ 450/920] OK     ISMN_SNOTEL_GreenMountain: removed 161 extra cm dates (505 -> 344)
[ 451/920] OK     ISMN_SNOTEL_HoosierPass: removed 154 extra cm dates (380 -> 226)
[ 452/920] OK     ISMN_SNOTEL_JacksPeak: removed 188 extra cm dates (370 -> 182)
[ 453/920] OK     ISMN_SNOTEL_HagansMeadow: removed 245 extra cm dates (817 -> 572)
[ 454/920] OK     ISMN_SNOTEL_Hopewell: removed 168 extra cm dates (529 -> 361)
[ 455/920] OK     ISMN_SNOTEL_JonesPass: removed 171 extra cm dates (360 -> 189)
[ 456/920] OK     ISMN_SNOTEL_JackwhackerGulch: removed 137 extra cm dates (321 -> 184)
[ 457/920] OK     ISMN_SNOTEL_JacksonPeak: removed 219 extra cm dates (598 -> 379)
[ 458/920] OK     ISMN_SNOTEL_LakeforkBasin: removed 146 extra cm dates (333 -> 187)
[ 459/920] OK     ISMN_SNOTEL_LamoilleUpper: removed 80 extra cm dates (226 -> 146)
[ 460/920] OK     ISMN_SNOTEL_ImnaviatCreek: removed 430 extra cm dates (682 -> 252)
[ 461/920] OK     ISMN_SNOTEL_JackWadeJct: removed 277 extra cm dates (530 -> 253)
[ 462/920] OK     ISMN_SNOTEL_JackCreekUpper: removed 201 extra cm dates (520 -> 319)
[ 463/920] OK     ISMN_SNOTEL_KelleyR.S.: removed 182 extra cm dates (427 -> 245)
[ 464/920] OK     ISMN_SNOTEL_JonesCorral: removed 193 extra cm dates (527 -> 334)
[ 465/920] OK     ISMN_SNOTEL_Lakefork#1: removed 233 extra cm dates (558 -> 325)
[ 466/920] OK     ISMN_SNOTEL_HuntingtonHorse: removed 186 extra cm dates (524 -> 338)
[ 467/920] OK     ISMN_SNOTEL_IslandPark: removed 231 extra cm dates (694 -> 463)
[ 468/920] OK     ISMN_SNOTEL_LamanceCreek: removed 178 extra cm dates (521 -> 343)
[ 469/920] OK     ISMN_SNOTEL_KellyStation: removed 204 extra cm dates (595 -> 391)
[ 470/920] OK     ISMN_SNOTEL_KenaiMoosePens: removed 263 extra cm dates (545 -> 282)
[ 471/920] OK     ISMN_SNOTEL_LapreleCreek: removed 160 extra cm dates (383 -> 223)
[ 472/920] OK     ISMN_SNOTEL_HorseRidge: removed 440 extra cm dates (926 -> 486)
[ 473/920] OK     ISMN_SNOTEL_HorseMeadow: removed 265 extra cm dates (1077 -> 812)
[ 474/920] OK     ISMN_SNOTEL_LasalMountain: removed 78 extra cm dates (245 -> 167)
[ 475/920] OK     ISMN_SNOTEL_LeavittMeadows: removed 53 extra cm dates (246 -> 193)
[ 476/920] OK     ISMN_SNOTEL_Lamoille#3: removed 183 extra cm dates (509 -> 326)
[ 477/920] OK     ISMN_SNOTEL_KilfoilCreek: removed 272 extra cm dates (841 -> 569)
[ 478/920] OK     ISMN_SNOTEL_KingsCabin: removed 271 extra cm dates (710 -> 439)
[ 479/920] OK     ISMN_SNOTEL_LasalMountain-Lower: removed 129 extra cm dates (377 -> 248)
[ 480/920] OK     ISMN_SNOTEL_LittleChenaRidge: removed 82 extra cm dates (166 -> 84)
[ 481/920] OK     ISMN_SNOTEL_KimberlyMine: removed 305 extra cm dates (867 -> 562)
[ 482/920] OK     ISMN_SNOTEL_IndependenceLake: removed 286 extra cm dates (1081 -> 795)
[ 483/920] OK     ISMN_SNOTEL_IndependenceCreek: removed 272 extra cm dates (1080 -> 808)
[ 484/920] OK     ISMN_SNOTEL_KlondikeNarrows: removed 326 extra cm dates (939 -> 613)
[ 485/920] OK     ISMN_SNOTEL_LightningRidge: removed 163 extra cm dates (458 -> 295)
[ 486/920] OK     ISMN_SNOTEL_Kolob: removed 318 extra cm dates (1067 -> 749)
[ 487/920] OK     ISMN_SNOTEL_LewisLakeDivide: removed 213 extra cm dates (467 -> 254)
[ 488/920] OK     ISMN_SNOTEL_IndependenceCamp: removed 252 extra cm dates (1081 -> 829)
[ 489/920] OK     ISMN_SNOTEL_LarsenCreek: removed 264 extra cm dates (455 -> 191)
[ 490/920] OK     ISMN_SNOTEL_LilyLake: removed 253 extra cm dates (517 -> 264)
[ 491/920] OK     ISMN_SNOTEL_Kalamazoo: removed 413 extra cm dates (1082 -> 669)
[ 492/920] OK     ISMN_SNOTEL_LongValley: removed 47 extra cm dates (119 -> 72)
[ 493/920] OK     ISMN_SNOTEL_LongDrawResv: removed 80 extra cm dates (161 -> 81)
[ 494/920] OK     ISMN_SNOTEL_LaurelDraw: removed 213 extra cm dates (483 -> 270)
[ 495/920] OK     ISMN_SNOTEL_LostDog: removed 141 extra cm dates (344 -> 203)
[ 496/920] OK     ISMN_SNOTEL_LongFlat: removed 134 extra cm dates (385 -> 251)
[ 497/920] OK     ISMN_SNOTEL_LittleGrassy: removed 133 extra cm dates (545 -> 412)
[ 498/920] OK     ISMN_SNOTEL_Lookout: removed 110 extra cm dates (309 -> 199)
[ 499/920] OK     ISMN_SNOTEL_LongValleyJct: removed 148 extra cm dates (540 -> 392)
[ 500/920] OK     ISMN_SNOTEL_LittleBear: removed 373 extra cm dates (926 -> 553)
[ 501/920] OK     ISMN_SNOTEL_LeavittLake: removed 118 extra cm dates (551 -> 433)
[ 502/920] OK     ISMN_SNOTEL_Mammoth-Cottonwood: removed 95 extra cm dates (235 -> 140)
[ 503/920] OK     ISMN_SNOTEL_LilyPond: removed 196 extra cm dates (533 -> 337)
[ 504/920] OK     ISMN_SNOTEL_LoneCone: removed 239 extra cm dates (640 -> 401)
[ 505/920] OK     ISMN_SNOTEL_McGrath: removed 88 extra cm dates (208 -> 120)
[ 506/920] OK     ISMN_SNOTEL_McneilRiverSGS: removed 77 extra cm dates (152 -> 75)
[ 507/920] OK     ISMN_SNOTEL_LittleSnakeRiver: removed 204 extra cm dates (459 -> 255)
[ 508/920] OK     ISMN_SNOTEL_MedBow: removed 92 extra cm dates (194 -> 102)
[ 509/920] OK     ISMN_SNOTEL_MayCreek: removed 150 extra cm dates (270 -> 120)
[ 510/920] OK     ISMN_SNOTEL_LobdellLake: removed 128 extra cm dates (553 -> 425)
[ 511/920] OK     ISMN_SNOTEL_MicaCreek: removed 84 extra cm dates (258 -> 174)
[ 512/920] OK     ISMN_SNOTEL_LookoutPeak: removed 146 extra cm dates (418 -> 272)
[ 513/920] OK     ISMN_SNOTEL_LeeCanyon: removed 259 extra cm dates (1062 -> 803)
[ 514/920] OK     ISMN_SNOTEL_LewisPeak: removed 276 extra cm dates (992 -> 716)
[ 515/920] OK     ISMN_SNOTEL_MiddleForkCamp: removed 117 extra cm dates (276 -> 159)
[ 516/920] OK     ISMN_SNOTEL_MagicMountain: removed 140 extra cm dates (376 -> 236)
[ 517/920] OK     ISMN_SNOTEL_MichiganCreek: removed 147 extra cm dates (322 -> 175)
[ 518/920] OK     ISMN_SNOTEL_MonumentCreek: removed 139 extra cm dates (256 -> 117)
[ 519/920] OK     ISMN_SNOTEL_MarletteLake: removed 92 extra cm dates (395 -> 303)
[ 520/920] OK     ISMN_SNOTEL_LizardHeadPass: removed 420 extra cm dates (1062 -> 642)
[ 521/920] OK     ISMN_SNOTEL_LouisMeadow: removed 239 extra cm dates (733 -> 494)
[ 522/920] OK     ISMN_SNOTEL_MudFlat: removed 57 extra cm dates (146 -> 89)
[ 523/920] OK     ISMN_SNOTEL_MosesMtn: removed 166 extra cm dates (299 -> 133)
[ 524/920] OK     ISMN_SNOTEL_Mt.Ryan: removed 152 extra cm dates (257 -> 105)
[ 525/920] OK     ISMN_SNOTEL_MooreCreekBridge: removed 170 extra cm dates (299 -> 129)
[ 526/920] OK     ISMN_SNOTEL_LostCreekResv: removed 255 extra cm dates (923 -> 668)
[ 527/920] OK     ISMN_SNOTEL_LittleValley: removed 329 extra cm dates (1081 -> 752)
[ 528/920] OK     ISMN_SNOTEL_LonesomeBeaver: removed 332 extra cm dates (1033 -> 701)
[ 529/920] OK     ISMN_SNOTEL_MonitorPass: removed 143 extra cm dates (559 -> 416)
[ 530/920] OK     ISMN_SNOTEL_Mill-DNorth: removed 192 extra cm dates (533 -> 341)
[ 531/920] OK     ISMN_SNOTEL_MormonMountain: removed 200 extra cm dates (687 -> 487)
[ 532/920] OK     ISMN_SNOTEL_MtBaldy: removed 152 extra cm dates (372 -> 220)
[ 533/920] OK     ISMN_SNOTEL_NukaGlacier: removed 287 extra cm dates (602 -> 315)
[ 534/920] OK     ISMN_SNOTEL_MerchantValley: removed 283 extra cm dates (859 -> 576)
[ 535/920] OK     ISMN_SNOTEL_MoscowMountain: removed 287 extra cm dates (738 -> 451)
[ 536/920] OK     ISMN_SNOTEL_ONeilCreek: removed 117 extra cm dates (379 -> 262)
[ 537/920] OK     ISMN_SNOTEL_NavajoWhiskeyCk: removed 174 extra cm dates (481 -> 307)
[ 538/920] OK     ISMN_SNOTEL_Palo: removed 121 extra cm dates (368 -> 247)
[ 539/920] OK     ISMN_SNOTEL_PebbleCreek: removed 86 extra cm dates (223 -> 137)
[ 540/920] OK     ISMN_SNOTEL_ParkCone: removed 113 extra cm dates (269 -> 156)
[ 541/920] OK     ISMN_SNOTEL_MosquitoRidge: removed 256 extra cm dates (534 -> 278)
[ 542/920] OK     ISMN_SNOTEL_ParleysUpper: removed 66 extra cm dates (210 -> 144)
[ 543/920] OK     ISMN_SNOTEL_PoleCreekR.S.: removed 56 extra cm dates (144 -> 88)
[ 544/920] OK     ISMN_SNOTEL_OakCreek: removed 304 extra cm dates (978 -> 674)
[ 545/920] OK     ISMN_SNOTEL_MormonMtnSummit: removed 306 extra cm dates (995 -> 689)
[ 546/920] OK     ISMN_SNOTEL_MidwayValley: removed 365 extra cm dates (1068 -> 703)
[ 547/920] OK     ISMN_SNOTEL_MonteCristo: removed 423 extra cm dates (996 -> 573)
[ 548/920] OK     ISMN_SNOTEL_ParkReservoir: removed 182 extra cm dates (475 -> 293)
[ 549/920] OK     ISMN_SNOTEL_PickleKeg: removed 98 extra cm dates (274 -> 176)
[ 550/920] OK     ISMN_SNOTEL_MyrtleCreek: removed 345 extra cm dates (724 -> 379)
[ 551/920] OK     ISMN_SNOTEL_MiningFork: removed 352 extra cm dates (940 -> 588)
[ 552/920] OK     ISMN_SNOTEL_PhantomValley: removed 177 extra cm dates (400 -> 223)
[ 553/920] OK     ISMN_SNOTEL_PierceR.S.: removed 145 extra cm dates (382 -> 237)
[ 554/920] OK     ISMN_SNOTEL_MosbyMtn.: removed 418 extra cm dates (1072 -> 654)
[ 555/920] OK     ISMN_SNOTEL_MtPennell: removed 283 extra cm dates (1034 -> 751)
[ 556/920] OK     ISMN_SNOTEL_PorphyryCreek: removed 135 extra cm dates (312 -> 177)
[ 557/920] OK     ISMN_SNOTEL_PortGraham: removed 153 extra cm dates (335 -> 182)
[ 558/920] OK     ISMN_SNOTEL_PalisadesTahoe: removed 261 extra cm dates (1079 -> 818)
[ 559/920] OK     ISMN_SNOTEL_PaysonR.S.: removed 168 extra cm dates (495 -> 327)
[ 560/920] OK     ISMN_SNOTEL_ParleysSummit: removed 184 extra cm dates (619 -> 435)
[ 561/920] OK     ISMN_SNOTEL_PowderMountain: removed 114 extra cm dates (364 -> 250)
[ 562/920] OK     ISMN_SNOTEL_ReynoldsCreek: removed 65 extra cm dates (154 -> 89)
[ 563/920] OK     ISMN_SNOTEL_PoleCanyon: removed 173 extra cm dates (511 -> 338)
[ 564/920] OK     ISMN_SNOTEL_QuartzMountain: removed 54 extra cm dates (188 -> 134)
[ 565/920] OK     ISMN_SNOTEL_RockwoodGS: removed 158 extra cm dates (384 -> 226)
[ 566/920] OK     ISMN_SNOTEL_PanguitchLakeRS: removed 366 extra cm dates (1067 -> 701)
[ 567/920] OK     ISMN_SNOTEL_PocketCreek: removed 310 extra cm dates (702 -> 392)
[ 568/920] OK     ISMN_SNOTEL_PoisonFlat: removed 84 extra cm dates (333 -> 249)
[ 569/920] OK     ISMN_SNOTEL_RainyPass: removed 82 extra cm dates (209 -> 127)
[ 570/920] OK     ISMN_SNOTEL_ParrishCreek: removed 274 extra cm dates (925 -> 651)
[ 571/920] OK     ISMN_SNOTEL_RockSprings: removed 113 extra cm dates (358 -> 245)
[ 572/920] OK     ISMN_SNOTEL_PineCreek: removed 332 extra cm dates (972 -> 640)
[ 573/920] OK     ISMN_SNOTEL_RockCreek: removed 201 extra cm dates (460 -> 259)
[ 574/920] OK     ISMN_SNOTEL_ReddenMineLwr: removed 156 extra cm dates (431 -> 275)
[ 575/920] OK     ISMN_SNOTEL_RoughAndTumble: removed 109 extra cm dates (275 -> 166)
[ 576/920] OK     ISMN_SNOTEL_SageCreekBasin: removed 127 extra cm dates (332 -> 205)
[ 577/920] OK     ISMN_SNOTEL_Sawtooth: removed 95 extra cm dates (246 -> 151)
[ 578/920] OK     ISMN_SNOTEL_SantaquinMeadows: removed 128 extra cm dates (362 -> 234)
[ 579/920] OK     ISMN_SNOTEL_RockyBasin-Settleme: removed 207 extra cm dates (566 -> 359)
[ 580/920] OK     ISMN_SNOTEL_SenoritaDivide#2: removed 93 extra cm dates (256 -> 163)
[ 581/920] OK     ISMN_SNOTEL_Sherwin: removed 104 extra cm dates (235 -> 131)
[ 582/920] OK     ISMN_SNOTEL_QuartzPeak: removed 202 extra cm dates (490 -> 288)
[ 583/920] OK     ISMN_SNOTEL_RaggedMountain: removed 234 extra cm dates (577 -> 343)
[ 584/920] OK     ISMN_SNOTEL_MtRoseSkiArea: removed 262 extra cm dates (1081 -> 819)
[ 585/920] OK     ISMN_SNOTEL_SeventysixCreek: removed 163 extra cm dates (359 -> 196)
[ 586/920] OK     ISMN_SNOTEL_Silvies: removed 113 extra cm dates (353 -> 240)
[ 587/920] OK     ISMN_SNOTEL_ShanghiSummit: removed 114 extra cm dates (270 -> 156)
[ 588/920] OK     ISMN_SNOTEL_Sharkstooth: removed 146 extra cm dates (381 -> 235)
[ 589/920] OK     ISMN_SNOTEL_ReesFlat: removed 179 extra cm dates (517 -> 338)
[ 590/920] OK     ISMN_SNOTEL_SmithMorehouse: removed 113 extra cm dates (312 -> 199)
[ 591/920] OK     ISMN_SNOTEL_Quemazon: removed 358 extra cm dates (840 -> 482)
[ 592/920] OK     ISMN_SNOTEL_Sheldon: removed 196 extra cm dates (667 -> 471)
[ 593/920] OK     ISMN_SNOTEL_SeeleyCreek: removed 181 extra cm dates (511 -> 330)
[ 594/920] OK     ISMN_SNOTEL_SavagePass: removed 313 extra cm dates (622 -> 309)
[ 595/920] OK     ISMN_SNOTEL_RioSantaBarbara: removed 447 extra cm dates (1082 -> 635)
[ 596/920] OK     ISMN_SNOTEL_StateLine: removed 48 extra cm dates (200 -> 152)
[ 597/920] OK     ISMN_SNOTEL_PorterCanyon: removed 287 extra cm dates (1005 -> 718)
[ 598/920] OK     ISMN_SNOTEL_Shuree: removed 150 extra cm dates (427 -> 277)
[ 599/920] OK     ISMN_SNOTEL_RainbowCanyon: removed 225 extra cm dates (1061 -> 836)
[ 600/920] OK     ISMN_SNOTEL_SaltRiverSummit: removed 428 extra cm dates (958 -> 530)
[ 601/920] OK     ISMN_SNOTEL_Rubicon#2: removed 321 extra cm dates (1077 -> 756)
[ 602/920] OK     ISMN_SNOTEL_SonoraPass: removed 86 extra cm dates (385 -> 299)
[ 603/920] OK     ISMN_SNOTEL_SchofieldPass: removed 214 extra cm dates (526 -> 312)
[ 604/920] OK     ISMN_SNOTEL_StillwaterCreek: removed 137 extra cm dates (329 -> 192)
[ 605/920] OK     ISMN_SNOTEL_SummitCreek: removed 170 extra cm dates (309 -> 139)
[ 606/920] OK     ISMN_SNOTEL_SandstoneRS: removed 365 extra cm dates (928 -> 563)
[ 607/920] OK     ISMN_SNOTEL_SwedePeak: removed 54 extra cm dates (162 -> 108)
[ 608/920] OK     ISMN_SNOTEL_Slumgullion: removed 208 extra cm dates (530 -> 322)
[ 609/920] OK     ISMN_SNOTEL_SomsenRanch: removed 320 extra cm dates (875 -> 555)
[ 610/920] OK     ISMN_SNOTEL_SpringCreek: removed 152 extra cm dates (369 -> 217)
[ 611/920] OK     ISMN_SNOTEL_Sunset: removed 60 extra cm dates (152 -> 92)
[ 612/920] OK     ISMN_SNOTEL_SusitnaValleyHigh: removed 77 extra cm dates (184 -> 107)
[ 613/920] OK     ISMN_SNOTEL_StrawberryDivide: removed 146 extra cm dates (484 -> 338)
[ 614/920] OK     ISMN_SNOTEL_SourdoughGulch: removed 252 extra cm dates (762 -> 510)
[ 615/920] OK     ISMN_SNOTEL_SteelCreekPark: removed 240 extra cm dates (517 -> 277)
[ 616/920] OK     ISMN_SNOTEL_SantaFe: removed 429 extra cm dates (1078 -> 649)
[ 617/920] OK     ISMN_SNOTEL_SheepMtn.: removed 295 extra cm dates (871 -> 576)
[ 618/920] OK     ISMN_SNOTEL_SprattCreek: removed 128 extra cm dates (510 -> 382)
[ 619/920] OK     ISMN_SNOTEL_TaosPueblo: removed 87 extra cm dates (212 -> 125)
[ 620/920] OK     ISMN_SNOTEL_TaylorCanyon: removed 68 extra cm dates (217 -> 149)
[ 621/920] OK     ISMN_SNOTEL_SnakeRiverStation: removed 374 extra cm dates (857 -> 483)
[ 622/920] OK     ISMN_SNOTEL_ThaynesCanyon: removed 61 extra cm dates (162 -> 101)
[ 623/920] OK     ISMN_SNOTEL_SunflowerFlat: removed 219 extra cm dates (527 -> 308)
[ 624/920] OK     ISMN_SNOTEL_Snowbird: removed 298 extra cm dates (765 -> 467)
[ 625/920] OK     ISMN_SNOTEL_SummitRanch: removed 147 extra cm dates (320 -> 173)
[ 626/920] OK     ISMN_SNOTEL_StickneyMill: removed 199 extra cm dates (519 -> 320)
[ 627/920] OK     ISMN_SNOTEL_TakkaWiiya: removed 160 extra cm dates (400 -> 240)
[ 628/920] OK     ISMN_SNOTEL_SuuRanch: removed 89 extra cm dates (277 -> 188)
[ 629/920] OK     ISMN_SNOTEL_Tok: removed 124 extra cm dates (254 -> 130)
[ 630/920] OK     ISMN_SNOTEL_SpiritLk: removed 395 extra cm dates (890 -> 495)
[ 631/920] OK     ISMN_SNOTEL_Tipton: removed 98 extra cm dates (337 -> 239)
[ 632/920] OK     ISMN_SNOTEL_TonyGroveRS: removed 130 extra cm dates (332 -> 202)
[ 633/920] OK     ISMN_SNOTEL_SouthBrushCreek: removed 393 extra cm dates (923 -> 530)
[ 634/920] OK     ISMN_SNOTEL_Touchet: removed 156 extra cm dates (362 -> 206)
[ 635/920] OK     ISMN_SNOTEL_TrialLake: removed 159 extra cm dates (355 -> 196)
[ 636/920] OK     ISMN_SNOTEL_TokositnaValley: removed 225 extra cm dates (538 -> 313)
[ 637/920] OK     ISMN_SNOTEL_UpperJoesValley: removed 71 extra cm dates (175 -> 104)
[ 638/920] OK     ISMN_SNOTEL_UpperNomeCreek: removed 122 extra cm dates (241 -> 119)
[ 639/920] OK     ISMN_SNOTEL_SummitMeadow: removed 122 extra cm dates (554 -> 432)
[ 640/920] OK     ISMN_SNOTEL_TempleFork: removed 304 extra cm dates (791 -> 487)
[ 641/920] OK     ISMN_SNOTEL_SouthMtn.: removed 449 extra cm dates (1048 -> 599)
[ 642/920] OK     ISMN_SNOTEL_UpperRioGrande: removed 149 extra cm dates (380 -> 231)
[ 643/920] OK     ISMN_SNOTEL_Trough: removed 133 extra cm dates (363 -> 230)
[ 644/920] OK     ISMN_SNOTEL_ThistleFlat: removed 208 extra cm dates (523 -> 315)
[ 645/920] OK     ISMN_SNOTEL_TresRitos: removed 199 extra cm dates (580 -> 381)
[ 646/920] OK     ISMN_SNOTEL_Timberline: removed 215 extra cm dates (561 -> 346)
[ 647/920] OK     ISMN_SNOTEL_SummitLk: removed 266 extra cm dates (868 -> 602)
[ 648/920] OK     ISMN_SNOTEL_TriplePeak: removed 177 extra cm dates (432 -> 255)
[ 649/920] OK     ISMN_SNOTEL_ToeJam: removed 281 extra cm dates (618 -> 337)
[ 650/920] OK     ISMN_SNOTEL_TimpanogosDivide: removed 175 extra cm dates (504 -> 329)
[ 651/920] OK     ISMN_SNOTEL_VacasLocas: removed 156 extra cm dates (380 -> 224)
[ 652/920] OK     ISMN_SNOTEL_UpperTsainaRiver: removed 151 extra cm dates (430 -> 279)
[ 653/920] OK     ISMN_SNOTEL_TaosPowderhorn: removed 411 extra cm dates (1089 -> 678)
[ 654/920] OK     ISMN_SNOTEL_UpperSanJuan: removed 151 extra cm dates (394 -> 243)
[ 655/920] OK     ISMN_SNOTEL_WildhorseDivide: removed 67 extra cm dates (164 -> 97)
[ 656/920] OK     ISMN_SNOTEL_WesnerSprings: removed 93 extra cm dates (251 -> 158)
[ 657/920] OK     ISMN_SNOTEL_ThumbDivide: removed 303 extra cm dates (729 -> 426)
[ 658/920] OK     ISMN_SNOTEL_TelaquanaLake: removed 407 extra cm dates (827 -> 420)
[ 659/920] OK     ISMN_SNOTEL_UpperTaylor: removed 198 extra cm dates (526 -> 328)
[ 660/920] OK     ISMN_SNOTEL_WardMountain: removed 152 extra cm dates (506 -> 354)
[ 661/920] OK     ISMN_SNOTEL_WilsonCreek: removed 93 extra cm dates (217 -> 124)
[ 662/920] OK     ISMN_SNOTEL_WindyPeak: removed 56 extra cm dates (165 -> 109)
[ 663/920] OK     ISMN_SNOTEL_WildBasin: removed 117 extra cm dates (300 -> 183)
[ 664/920] OK     ISMN_SNOTEL_TahoeCityCross: removed 256 extra cm dates (1079 -> 823)
[ 665/920] OK     ISMN_SNOTEL_VacarroSprings: removed 171 extra cm dates (497 -> 326)
[ 666/920] OK     ISMN_SNOTEL_TonyGroveLake: removed 319 extra cm dates (940 -> 621)
[ 667/920] OK     ISMN_SNOTEL_WolfCreekPeak: removed 115 extra cm dates (314 -> 199)
[ 668/920] OK     ISMN_SNOTEL_WheelerPeak: removed 132 extra cm dates (424 -> 292)
[ 669/920] OK     ISMN_STEMS_CarpenetopermanentGrassCoverNoTrackposition: removed 56 extra cm dates (180 -> 124)
[ 670/920] OK     ISMN_SNOTEL_WolfCreekSummit: removed 125 extra cm dates (315 -> 190)
[ 671/920] OK     ISMN_SOILSCAPE_Lucky-Hills-1506: removed 68 extra cm dates (446 -> 378)
[ 672/920] OK     ISMN_TERENO_Merzenhausen: removed 70 extra cm dates (126 -> 56)
[ 673/920] OK     ISMN_SNOTEL_TroutCreek: removed 405 extra cm dates (1008 -> 603)
[ 674/920] OK     ISMN_SOILSCAPE_Lucky-Hills-1503: removed 68 extra cm dates (438 -> 370)
[ 675/920] OK     ISMN_SNOTEL_Truckee#2: removed 252 extra cm dates (968 -> 716)
[ 676/920] OK     ISMN_SNOTEL_WrigleyCreek: removed 184 extra cm dates (523 -> 339)
[ 677/920] OK     ISMN_SNOTEL_VernonCreek: removed 289 extra cm dates (899 -> 610)
[ 678/920] OK     ISMN_TWENTE_Hupsel: removed 132 extra cm dates (249 -> 117)
[ 679/920] OK     ISMN_TWENTE_ITCSM-15b: removed 115 extra cm dates (209 -> 94)
[ 680/920] OK     ISMN_TERENO_Schoeneseiffen: removed 95 extra cm dates (146 -> 51)
[ 681/920] OK     ISMN_SNOTEL_WilburBench: removed 205 extra cm dates (524 -> 319)
[ 682/920] OK     ISMN_TWENTE_ITCSM-09: removed 90 extra cm dates (176 -> 86)
[ 683/920] OK     ISMN_STEMS_CarpenetopermanentGrassCoverTrackposition: removed 56 extra cm dates (180 -> 124)
[ 684/920] OK     ISMN_TERENO_Gevenich: removed 74 extra cm dates (172 -> 98)
[ 685/920] OK     ISMN_SNOTEL_WardCreek#3: removed 182 extra cm dates (665 -> 483)
[ 686/920] OK     ISMN_TWENTE_ITCSM-07b: removed 90 extra cm dates (169 -> 79)
[ 687/920] OK     ISMN_SNOTEL_WebsterFlat: removed 370 extra cm dates (1067 -> 697)
[ 688/920] OK     ISMN_TWENTE_ITCSM-08b: removed 162 extra cm dates (287 -> 125)
[ 689/920] OK     ISMN_TWENTE_ITCSM-16b: removed 133 extra cm dates (245 -> 112)
[ 690/920] OK     ISMN_SNOTEL_VirginiaLakesRidge: removed 164 extra cm dates (593 -> 429)
[ 691/920] OK     ISMN_TERENO_Selhausen: removed 132 extra cm dates (257 -> 125)
[ 692/920] OK     ISMN_SNOTEL_Widtsoe#3: removed 188 extra cm dates (538 -> 350)
[ 693/920] OK     ISMN_TxSON_CR200-10: removed 46 extra cm dates (124 -> 78)
[ 694/920] OK     ISMN_TxSON_CR1000-1: removed 54 extra cm dates (193 -> 139)
[ 695/920] OK     ISMN_TxSON_CR200-11: removed 34 extra cm dates (87 -> 53)
[ 696/920] OK     ISMN_TxSON_CR200-1: removed 66 extra cm dates (211 -> 145)
[ 697/920] OK     ISMN_TxSON_CR1000-2: removed 64 extra cm dates (196 -> 132)
[ 698/920] OK     ISMN_TWENTE_ITCSM-13: removed 179 extra cm dates (336 -> 157)
[ 699/920] OK     ISMN_TxSON_CR1000-6: removed 78 extra cm dates (272 -> 194)
[ 700/920] OK     ISMN_SNOTEL_UsuDocDaniel: removed 376 extra cm dates (940 -> 564)
[ 701/920] OK     ISMN_TxSON_CR1000-3: removed 88 extra cm dates (272 -> 184)
[ 702/920] OK     ISMN_TxSON_CR1000-5: removed 82 extra cm dates (272 -> 190)
[ 703/920] OK     ISMN_TxSON_CR200-13: removed 77 extra cm dates (272 -> 195)
[ 704/920] OK     ISMN_TxSON_CR200-14: removed 79 extra cm dates (272 -> 193)
[ 705/920] OK     ISMN_TWENTE_ITCSM-17c: removed 139 extra cm dates (257 -> 118)
[ 706/920] OK     ISMN_TxSON_CR200-22: removed 26 extra cm dates (83 -> 57)
[ 707/920] OK     ISMN_SNOTEL_WhiteRiver#1: removed 233 extra cm dates (550 -> 317)
[ 708/920] OK     ISMN_TxSON_CR200-12: removed 88 extra cm dates (272 -> 184)
[ 709/920] OK     ISMN_TxSON_CR200-19: removed 55 extra cm dates (185 -> 130)
[ 710/920] OK     ISMN_TxSON_CR200-15: removed 86 extra cm dates (272 -> 186)
[ 711/920] OK     ISMN_TxSON_CR1000-4: removed 88 extra cm dates (289 -> 201)
[ 712/920] OK     ISMN_SNOTEL_Zirkel: removed 315 extra cm dates (870 -> 555)
[ 713/920] OK     ISMN_TxSON_CR200-2: removed 92 extra cm dates (272 -> 180)
[ 714/920] OK     ISMN_TxSON_CR200-7: removed 38 extra cm dates (125 -> 87)
[ 715/920] OK     ISMN_TxSON_CR200-29: removed 74 extra cm dates (250 -> 176)
[ 716/920] OK     ISMN_TxSON_CR200-17: removed 90 extra cm dates (272 -> 182)
[ 717/920] OK     ISMN_SNOTEL_YankeeReservoir: removed 364 extra cm dates (1067 -> 703)
[ 718/920] OK     ISMN_TxSON_CR200-16: removed 83 extra cm dates (250 -> 167)
[ 719/920] OK     ISMN_TxSON_CR200-28: removed 78 extra cm dates (272 -> 194)
[ 720/920] OK     ISMN_TxSON_CR200-5: removed 92 extra cm dates (267 -> 175)
[ 721/920] OK     ISMN_TxSON_CR200-26: removed 79 extra cm dates (272 -> 193)
[ 722/920] OK     ISMN_TxSON_CR200-18: removed 94 extra cm dates (272 -> 178)
[ 723/920] OK     ISMN_TxSON_CR200-24: removed 92 extra cm dates (272 -> 180)
[ 724/920] OK     ISMN_TxSON_CR200-3: removed 73 extra cm dates (272 -> 199)
[ 725/920] OK     ISMN_TxSON_CR200-23: removed 77 extra cm dates (272 -> 195)
[ 726/920] OK     ISMN_TxSON_CR200-8: removed 91 extra cm dates (272 -> 181)
[ 727/920] OK     ISMN_TxSON_CR200-6: removed 85 extra cm dates (272 -> 187)
[ 728/920] OK     ISMN_TxSON_CR200-4: removed 74 extra cm dates (260 -> 186)
[ 729/920] OK     ISMN_TxSON_LCRA-6: removed 75 extra cm dates (233 -> 158)
[ 730/920] OK     ISMN_USCRN_Austin-33-NW: removed 81 extra cm dates (214 -> 133)
[ 731/920] OK     ISMN_TxSON_CR200-21: removed 73 extra cm dates (272 -> 199)
[ 732/920] OK     ISMN_TxSON_LCRA-1: removed 91 extra cm dates (271 -> 180)
[ 733/920] OK     ISMN_TxSON_LCRA-5: removed 79 extra cm dates (228 -> 149)
[ 734/920] OK     ISMN_USCRN_Bowling-Green-21-NNE: removed 40 extra cm dates (91 -> 51)
[ 735/920] OK     ISMN_TxSON_CR200-25: removed 90 extra cm dates (272 -> 182)
[ 736/920] OK     ISMN_USCRN_Baker-5-W: removed 59 extra cm dates (180 -> 121)
[ 737/920] OK     ISMN_TxSON_LCRA-3: removed 79 extra cm dates (271 -> 192)
[ 738/920] OK     ISMN_TxSON_CR200-9: removed 73 extra cm dates (272 -> 199)
[ 739/920] OK     ISMN_TxSON_LCRA-4: removed 77 extra cm dates (271 -> 194)
[ 740/920] OK     ISMN_USCRN_Asheville-13-S: removed 79 extra cm dates (213 -> 134)
[ 741/920] OK     ISMN_TxSON_LCRA-2: removed 80 extra cm dates (271 -> 191)
[ 742/920] OK     ISMN_USCRN_Cortez-8-SE: removed 23 extra cm dates (84 -> 61)
[ 743/920] OK     ISMN_USCRN_Bedford-5-WNW: removed 48 extra cm dates (144 -> 96)
[ 744/920] OK     ISMN_TxSON_LCRA-7: removed 98 extra cm dates (246 -> 148)
[ 745/920] OK     ISMN_USCRN_Cape-Charles-5-ENE: removed 69 extra cm dates (226 -> 157)
[ 746/920] OK     ISMN_USCRN_Bronte-11-NNE: removed 76 extra cm dates (231 -> 155)
[ 747/920] OK     ISMN_USCRN_Charlottesville-2-SSE: removed 75 extra cm dates (177 -> 102)
[ 748/920] OK     ISMN_USCRN_Goodwell-2-E: removed 35 extra cm dates (144 -> 109)
[ 749/920] OK     ISMN_USCRN_Crossville-7-NW: removed 12 extra cm dates (32 -> 20)
[ 750/920] OK     ISMN_USCRN_Batesville-8-WNW: removed 77 extra cm dates (188 -> 111)
[ 751/920] OK     ISMN_USCRN_Durham-11-W: removed 63 extra cm dates (179 -> 116)
[ 752/920] OK     ISMN_USCRN_Durham-2-N: removed 19 extra cm dates (59 -> 40)
[ 753/920] OK     ISMN_USCRN_Elkins-21-ENE: removed 129 extra cm dates (251 -> 122)
[ 754/920] OK     ISMN_USCRN_John-Day-35-WNW: removed 58 extra cm dates (237 -> 179)
[ 755/920] OK     ISMN_USCRN_Joplin-24-N: removed 44 extra cm dates (146 -> 102)
[ 756/920] OK     ISMN_USCRN_Goodwell-2-SE: removed 66 extra cm dates (250 -> 184)
[ 757/920] OK     ISMN_USCRN_Los-Alamos-13-W: removed 78 extra cm dates (220 -> 142)
[ 758/920] OK     ISMN_USCRN_Elgin-5-S: removed 66 extra cm dates (253 -> 187)
[ 759/920] OK     ISMN_USCRN_Monroe-26-N: removed 57 extra cm dates (140 -> 83)
[ 760/920] OK     ISMN_USCRN_Gadsden-19-N: removed 104 extra cm dates (224 -> 120)
[ 761/920] OK     ISMN_USCRN_Chatham-1-SE: removed 176 extra cm dates (366 -> 190)
[ 762/920] OK     ISMN_USCRN_Salem-10-W: removed 49 extra cm dates (146 -> 97)
[ 763/920] OK     ISMN_USCRN_Everglades-City-5-NE: removed 164 extra cm dates (329 -> 165)
[ 764/920] OK     ISMN_USCRN_Stillwater-2-W: removed 71 extra cm dates (239 -> 168)
[ 765/920] OK     ISMN_USCRN_Muleshoe-19-S: removed 53 extra cm dates (246 -> 193)
[ 766/920] OK     ISMN_USCRN_Newton-8-W: removed 82 extra cm dates (156 -> 74)
[ 767/920] OK     ISMN_USCRN_Newton-5-ENE: removed 108 extra cm dates (216 -> 108)
[ 768/920] OK     ISMN_USCRN_Brunswick-23-S: removed 32 extra cm dates (99 -> 67)
[ 769/920] OK     ISMN_USCRN_Lafayette-13-SE: removed 119 extra cm dates (255 -> 136)
[ 770/920] OK     ISMN_USCRN_Monahans-6-ENE: removed 42 extra cm dates (263 -> 221)
[ 771/920] OK     ISMN_USCRN_Stillwater-5-WNW: removed 39 extra cm dates (175 -> 136)
[ 772/920] OK     ISMN_USCRN_Corvallis-10-SSW: removed 150 extra cm dates (406 -> 256)
[ 773/920] OK     ISMN_USCRN_Quinault-4-NE: removed 89 extra cm dates (178 -> 89)
[ 774/920] OK     ISMN_USCRN_Socorro-20-N: removed 68 extra cm dates (284 -> 216)
[ 775/920] OK     ISMN_WATERLINE_Kerasia: removed 82 extra cm dates (195 -> 113)
[ 776/920] OK     ISMN_WATERLINE_Nymfaia: removed 82 extra cm dates (194 -> 112)
[ 777/920] OK     ISMN_WATERLINE_Komotini: removed 57 extra cm dates (186 -> 129)
[ 778/920] OK     ISMN_USCRN_Fallbrook-5-NE: removed 132 extra cm dates (487 -> 355)
[ 779/920] OK     ISMN_USCRN_Versailles-3-NNW: removed 134 extra cm dates (293 -> 159)
[ 780/920] OK     ISMN_USCRN_Santa-Barbara-11-W: removed 98 extra cm dates (299 -> 201)
[ 781/920] OK     ISMN_USCRN_McClellanville-7-NE: removed 173 extra cm dates (433 -> 260)
[ 782/920] OK     ISMN_USCRN_Watkinsville-5-SSE: removed 77 extra cm dates (219 -> 142)
[ 783/920] OK     ISMN_USCRN_Yosemite-Village-12-W: removed 52 extra cm dates (211 -> 159)
[ 784/920] OK     ISMN_USCRN_Las-Cruces-20-N: removed 86 extra cm dates (565 -> 479)
[ 785/920] OK     ISMN_USCRN_Mercury-3-SSW: removed 52 extra cm dates (550 -> 498)
[ 786/920] OK     ISMN_USCRN_Panther-Junction-2-N: removed 46 extra cm dates (251 -> 205)
[ 787/920] OK     ISMN_USCRN_Stovepipe-Wells-1-SW: removed 31 extra cm dates (280 -> 249)
[ 788/920] OK     ISMN_USCRN_Spokane-17-SSW: removed 111 extra cm dates (356 -> 245)
[ 789/920] OK     ISMN_XMS-CAT_Llivia: removed 113 extra cm dates (464 -> 351)
[ 790/920] OK     ISMN_USCRN_Tucson-11-W: removed 39 extra cm dates (303 -> 264)
[ 791/920] OK     ISMN_XMS-CAT_Clarella: removed 127 extra cm dates (333 -> 206)
[ 792/920] OK     ISMN_XMS-CAT_ClotdelesPeresII: removed 79 extra cm dates (282 -> 203)
[ 793/920] OK     ISMN_XMS-CAT_BordaColl: removed 151 extra cm dates (505 -> 354)
[ 794/920] OK     ISMN_iRON_NorthstarAspenGrove: removed 74 extra cm dates (235 -> 161)
[ 795/920] OK     ISMN_XMS-CAT_RiberadeSio: removed 93 extra cm dates (332 -> 239)
[ 796/920] OK     ISMN_iRON_NorthstarTransitionZone: removed 104 extra cm dates (338 -> 234)
[ 797/920] OK     ICOS_CH-Oe2: removed 81 extra cm dates (183 -> 102)
[ 798/920] OK     ISMN_USCRN_Yuma-27-ENE: removed 68 extra cm dates (631 -> 563)
[ 799/920] OK     ISMN_XMS-CAT_ElBoixer: removed 178 extra cm dates (428 -> 250)
[ 800/920] OK     ISMN_XMS-CAT_ElMiracle: removed 158 extra cm dates (487 -> 329)
[ 801/920] OK     ISMN_XMS-CAT_LosCoscolls: removed 128 extra cm dates (464 -> 336)
[ 802/920] OK     ICOS_CZ-Stn: removed 63 extra cm dates (145 -> 82)
[ 803/920] OK     ISMN_XMS-CAT_BatlliudeSort: removed 190 extra cm dates (560 -> 370)
[ 804/920] OK     ISMN_XMS-CAT_CamidelsNerets: removed 133 extra cm dates (491 -> 358)
[ 805/920] OK     ISMN_iRON_SkyMountain: removed 102 extra cm dates (290 -> 188)
[ 806/920] OK     ICOS_ES-Cnd: removed 41 extra cm dates (172 -> 131)
[ 807/920] OK     ISMN_XMS-CAT_LaCultiadAreu: removed 158 extra cm dates (596 -> 438)
[ 808/920] OK     ISMN_iRON_BrushCreek: removed 93 extra cm dates (290 -> 197)
[ 809/920] OK     ISMN_XMS-CAT_SerradeCostaAmpla: removed 98 extra cm dates (337 -> 239)
[ 810/920] OK     ISMN_XMS-CAT_ColldePaller: removed 230 extra cm dates (739 -> 509)
[ 811/920] OK     ICOS_ES-Agu: removed 47 extra cm dates (189 -> 142)
[ 812/920] OK     ISMN_XMS-CAT_Pessonada: removed 111 extra cm dates (490 -> 379)
[ 813/920] OK     ICOS_CZ-RAJ: removed 153 extra cm dates (296 -> 143)
[ 814/920] OK     ICOS_ES-LM1: removed 48 extra cm dates (214 -> 166)
[ 815/920] OK     ICOS_CZ-KrP: removed 170 extra cm dates (291 -> 121)
[ 816/920] OK     ICOS_CH-Lae: removed 122 extra cm dates (303 -> 181)
[ 817/920] OK     ISMN_iRON_GlenwoodSprings: removed 95 extra cm dates (459 -> 364)
[ 818/920] OK     ICOS_ES-LM2: removed 52 extra cm dates (214 -> 162)
[ 819/920] OK     ICOS_CH-Fru: removed 121 extra cm dates (303 -> 182)
[ 820/920] OK     ICOS_FR-FBn: removed 75 extra cm dates (212 -> 137)
[ 821/920] OK     ICOS_DE-Obe: removed 69 extra cm dates (138 -> 69)
[ 822/920] OK     ICOS_CH-Cha: removed 120 extra cm dates (303 -> 183)
[ 823/920] OK     ICOS_FR-Aur: removed 90 extra cm dates (235 -> 145)
[ 824/920] OK     ICOS_IT-BCi: removed 43 extra cm dates (217 -> 174)
[ 825/920] OK     ICOS_ES-Abr: removed 255 extra cm dates (428 -> 173)
[ 826/920] OK     ICOS_RU-Fyo: removed 111 extra cm dates (194 -> 83)
[ 827/920] OK     ICOS_CZ-wet: removed 214 extra cm dates (501 -> 287)
[ 828/920] OK     ICOS_DE-Kli: removed 255 extra cm dates (482 -> 227)
[ 829/920] OK     ICOS_RU-Fy2: removed 63 extra cm dates (145 -> 82)
[ 830/920] OK     ICOS_IL-Yat: removed 56 extra cm dates (243 -> 187)
[ 831/920] OK     ICOS_ES-LMa: removed 64 extra cm dates (270 -> 206)
[ 832/920] OK     ICOS_UK-AMo: removed 103 extra cm dates (165 -> 62)
[ 833/920] OK     AmeriFlux_US-DFC: removed 55 extra cm dates (201 -> 146)
[ 834/920] OK     AmeriFlux_US-ALQ: removed 107 extra cm dates (283 -> 176)
[ 835/920] OK     ICOS_BE-Vie: removed 96 extra cm dates (213 -> 117)
[ 836/920] OK     AmeriFlux_US-Bi2: removed 44 extra cm dates (263 -> 219)
[ 837/920] OK     ICOS_FR-Gri: removed 114 extra cm dates (247 -> 133)
[ 838/920] OK     AmeriFlux_US-BZo: removed 146 extra cm dates (360 -> 214)
[ 839/920] OK     ICOS_FR-Tou: removed 119 extra cm dates (305 -> 186)
[ 840/920] OK     AmeriFlux_US-GLE: removed 67 extra cm dates (186 -> 119)
[ 841/920] OK     ICOS_BE-Lon: removed 195 extra cm dates (421 -> 226)
[ 842/920] OK     ICOS_CH-Dav: removed 157 extra cm dates (396 -> 239)
[ 843/920] OK     AmeriFlux_US-Dmg: removed 22 extra cm dates (185 -> 163)
[ 844/920] OK     AmeriFlux_US-Bi1: removed 63 extra cm dates (438 -> 375)
[ 845/920] OK     AmeriFlux_US-BZB: removed 223 extra cm dates (615 -> 392)
[ 846/920] OK     ICOS_FR-EM2: removed 331 extra cm dates (631 -> 300)
[ 847/920] OK     AmeriFlux_US-EvM: removed 76 extra cm dates (184 -> 108)
[ 848/920] OK     AmeriFlux_US-DS2: removed 22 extra cm dates (211 -> 189)
[ 849/920] OK     ICOS_IT-MBo: removed 164 extra cm dates (388 -> 224)
[ 850/920] OK     AmeriFlux_US-HB1: removed 135 extra cm dates (321 -> 186)
[ 851/920] OK     ICOS_FR-Bil: removed 168 extra cm dates (348 -> 180)
[ 852/920] OK     ICOS_IT-Tor: removed 175 extra cm dates (444 -> 269)
[ 853/920] OK     ICOS_FI-Sii: removed 242 extra cm dates (489 -> 247)
[ 854/920] OK     ICOS_SE-Svb: removed 112 extra cm dates (243 -> 131)
[ 855/920] OK     AmeriFlux_US-Kon: removed 33 extra cm dates (110 -> 77)
[ 856/920] OK     AmeriFlux_US-MMS: removed 56 extra cm dates (134 -> 78)
[ 857/920] OK     AmeriFlux_US-Esm: removed 229 extra cm dates (342 -> 113)
[ 858/920] OK     ICOS_IT-Lsn: removed 178 extra cm dates (571 -> 393)
[ 859/920] OK     AmeriFlux_US-Ho2: removed 53 extra cm dates (137 -> 84)
[ 860/920] OK     AmeriFlux_US-KFS: removed 57 extra cm dates (209 -> 152)
[ 861/920] OK     AmeriFlux_US-Jo2: removed 19 extra cm dates (191 -> 172)
[ 862/920] OK     AmeriFlux_US-HB4: removed 189 extra cm dates (468 -> 279)
[ 863/920] OK     AmeriFlux_US-ICs: removed 226 extra cm dates (360 -> 134)
[ 864/920] OK     AmeriFlux_US-Ho1: removed 100 extra cm dates (253 -> 153)
[ 865/920] OK     AmeriFlux_US-HB3: removed 189 extra cm dates (423 -> 234)
[ 866/920] OK     AmeriFlux_US-Hsm: removed 31 extra cm dates (222 -> 191)
[ 867/920] OK     AmeriFlux_US-ICt: removed 236 extra cm dates (357 -> 121)
[ 868/920] OK     AmeriFlux_US-MN2: removed 88 extra cm dates (265 -> 177)
[ 869/920] OK     ICOS_SE-Deg: removed 246 extra cm dates (490 -> 244)
[ 870/920] OK     ICOS_SE-Nor: removed 251 extra cm dates (478 -> 227)
[ 871/920] OK     AmeriFlux_US-Jo1: removed 34 extra cm dates (224 -> 190)
[ 872/920] OK     ICOS_FI-Ken: removed 298 extra cm dates (556 -> 258)
[ 873/920] OK     AmeriFlux_US-Mo2: removed 70 extra cm dates (218 -> 148)
[ 874/920] OK     AmeriFlux_US-KLS: removed 69 extra cm dates (240 -> 171)
[ 875/920] OK     AmeriFlux_US-NC3: removed 44 extra cm dates (122 -> 78)
[ 876/920] OK     AmeriFlux_US-Me2: removed 58 extra cm dates (168 -> 110)
[ 877/920] OK     AmeriFlux_US-RGB: removed 34 extra cm dates (198 -> 164)
[ 878/920] OK     AmeriFlux_US-UC1: removed 57 extra cm dates (125 -> 68)
[ 879/920] OK     AmeriFlux_US-Mo3: removed 109 extra cm dates (361 -> 252)
[ 880/920] OK     AmeriFlux_US-MN3: removed 60 extra cm dates (209 -> 149)
[ 881/920] OK     AmeriFlux_US-Sne: removed 32 extra cm dates (222 -> 190)
[ 882/920] OK     AmeriFlux_US-Tw4: removed 38 extra cm dates (322 -> 284)
[ 883/920] OK     AmeriFlux_US-Vcp: removed 94 extra cm dates (251 -> 157)
[ 884/920] OK     AmeriFlux_US-MtB: removed 119 extra cm dates (382 -> 263)
[ 885/920] OK     AmeriFlux_US-Ro4: removed 194 extra cm dates (607 -> 413)
[ 886/920] OK     AmeriFlux_US-Mo1: removed 162 extra cm dates (587 -> 425)
[ 887/920] OK     AmeriFlux_US-Wjs: removed 128 extra cm dates (442 -> 314)
[ 888/920] OK     AmeriFlux_US-xCL: removed 64 extra cm dates (211 -> 147)
[ 889/920] OK     AmeriFlux_US-xDL: removed 59 extra cm dates (194 -> 135)
[ 890/920] OK     AmeriFlux_US-Ro5: removed 177 extra cm dates (552 -> 375)
[ 891/920] OK     AmeriFlux_US-RGo: removed 116 extra cm dates (425 -> 309)
[ 892/920] OK     AmeriFlux_US-UMB: removed 135 extra cm dates (313 -> 178)
[ 893/920] OK     AmeriFlux_US-xHA: removed 64 extra cm dates (160 -> 96)
[ 894/920] OK     AmeriFlux_US-Ne2: removed 170 extra cm dates (612 -> 442)
[ 895/920] OK     AmeriFlux_US-Ses: removed 91 extra cm dates (411 -> 320)
[ 896/920] OK     AmeriFlux_US-ONA: removed 173 extra cm dates (282 -> 109)
[ 897/920] OK     AmeriFlux_US-Vcm: removed 169 extra cm dates (398 -> 229)
[ 898/920] OK     AmeriFlux_US-Rls: removed 266 extra cm dates (688 -> 422)
[ 899/920] OK     AmeriFlux_US-Mpj: removed 221 extra cm dates (859 -> 638)
[ 900/920] OK     AmeriFlux_US-xKA: removed 44 extra cm dates (177 -> 133)
[ 901/920] OK     AmeriFlux_US-xBR: removed 79 extra cm dates (163 -> 84)
[ 902/920] OK     AmeriFlux_US-Ro6: removed 175 extra cm dates (552 -> 377)
[ 903/920] OK     AmeriFlux_US-xCP: removed 135 extra cm dates (431 -> 296)
[ 904/920] OK     AmeriFlux_US-SHC: removed 105 extra cm dates (378 -> 273)
[ 905/920] OK     AmeriFlux_US-xJR: removed 75 extra cm dates (459 -> 384)
[ 906/920] OK     AmeriFlux_US-xSC: removed 55 extra cm dates (141 -> 86)
[ 907/920] OK     AmeriFlux_US-xRM: removed 94 extra cm dates (205 -> 111)
[ 908/920] OK     AmeriFlux_US-Rms: removed 275 extra cm dates (690 -> 415)
[ 909/920] OK     AmeriFlux_US-xNG: removed 32 extra cm dates (150 -> 118)
[ 910/920] OK     AmeriFlux_US-Seg: removed 418 extra cm dates (925 -> 507)
[ 911/920] OK     AmeriFlux_US-xJE: removed 149 extra cm dates (365 -> 216)
[ 912/920] OK     AmeriFlux_US-Rwf: removed 327 extra cm dates (687 -> 360)
[ 913/920] OK     AmeriFlux_US-xSJ: removed 48 extra cm dates (203 -> 155)
[ 914/920] OK     AmeriFlux_US-Rws: removed 269 extra cm dates (688 -> 419)
[ 915/920] OK     AmeriFlux_US-xSE: removed 73 extra cm dates (217 -> 144)
[ 916/920] OK     AmeriFlux_US-xDJ: removed 166 extra cm dates (347 -> 181)
[ 917/920] OK     AmeriFlux_US-xUN: removed 180 extra cm dates (242 -> 62)
[ 918/920] OK     AmeriFlux_US-Ne1: removed 186 extra cm dates (678 -> 492)
[ 919/920] OK     AmeriFlux_US-xUK: removed 116 extra cm dates (464 -> 348)
[ 920/920] OK     AmeriFlux_US-xWD: removed 139 extra cm dates (460 -> 321)
Done.
