\BOOKMARK [2][-]{section*.2}{\376\377\000T\000h\000e\000\040\000i\000d\000e\000a\000\040\000i\000n\000\040\000o\000n\000e\000\040\000s\000e\000n\000t\000e\000n\000c\000e}{}% 1
\BOOKMARK [1][-]{section*.3}{\376\377\0000\000.\000\040\000F\000E\000A\000S\000I\000B\000I\000L\000I\000T\000Y}{}% 2
\BOOKMARK [2][-]{section*.4}{\376\377\0000\000.\0001\000\040\000W\000h\000a\000t\000\040\000t\000h\000e\000\040\000d\000a\000t\000a\000\040\000a\000c\000t\000u\000a\000l\000l\000y\000\040\000g\000i\000v\000e\000s}{section*.3}% 3
\BOOKMARK [2][-]{section*.5}{\376\377\0000\000.\0002\000\040\000F\000i\000n\000d\000i\000n\000g\000\040\040\024\000\040\000t\000r\000a\000j\000e\000c\000t\000o\000r\000y\000\040\000o\000u\000t\000p\000u\000t\000\040\000i\000s\000\040\000a\000\040\0003\0006\0005\000\327\000\040\000w\000i\000n}{section*.3}% 4
\BOOKMARK [2][-]{section*.6}{\376\377\0000\000.\0003\000\040\000F\000i\000n\000d\000i\000n\000g\000\040\040\024\000\040\000c\000o\000m\000p\000u\000t\000e\000\040\000i\000s\000\040\000a\000\040\000n\000o\000n\000-\000i\000s\000s\000u\000e}{section*.3}% 5
\BOOKMARK [2][-]{section*.7}{\376\377\0000\000.\0004\000\040\000F\000i\000n\000d\000i\000n\000g\000\040\040\024\000\040\000t\000h\000e\000\040\0002\0001\000\327\000\040\000o\000v\000e\000r\000f\000i\000t\000\040\000i\000s\000\040\000s\000t\000r\000u\000c\000t\000u\000r\000a\000l\000l\000y\000\040\000c\000a\000p\000p\000e\000d}{section*.3}% 6
\BOOKMARK [2][-]{section*.8}{\376\377\0000\000.\0005\000\040\000F\000i\000n\000d\000i\000n\000g\000\040\040\024\000\040\000a\000\040\000l\000e\000a\000k\000\040\000t\000h\000a\000t\000\040\000m\000u\000s\000t\000\040\000b\000e\000\040\000c\000l\000o\000s\000e\000d\000,\000\040\000o\000r\000\040\000t\000h\000i\000s\000\040\000i\000s\000\040\000w\000o\000r\000s\000e\000\040\000t\000h\000a\000n\000\040\000t\000o\000d\000a\000y}{section*.3}% 7
\BOOKMARK [2][-]{section*.9}{\376\377\0000\000.\0006\000\040\000F\000i\000n\000d\000i\000n\000g\000\040\040\024\000\040\000s\000p\000i\000n\000-\000u\000p}{section*.3}% 8
\BOOKMARK [2][-]{section*.10}{\376\377\0000\000.\0007\000\040\000T\000h\000e\000\040\000d\000e\000c\000i\000s\000i\000v\000e\000\040\000p\000r\000e\000-\000G\000P\000U\000\040\000e\000x\000p\000e\000r\000i\000m\000e\000n\000t}{section*.3}% 9
\BOOKMARK [2][-]{section*.11}{\376\377\0000\000.\0008\000\040\000D\000a\000t\000a\000\040\000a\000v\000a\000i\000l\000a\000b\000i\000l\000i\000t\000y}{section*.3}% 10
\BOOKMARK [2][-]{section*.12}{\376\377\0000\000.\0009\000\040\000W\000h\000a\000t\000\040\000w\000o\000u\000l\000d\000\040\000m\000a\000k\000e\000\040\000i\000t\000\040\000i\000n\000f\000e\000a\000s\000i\000b\000l\000e}{section*.3}% 11
\BOOKMARK [1][-]{section*.13}{\376\377\0001\000.\000\040\000T\000H\000E\000\040\000D\000I\000A\000G\000N\000O\000S\000I\000S}{}% 12
\BOOKMARK [1][-]{section*.14}{\376\377\0002\000.\000\040\000T\000H\000E\000\040\000F\000L\000O\000W\000C\000H\000A\000R\000T}{}% 13
\BOOKMARK [1][-]{section*.15}{\376\377\0003\000.\000\040\000B\000L\000O\000C\000K\000\040\000A\000\040\040\024\000\040\000D\000E\000S\000C\000R\000I\000B\000E}{}% 14
\BOOKMARK [2][-]{section*.16}{\376\377\000W\000h\000a\000t\000\040\000i\000t\000\040\000d\000o\000e\000s}{section*.15}% 15
\BOOKMARK [2][-]{section*.17}{\376\377\000E\000q\000u\000a\000t\000i\000o\000n\000s}{section*.15}% 16
\BOOKMARK [2][-]{section*.18}{\376\377\000P\000a\000r\000a\000m\000e\000t\000e\000r\000s}{section*.15}% 17
\BOOKMARK [2][-]{section*.19}{\376\377\000L\000o\000g\000i\000c\000\040\000a\000n\000d\000\040\000f\000o\000u\000n\000d\000a\000t\000i\000o\000n}{section*.15}% 18
\BOOKMARK [1][-]{section*.20}{\376\377\0004\000.\000\040\000B\000L\000O\000C\000K\000\040\000B\000\040\040\024\000\040\000P\000A\000R\000A\000M\000E\000T\000E\000R\000I\000S\000E}{}% 19
\BOOKMARK [2][-]{section*.21}{\376\377\0004\000.\0001\000\040\000B\0001\000\040\040\024\000\040\000c\000e\000l\000l\000\040\000p\000a\000r\000a\000m\000e\000t\000e\000r\000s}{section*.20}% 20
\BOOKMARK [3][-]{section*.22}{\376\377\000W\000h\000a\000t\000\040\000i\000t\000\040\000d\000o\000e\000s}{section*.21}% 21
\BOOKMARK [3][-]{section*.23}{\376\377\000E\000q\000u\000a\000t\000i\000o\000n}{section*.21}% 22
\BOOKMARK [3][-]{section*.24}{\376\377\000P\000a\000r\000a\000m\000e\000t\000e\000r\000s}{section*.21}% 23
\BOOKMARK [3][-]{section*.25}{\376\377\000L\000o\000g\000i\000c\000\040\000a\000n\000d\000\040\000f\000o\000u\000n\000d\000a\000t\000i\000o\000n}{section*.21}% 24
\BOOKMARK [2][-]{section*.26}{\376\377\0004\000.\0002\000\040\000B\0002\000\040\040\024\000\040\000f\000o\000r\000c\000i\000n\000g}{section*.20}% 25
\BOOKMARK [3][-]{section*.27}{\376\377\000W\000h\000a\000t\000\040\000i\000t\000\040\000d\000o\000e\000s}{section*.26}% 26
\BOOKMARK [3][-]{section*.28}{\376\377\000E\000q\000u\000a\000t\000i\000o\000n}{section*.26}% 27
\BOOKMARK [3][-]{section*.29}{\376\377\000P\000a\000r\000a\000m\000e\000t\000e\000r\000s}{section*.26}% 28
\BOOKMARK [3][-]{section*.30}{\376\377\000L\000o\000g\000i\000c\000\040\000a\000n\000d\000\040\000f\000o\000u\000n\000d\000a\000t\000i\000o\000n}{section*.26}% 29
\BOOKMARK [2][-]{section*.31}{\376\377\0004\000.\0003\000\040\000B\0003\000\040\040\024\000\040\000r\000e\000a\000d\000o\000u\000t\000\040\000c\000o\000n\000s\000t\000a\000n\000t\000s}{section*.20}% 30
\BOOKMARK [3][-]{section*.32}{\376\377\000W\000h\000a\000t\000\040\000i\000t\000\040\000d\000o\000e\000s}{section*.31}% 31
\BOOKMARK [3][-]{section*.33}{\376\377\000E\000q\000u\000a\000t\000i\000o\000n}{section*.31}% 32
\BOOKMARK [3][-]{section*.34}{\376\377\000P\000a\000r\000a\000m\000e\000t\000e\000r\000s}{section*.31}% 33
\BOOKMARK [3][-]{section*.35}{\376\377\000L\000o\000g\000i\000c\000\040\000a\000n\000d\000\040\000f\000o\000u\000n\000d\000a\000t\000i\000o\000n}{section*.31}% 34
\BOOKMARK [2][-]{section*.36}{\376\377\0004\000.\0004\000\040\000B\0004\000\040\040\024\000\040\000c\000a\000t\000c\000h\000m\000e\000n\000t}{section*.20}% 35
\BOOKMARK [3][-]{section*.37}{\376\377\000W\000h\000a\000t\000\040\000i\000t\000\040\000d\000o\000e\000s}{section*.36}% 36
\BOOKMARK [3][-]{section*.38}{\376\377\000E\000q\000u\000a\000t\000i\000o\000n\000s}{section*.36}% 37
\BOOKMARK [3][-]{section*.39}{\376\377\000P\000a\000r\000a\000m\000e\000t\000e\000r\000s}{section*.36}% 38
\BOOKMARK [3][-]{section*.40}{\376\377\000L\000o\000g\000i\000c\000\040\000a\000n\000d\000\040\000f\000o\000u\000n\000d\000a\000t\000i\000o\000n}{section*.36}% 39
\BOOKMARK [1][-]{section*.41}{\376\377\0005\000.\000\040\000B\000L\000O\000C\000K\000\040\000C\000\040\040\024\000\040\000S\000I\000M\000U\000L\000A\000T\000E}{}% 40
\BOOKMARK [2][-]{section*.42}{\376\377\000E\000q\000u\000a\000t\000i\000o\000n\000s}{section*.41}% 41
\BOOKMARK [2][-]{section*.43}{\376\377\000L\000o\000g\000i\000c\000\040\000a\000n\000d\000\040\000f\000o\000u\000n\000d\000a\000t\000i\000o\000n}{section*.41}% 42
\BOOKMARK [2][-]{section*.44}{\376\377\000S\000e\000n\000t\000i\000n\000e\000l\000-\0001\000\040\000a\000s\000s\000i\000m\000i\000l\000a\000t\000i\000o\000n}{section*.41}% 43
\BOOKMARK [1][-]{section*.45}{\376\377\0006\000.\000\040\000B\000L\000O\000C\000K\000\040\000D\000\040\040\024\000\040\000O\000B\000S\000E\000R\000V\000E}{}% 44
\BOOKMARK [2][-]{section*.46}{\376\377\000E\000q\000u\000a\000t\000i\000o\000n}{section*.45}% 45
\BOOKMARK [2][-]{section*.47}{\376\377\000T\000h\000e\000\040\000t\000h\000r\000e\000e\000\040\000l\000o\000s\000s\000e\000s}{section*.45}% 46
\BOOKMARK [1][-]{section*.48}{\376\377\0007\000.\000\040\000C\000O\000M\000P\000L\000E\000T\000E\000\040\000P\000A\000R\000A\000M\000E\000T\000E\000R\000\040\000I\000N\000V\000E\000N\000T\000O\000R\000Y}{}% 47
\BOOKMARK [2][-]{section*.49}{\376\377\000N\000e\000w\000\040\000n\000e\000t\000w\000o\000r\000k\000\040\000p\000a\000r\000a\000m\000e\000t\000e\000r\000s}{section*.48}% 48
\BOOKMARK [2][-]{section*.50}{\376\377\000W\000h\000a\000t\000\040\000i\000s\000\040\000k\000e\000p\000t\000,\000\040\000c\000h\000a\000n\000g\000e\000d\000,\000\040\000d\000e\000l\000e\000t\000e\000d}{section*.48}% 49
\BOOKMARK [1][-]{section*.51}{\376\377\0008\000.\000\040\000B\000U\000I\000L\000D\000\040\000L\000A\000D\000D\000E\000R}{}% 50
\BOOKMARK [1][-]{section*.52}{\376\377\0009\000.\000\040\000G\000A\000T\000E\000S}{}% 51
\BOOKMARK [2][-]{section*.53}{\376\377\000B\000e\000f\000o\000r\000e\000\040\000a\000n\000y\000\040\000G\000P\000U}{section*.52}% 52
\BOOKMARK [2][-]{section*.54}{\376\377\000A\000f\000t\000e\000r\000\040\000t\000r\000a\000i\000n\000i\000n\000g}{section*.52}% 53
\BOOKMARK [1][-]{section*.55}{\376\377\0001\0000\000.\000\040\000K\000N\000O\000W\000N\000\040\000W\000E\000A\000K\000N\000E\000S\000S\000E\000S\000,\000\040\000S\000T\000A\000T\000E\000D\000\040\000B\000E\000F\000O\000R\000E\000\040\000B\000U\000I\000L\000D\000I\000N\000G}{}% 54
\BOOKMARK [2][-]{section*.56}{\376\377\0001\0000\000.\0001\000\040\000\247\0002\0007\000b\000'\000s\000\040\000c\000e\000i\000l\000i\000n\000g\000\040\000m\000a\000y\000\040\000b\000e\000\040\000r\000e\000a\000l}{section*.55}% 55
\BOOKMARK [2][-]{section*.57}{\376\377\0001\0000\000.\0002\000\040\000E\000q\000u\000i\000f\000i\000n\000a\000l\000i\000t\000y\000\040\000o\000f\000\040\000p\000a\000r\000a\000m\000e\000t\000e\000r\000s\000\040\000i\000s\000\040\000N\000O\000T\000\040\000c\000u\000r\000e\000d}{section*.55}% 56
\BOOKMARK [2][-]{section*.58}{\376\377\0001\0000\000.\0003\000\040\000T\000h\000e\000\040\000n\000e\000a\000r\000-\000f\000i\000e\000l\000d\000\040\000b\000o\000u\000n\000d\000a\000r\000y\000\040\000p\000r\000o\000b\000l\000e\000m\000\040\000i\000s\000\040\000r\000e\000a\000l\000,\000\040\000a\000n\000d\000\040\000V\0006\000\040\000r\000e\000i\000n\000t\000r\000o\000d\000u\000c\000e\000s\000\040\000i\000t}{section*.55}% 57
\BOOKMARK [2][-]{section*.59}{\376\377\0001\0000\000.\0004\000\040\000T\000O\000P\000M\000O\000D\000E\000L\000'\000s\000\040\000q\000u\000a\000s\000i\000-\000s\000t\000e\000a\000d\000y\000\040\000a\000s\000s\000u\000m\000p\000t\000i\000o\000n}{section*.55}% 58
\BOOKMARK [2][-]{section*.60}{\376\377\0001\0000\000.\0005\000\040\000G\000e\000t\000t\000i\000n\000g\000\040\000t\000h\000e\000\040\000p\000h\000y\000s\000i\000c\000s\000\040\000w\000r\000o\000n\000g\000\040\000i\000s\000\040\000a\000\040\000f\000a\000i\000l\000u\000r\000e\000\040\000m\000o\000d\000e\000\040\000a\000\040\000b\000l\000a\000c\000k\000\040\000b\000o\000x\000\040\000d\000o\000e\000s\000\040\000n\000o\000t\000\040\000h\000a\000v\000e}{section*.55}% 59
\BOOKMARK [2][-]{section*.61}{\376\377\0001\0000\000.\0006\000\040\000T\000h\000e\000\040\000o\000p\000t\000i\000m\000i\000s\000a\000t\000i\000o\000n\000\040\000r\000e\000g\000i\000m\000e\000\040\000i\000s\000\040\000u\000n\000t\000e\000s\000t\000e\000d}{section*.55}% 60
\BOOKMARK [2][-]{section*.62}{\376\377\0001\0000\000.\0007\000\040\000I\000t\000\040\000w\000i\000l\000l\000\040\000n\000o\000t\000\040\000p\000r\000o\000d\000u\000c\000e\000\040\000s\000t\000r\000u\000c\000t\000u\000r\000e\000\040\000b\000e\000l\000o\000w\000\040\0003\0002\000\040\000m}{section*.55}% 61
\BOOKMARK [2][-]{section*.63}{\376\377\0001\0000\000.\0008\000\040\000f\000\040\000r\000e\000s\000t\000s\000\040\000o\000n\000\040\0007\0005\000\040\000p\000a\000i\000r\000s}{section*.55}% 62
\BOOKMARK [1][-]{section*.64}{\376\377\000A\000P\000P\000E\000N\000D\000I\000X\000\040\000A\000\040\040\024\000\040\000t\000h\000e\000\040\000l\000o\000o\000p\000,\000\040\000w\000i\000t\000h\000\040\000n\000u\000m\000b\000e\000r\000s}{}% 63
\BOOKMARK [1][-]{section*.65}{\376\377\000A\000P\000P\000E\000N\000D\000I\000X\000\040\000B\000\040\040\024\000\040\000c\000o\000m\000p\000a\000r\000i\000s\000o\000n\000\040\000w\000i\000t\000h\000\040\000\247\0003\0001}{}% 64
\BOOKMARK [1][-]{section*.66}{\376\377\000R\000E\000F\000E\000R\000E\000N\000C\000E\000S}{}% 65
